Uninstalled 1 package in 9ms
Installed 1 package in 4ms
2026-09-08 17:26:09.349 Python[82056:13629362] 2026-09-08 17:26:09.348966 [W:onnxruntime:, constant_folding.cc:581 ApplyImpl] Could not find a CPU kernel and hence can't constant fold Sqrt node '/model/transformer/layers.0/self_attn/Sqrt'
2026-09-08 17:26:09.350 Python[82056:13629362] 2026-09-08 17:26:09.350073 [W:onnxruntime:, constant_folding.cc:581 ApplyImpl] Could not find a CPU kernel and hence can't constant fold Sqrt node '/model/transformer/layers.0/multihead_attn/Sqrt'
2026-09-08 17:26:09.353 Python[82056:13629362] 2026-09-08 17:26:09.353221 [W:onnxruntime:, constant_folding.cc:581 ApplyImpl] Could not find a CPU kernel and hence can't constant fold Sqrt node '/model/transformer/layers.1/self_attn/Sqrt'
2026-09-08 17:26:09.353 Python[82056:13629362] 2026-09-08 17:26:09.353900 [W:onnxruntime:, constant_folding.cc:581 ApplyImpl] Could not find a CPU kernel and hence can't constant fold Sqrt node '/model/transformer/layers.1/multihead_attn/Sqrt'
2026-09-08 17:26:09.354 Python[82056:13629362] 2026-09-08 17:26:09.354847 [W:onnxruntime:, constant_folding.cc:581 ApplyImpl] Could not find a CPU kernel and hence can't constant fold Sqrt node '/model/transformer/layers.2/self_attn/Sqrt'
2026-09-08 17:26:09.355 Python[82056:13629362] 2026-09-08 17:26:09.355571 [W:onnxruntime:, constant_folding.cc:581 ApplyImpl] Could not find a CPU kernel and hence can't constant fold Sqrt node '/model/transformer/layers.2/multihead_attn/Sqrt'
2026-09-08 17:26:09.356 Python[82056:13629362] 2026-09-08 17:26:09.356503 [W:onnxruntime:, constant_folding.cc:581 ApplyImpl] Could not find a CPU kernel and hence can't constant fold Sqrt node '/model/transformer/layers.3/self_attn/Sqrt'
2026-09-08 17:26:09.357 Python[82056:13629362] 2026-09-08 17:26:09.357085 [W:onnxruntime:, constant_folding.cc:581 ApplyImpl] Could not find a CPU kernel and hence can't constant fold Sqrt node '/model/transformer/layers.3/multihead_attn/Sqrt'
2026-09-08 17:26:09.375 Python[82056:13629362] 2026-09-08 17:26:09.375611 [W:onnxruntime:, constant_folding.cc:581 ApplyImpl] Could not find a CPU kernel and hence can't constant fold Sqrt node '/model/transformer/layers.3/multihead_attn/Sqrt'
2026-09-08 17:26:09.375 Python[82056:13629362] 2026-09-08 17:26:09.375692 [W:onnxruntime:, constant_folding.cc:581 ApplyImpl] Could not find a CPU kernel and hence can't constant fold Sqrt node '/model/transformer/layers.3/self_attn/Sqrt'
2026-09-08 17:26:09.375 Python[82056:13629362] 2026-09-08 17:26:09.375724 [W:onnxruntime:, constant_folding.cc:581 ApplyImpl] Could not find a CPU kernel and hence can't constant fold Sqrt node '/model/transformer/layers.2/multihead_attn/Sqrt'
2026-09-08 17:26:09.375 Python[82056:13629362] 2026-09-08 17:26:09.375749 [W:onnxruntime:, constant_folding.cc:581 ApplyImpl] Could not find a CPU kernel and hence can't constant fold Sqrt node '/model/transformer/layers.2/self_attn/Sqrt'
2026-09-08 17:26:09.375 Python[82056:13629362] 2026-09-08 17:26:09.375772 [W:onnxruntime:, constant_folding.cc:581 ApplyImpl] Could not find a CPU kernel and hence can't constant fold Sqrt node '/model/transformer/layers.1/multihead_attn/Sqrt'
2026-09-08 17:26:09.375 Python[82056:13629362] 2026-09-08 17:26:09.375795 [W:onnxruntime:, constant_folding.cc:581 ApplyImpl] Could not find a CPU kernel and hence can't constant fold Sqrt node '/model/transformer/layers.1/self_attn/Sqrt'
2026-09-08 17:26:09.375 Python[82056:13629362] 2026-09-08 17:26:09.375819 [W:onnxruntime:, constant_folding.cc:581 ApplyImpl] Could not find a CPU kernel and hence can't constant fold Sqrt node '/model/transformer/layers.0/multihead_attn/Sqrt'
2026-09-08 17:26:09.375 Python[82056:13629362] 2026-09-08 17:26:09.375840 [W:onnxruntime:, constant_folding.cc:581 ApplyImpl] Could not find a CPU kernel and hence can't constant fold Sqrt node '/model/transformer/layers.0/self_attn/Sqrt'
2026-09-08 17:26:34.195 Python[82056:13629362] 2026-09-08 17:26:34.195612 [W:onnxruntime:, constant_folding.cc:581 ApplyImpl] Could not find a CPU kernel and hence can't constant fold Sqrt node '/model/transformer/layers.0/self_attn/Sqrt'
2026-09-08 17:26:34.196 Python[82056:13629362] 2026-09-08 17:26:34.196453 [W:onnxruntime:, constant_folding.cc:581 ApplyImpl] Could not find a CPU kernel and hence can't constant fold Sqrt node '/model/transformer/layers.0/multihead_attn/Sqrt'
2026-09-08 17:26:34.199 Python[82056:13629362] 2026-09-08 17:26:34.199259 [W:onnxruntime:, constant_folding.cc:581 ApplyImpl] Could not find a CPU kernel and hence can't constant fold Sqrt node '/model/transformer/layers.1/self_attn/Sqrt'
2026-09-08 17:26:34.199 Python[82056:13629362] 2026-09-08 17:26:34.199791 [W:onnxruntime:, constant_folding.cc:581 ApplyImpl] Could not find a CPU kernel and hence can't constant fold Sqrt node '/model/transformer/layers.1/multihead_attn/Sqrt'
2026-09-08 17:26:34.200 Python[82056:13629362] 2026-09-08 17:26:34.200790 [W:onnxruntime:, constant_folding.cc:581 ApplyImpl] Could not find a CPU kernel and hence can't constant fold Sqrt node '/model/transformer/layers.2/self_attn/Sqrt'
2026-09-08 17:26:34.201 Python[82056:13629362] 2026-09-08 17:26:34.201341 [W:onnxruntime:, constant_folding.cc:581 ApplyImpl] Could not find a CPU kernel and hence can't constant fold Sqrt node '/model/transformer/layers.2/multihead_attn/Sqrt'
2026-09-08 17:26:34.201 Python[82056:13629362] 2026-09-08 17:26:34.202212 [W:onnxruntime:, constant_folding.cc:581 ApplyImpl] Could not find a CPU kernel and hence can't constant fold Sqrt node '/model/transformer/layers.3/self_attn/Sqrt'
2026-09-08 17:26:34.202 Python[82056:13629362] 2026-09-08 17:26:34.202784 [W:onnxruntime:, constant_folding.cc:581 ApplyImpl] Could not find a CPU kernel and hence can't constant fold Sqrt node '/model/transformer/layers.3/multihead_attn/Sqrt'
2026-09-08 17:26:34.220 Python[82056:13629362] 2026-09-08 17:26:34.221118 [W:onnxruntime:, constant_folding.cc:581 ApplyImpl] Could not find a CPU kernel and hence can't constant fold Sqrt node '/model/transformer/layers.3/multihead_attn/Sqrt'
2026-09-08 17:26:34.220 Python[82056:13629362] 2026-09-08 17:26:34.221169 [W:onnxruntime:, constant_folding.cc:581 ApplyImpl] Could not find a CPU kernel and hence can't constant fold Sqrt node '/model/transformer/layers.3/self_attn/Sqrt'
2026-09-08 17:26:34.220 Python[82056:13629362] 2026-09-08 17:26:34.221193 [W:onnxruntime:, constant_folding.cc:581 ApplyImpl] Could not find a CPU kernel and hence can't constant fold Sqrt node '/model/transformer/layers.2/multihead_attn/Sqrt'
2026-09-08 17:26:34.220 Python[82056:13629362] 2026-09-08 17:26:34.221214 [W:onnxruntime:, constant_folding.cc:581 ApplyImpl] Could not find a CPU kernel and hence can't constant fold Sqrt node '/model/transformer/layers.2/self_attn/Sqrt'
2026-09-08 17:26:34.220 Python[82056:13629362] 2026-09-08 17:26:34.221234 [W:onnxruntime:, constant_folding.cc:581 ApplyImpl] Could not find a CPU kernel and hence can't constant fold Sqrt node '/model/transformer/layers.1/multihead_attn/Sqrt'
2026-09-08 17:26:34.220 Python[82056:13629362] 2026-09-08 17:26:34.221254 [W:onnxruntime:, constant_folding.cc:581 ApplyImpl] Could not find a CPU kernel and hence can't constant fold Sqrt node '/model/transformer/layers.1/self_attn/Sqrt'
2026-09-08 17:26:34.221 Python[82056:13629362] 2026-09-08 17:26:34.221274 [W:onnxruntime:, constant_folding.cc:581 ApplyImpl] Could not find a CPU kernel and hence can't constant fold Sqrt node '/model/transformer/layers.0/multihead_attn/Sqrt'
2026-09-08 17:26:34.221 Python[82056:13629362] 2026-09-08 17:26:34.221293 [W:onnxruntime:, constant_folding.cc:581 ApplyImpl] Could not find a CPU kernel and hence can't constant fold Sqrt node '/model/transformer/layers.0/self_attn/Sqrt'
{"scope": "two selected frames, same normalized input; numeric disagreement is not ground-truth accuracy", "modes": ["coreml-strict", "cpu"], "raw_coordinates_saved": false, "rows": [{"source_sha256": "f0346fc4539e6b8f17c67287f6827a3d775459307c3eff515ac574134986414d", "sequence": 1200, "pts": 614912, "people": 1, "comparisons": [{"slot": 0, "max_2d_disagreement_px": 6.818758964538574, "max_3d_joint_disagreement_m": 0.0053332531824707985, "coreml_wrist_out_of_frame": [true, true], "cpu_wrist_out_of_frame": [true, true], "dwpose_body_wrist_in_frame_and_valid": [true, true], "left_hand_coreml_points_outside": 21, "right_hand_coreml_points_outside": 21}]}, {"source_sha256": "6089f23e171d0cc5d4481328f8a476e39a9f1bc74bf1ee17108dd74ad35e6f72", "sequence": 1200, "pts": 1818130, "people": 1, "comparisons": [{"slot": 0, "max_2d_disagreement_px": 1.2566148042678833, "max_3d_joint_disagreement_m": 0.0015545290661975741, "coreml_wrist_out_of_frame": [false, false], "cpu_wrist_out_of_frame": [false, false], "dwpose_body_wrist_in_frame_and_valid": [true, true], "left_hand_coreml_points_outside": 0, "right_hand_coreml_points_outside": 0}]}]}
