objc[20853]: Class SDL_RumbleMotor is implemented in both ./.venv/lib/python3.12/site-packages/cv2/.dylibs/libSDL2-2.0.0.dylib (0x11bc1cd40) and <USER_HOME>/.cache/uv/archive-v0/e93mbMASjXamRryxWqZr3/lib/python3.12/site-packages/pygame/.dylibs/libSDL2-2.0.0.dylib (0x11db249c8). This may cause spurious casting failures and mysterious crashes. One of the duplicates must be removed or renamed.
objc[20853]: Class SDL_RumbleContext is implemented in both ./.venv/lib/python3.12/site-packages/cv2/.dylibs/libSDL2-2.0.0.dylib (0x11bc1cd90) and <USER_HOME>/.cache/uv/archive-v0/e93mbMASjXamRryxWqZr3/lib/python3.12/site-packages/pygame/.dylibs/libSDL2-2.0.0.dylib (0x11db24a18). This may cause spurious casting failures and mysterious crashes. One of the duplicates must be removed or renamed.
objc[20853]: Class SDLApplication is implemented in both ./.venv/lib/python3.12/site-packages/cv2/.dylibs/libSDL2-2.0.0.dylib (0x11bc1c890) and <USER_HOME>/.cache/uv/archive-v0/e93mbMASjXamRryxWqZr3/lib/python3.12/site-packages/pygame/.dylibs/libSDL2-2.0.0.dylib (0x11db24a68). This may cause spurious casting failures and mysterious crashes. One of the duplicates must be removed or renamed.
objc[20853]: Class SDLAppDelegate is implemented in both ./.venv/lib/python3.12/site-packages/cv2/.dylibs/libSDL2-2.0.0.dylib (0x11bc1c8e0) and <USER_HOME>/.cache/uv/archive-v0/e93mbMASjXamRryxWqZr3/lib/python3.12/site-packages/pygame/.dylibs/libSDL2-2.0.0.dylib (0x11db24ab8). This may cause spurious casting failures and mysterious crashes. One of the duplicates must be removed or renamed.
objc[20853]: Class SDLTranslatorResponder is implemented in both ./.venv/lib/python3.12/site-packages/cv2/.dylibs/libSDL2-2.0.0.dylib (0x11bc1c958) and <USER_HOME>/.cache/uv/archive-v0/e93mbMASjXamRryxWqZr3/lib/python3.12/site-packages/pygame/.dylibs/libSDL2-2.0.0.dylib (0x11db24b30). This may cause spurious casting failures and mysterious crashes. One of the duplicates must be removed or renamed.
objc[20853]: Class SDLMessageBoxPresenter is implemented in both ./.venv/lib/python3.12/site-packages/cv2/.dylibs/libSDL2-2.0.0.dylib (0x11bc1c980) and <USER_HOME>/.cache/uv/archive-v0/e93mbMASjXamRryxWqZr3/lib/python3.12/site-packages/pygame/.dylibs/libSDL2-2.0.0.dylib (0x11db24b58). This may cause spurious casting failures and mysterious crashes. One of the duplicates must be removed or renamed.
objc[20853]: Class SDL_cocoametalview is implemented in both ./.venv/lib/python3.12/site-packages/cv2/.dylibs/libSDL2-2.0.0.dylib (0x11bc1c9d0) and <USER_HOME>/.cache/uv/archive-v0/e93mbMASjXamRryxWqZr3/lib/python3.12/site-packages/pygame/.dylibs/libSDL2-2.0.0.dylib (0x11db24ba8). This may cause spurious casting failures and mysterious crashes. One of the duplicates must be removed or renamed.
objc[20853]: Class SDLOpenGLContext is implemented in both ./.venv/lib/python3.12/site-packages/cv2/.dylibs/libSDL2-2.0.0.dylib (0x11bc1ca20) and <USER_HOME>/.cache/uv/archive-v0/e93mbMASjXamRryxWqZr3/lib/python3.12/site-packages/pygame/.dylibs/libSDL2-2.0.0.dylib (0x11db24bf8). This may cause spurious casting failures and mysterious crashes. One of the duplicates must be removed or renamed.
objc[20853]: Class SDL_ShapeData is implemented in both ./.venv/lib/python3.12/site-packages/cv2/.dylibs/libSDL2-2.0.0.dylib (0x11bc1ca98) and <USER_HOME>/.cache/uv/archive-v0/e93mbMASjXamRryxWqZr3/lib/python3.12/site-packages/pygame/.dylibs/libSDL2-2.0.0.dylib (0x11db24c70). This may cause spurious casting failures and mysterious crashes. One of the duplicates must be removed or renamed.
objc[20853]: Class SDL_CocoaClosure is implemented in both ./.venv/lib/python3.12/site-packages/cv2/.dylibs/libSDL2-2.0.0.dylib (0x11bc1cae8) and <USER_HOME>/.cache/uv/archive-v0/e93mbMASjXamRryxWqZr3/lib/python3.12/site-packages/pygame/.dylibs/libSDL2-2.0.0.dylib (0x11db24cc0). This may cause spurious casting failures and mysterious crashes. One of the duplicates must be removed or renamed.
objc[20853]: Class SDL_VideoData is implemented in both ./.venv/lib/python3.12/site-packages/cv2/.dylibs/libSDL2-2.0.0.dylib (0x11bc1cb38) and <USER_HOME>/.cache/uv/archive-v0/e93mbMASjXamRryxWqZr3/lib/python3.12/site-packages/pygame/.dylibs/libSDL2-2.0.0.dylib (0x11db24d10). This may cause spurious casting failures and mysterious crashes. One of the duplicates must be removed or renamed.
objc[20853]: Class SDL_WindowData is implemented in both ./.venv/lib/python3.12/site-packages/cv2/.dylibs/libSDL2-2.0.0.dylib (0x11bc1cb88) and <USER_HOME>/.cache/uv/archive-v0/e93mbMASjXamRryxWqZr3/lib/python3.12/site-packages/pygame/.dylibs/libSDL2-2.0.0.dylib (0x11db24d60). This may cause spurious casting failures and mysterious crashes. One of the duplicates must be removed or renamed.
objc[20853]: Class SDLWindow is implemented in both ./.venv/lib/python3.12/site-packages/cv2/.dylibs/libSDL2-2.0.0.dylib (0x11bc1cbb0) and <USER_HOME>/.cache/uv/archive-v0/e93mbMASjXamRryxWqZr3/lib/python3.12/site-packages/pygame/.dylibs/libSDL2-2.0.0.dylib (0x11db24d88). This may cause spurious casting failures and mysterious crashes. One of the duplicates must be removed or renamed.
objc[20853]: Class Cocoa_WindowListener is implemented in both ./.venv/lib/python3.12/site-packages/cv2/.dylibs/libSDL2-2.0.0.dylib (0x11bc1cbd8) and <USER_HOME>/.cache/uv/archive-v0/e93mbMASjXamRryxWqZr3/lib/python3.12/site-packages/pygame/.dylibs/libSDL2-2.0.0.dylib (0x11db24db0). This may cause spurious casting failures and mysterious crashes. One of the duplicates must be removed or renamed.
objc[20853]: Class SDLView is implemented in both ./.venv/lib/python3.12/site-packages/cv2/.dylibs/libSDL2-2.0.0.dylib (0x11bc1cc50) and <USER_HOME>/.cache/uv/archive-v0/e93mbMASjXamRryxWqZr3/lib/python3.12/site-packages/pygame/.dylibs/libSDL2-2.0.0.dylib (0x11db24e28). This may cause spurious casting failures and mysterious crashes. One of the duplicates must be removed or renamed.
objc[20853]: Class METAL_RenderData is implemented in both ./.venv/lib/python3.12/site-packages/cv2/.dylibs/libSDL2-2.0.0.dylib (0x11bc1ccc8) and <USER_HOME>/.cache/uv/archive-v0/e93mbMASjXamRryxWqZr3/lib/python3.12/site-packages/pygame/.dylibs/libSDL2-2.0.0.dylib (0x11db24ea0). This may cause spurious casting failures and mysterious crashes. One of the duplicates must be removed or renamed.
objc[20853]: Class METAL_TextureData is implemented in both ./.venv/lib/python3.12/site-packages/cv2/.dylibs/libSDL2-2.0.0.dylib (0x11bc1cd18) and <USER_HOME>/.cache/uv/archive-v0/e93mbMASjXamRryxWqZr3/lib/python3.12/site-packages/pygame/.dylibs/libSDL2-2.0.0.dylib (0x11db24ef0). This may cause spurious casting failures and mysterious crashes. One of the duplicates must be removed or renamed.
[0;93m2026-09-08 09:44:54.844500 [W:onnxruntime:, coreml_execution_provider.cc:113 GetCapability] CoreMLExecutionProvider::GetCapability, number of partitions supported by CoreML: 7 number of nodes in the graph: 244 number of nodes supported by CoreML: 238[m
[0;93m2026-09-08 09:44:55.554603 [W:onnxruntime:, coreml_execution_provider.cc:113 GetCapability] CoreMLExecutionProvider::GetCapability, number of partitions supported by CoreML: 7 number of nodes in the graph: 244 number of nodes supported by CoreML: 238[m
pygame-ce 2.5.8 (SDL 2.32.10, Python 3.12.10)
source-pts-ready-cvlut: 300/1200
source-pts-ready-cvlut: 600/1200
source-pts-ready-cvlut: 900/1200
source-pts-ready-cvlut: 1200/1200
{"status": "completed", "error": null}
