Uninstalled 1 package in 8ms
Installed 1 package in 3ms
2026-09-08 09:52:52.873 Python[32775:12130199] profile function : main
2026-09-08 09:52:52.875 Python[32775:12130199] Operation: ios18.slice_by_index, Device Usage: <MLGPUComputeDevice: 0x11c0d5bf0> Apple M5, Estimated Cost: 0.007490
2026-09-08 09:52:52.875 Python[32775:12130199] Operation: ios18.slice_by_index, Device Usage: <MLGPUComputeDevice: 0x11c0d5bf0> Apple M5, Estimated Cost: 0.003745
2026-09-08 09:52:52.875 Python[32775:12130199] Operation: ios18.slice_by_index, Device Usage: <MLGPUComputeDevice: 0x11c0d5bf0> Apple M5, Estimated Cost: 0.003745
2026-09-08 09:52:52.875 Python[32775:12130199] Operation: ios18.slice_by_index, Device Usage: <MLGPUComputeDevice: 0x11c0d5bf0> Apple M5, Estimated Cost: 0.007490
2026-09-08 09:52:52.875 Python[32775:12130199] Operation: ios18.slice_by_index, Device Usage: <MLGPUComputeDevice: 0x11c0d5bf0> Apple M5, Estimated Cost: 0.003745
2026-09-08 09:52:52.875 Python[32775:12130199] Operation: ios18.slice_by_index, Device Usage: <MLGPUComputeDevice: 0x11c0d5bf0> Apple M5, Estimated Cost: 0.003745
2026-09-08 09:52:52.876 Python[32775:12130199] Operation: ios18.concat, Device Usage: <MLGPUComputeDevice: 0x11c0d5bf0> Apple M5, Estimated Cost: 0.009114
2026-09-08 09:52:52.876 Python[32775:12130199] Operation: ios18.conv, Device Usage: <MLGPUComputeDevice: 0x11c0d5bf0> Apple M5, Estimated Cost: 0.019268
2026-09-08 09:52:52.876 Python[32775:12130199] Operation: ios18.sigmoid, Device Usage: <MLGPUComputeDevice: 0x11c0d5bf0> Apple M5, Estimated Cost: 0.019972
2026-09-08 09:52:52.876 Python[32775:12130199] Operation: ios18.mul, Device Usage: <MLGPUComputeDevice: 0x11c0d5bf0> Apple M5, Estimated Cost: 0.024305
2026-09-08 09:52:52.876 Python[32775:12130199] Operation: ios18.conv, Device Usage: <MLGPUComputeDevice: 0x11c0d5bf0> Apple M5, Estimated Cost: 0.019224
2026-09-08 09:52:52.876 Python[32775:12130199] Operation: ios18.sigmoid, Device Usage: <MLGPUComputeDevice: 0x11c0d5bf0> Apple M5, Estimated Cost: 0.009986
2026-09-08 09:52:52.876 Python[32775:12130199] Operation: ios18.mul, Device Usage: <MLGPUComputeDevice: 0x11c0d5bf0> Apple M5, Estimated Cost: 0.012152
2026-09-08 09:52:52.876 Python[32775:12130199] Operation: ios18.conv, Device Usage: <MLGPUComputeDevice: 0x11c0d5bf0> Apple M5, Estimated Cost: 0.001507
2026-09-08 09:52:52.876 Python[32775:12130199] Operation: ios18.sigmoid, Device Usage: <MLGPUComputeDevice: 0x11c0d5bf0> Apple M5, Estimated Cost: 0.004993
2026-09-08 09:52:52.876 Python[32775:12130199] Operation: ios18.mul, Device Usage: <MLGPUComputeDevice: 0x11c0d5bf0> Apple M5, Estimated Cost: 0.006076
2026-09-08 09:52:52.877 Python[32775:12130199] Operation: ios18.conv, Device Usage: <MLGPUComputeDevice: 0x11c0d5bf0> Apple M5, Estimated Cost: 0.002181
2026-09-08 09:52:52.877 Python[32775:12130199] Operation: ios18.sigmoid, Device Usage: <MLGPUComputeDevice: 0x11c0d5bf0> Apple M5, Estimated Cost: 0.004993
2026-09-08 09:52:52.877 Python[32775:12130199] Operation: ios18.mul, Device Usage: <MLGPUComputeDevice: 0x11c0d5bf0> Apple M5, Estimated Cost: 0.006076
2026-09-08 09:52:52.877 Python[32775:12130199] Operation: ios18.conv, Device Usage: <MLGPUComputeDevice: 0x11c0d5bf0> Apple M5, Estimated Cost: 0.009612
2026-09-08 09:52:52.877 Python[32775:12130199] Operation: ios18.sigmoid, Device Usage: <MLGPUComputeDevice: 0x11c0d5bf0> Apple M5, Estimated Cost: 0.004993
2026-09-08 09:52:52.877 Python[32775:12130199] Operation: ios18.mul, Device Usage: <MLGPUComputeDevice: 0x11c0d5bf0> Apple M5, Estimated Cost: 0.006076
2026-09-08 09:52:52.877 Python[32775:12130199] Operation: ios18.add, Device Usage: <MLGPUComputeDevice: 0x11c0d5bf0> Apple M5, Estimated Cost: 0.006649
2026-09-08 09:52:52.877 Python[32775:12130199] Operation: ios18.conv, Device Usage: <MLGPUComputeDevice: 0x11c0d5bf0> Apple M5, Estimated Cost: 0.001507
2026-09-08 09:52:52.877 Python[32775:12130199] Operation: ios18.sigmoid, Device Usage: <MLGPUComputeDevice: 0x11c0d5bf0> Apple M5, Estimated Cost: 0.004993
2026-09-08 09:52:52.877 Python[32775:12130199] Operation: ios18.mul, Device Usage: <MLGPUComputeDevice: 0x11c0d5bf0> Apple M5, Estimated Cost: 0.006076
2026-09-08 09:52:52.877 Python[32775:12130199] Operation: ios18.concat, Device Usage: <MLGPUComputeDevice: 0x11c0d5bf0> Apple M5, Estimated Cost: 0.009114
2026-09-08 09:52:52.877 Python[32775:12130199] Operation: ios18.conv, Device Usage: <MLGPUComputeDevice: 0x11c0d5bf0> Apple M5, Estimated Cost: 0.003013
2026-09-08 09:52:52.878 Python[32775:12130199] Operation: ios18.sigmoid, Device Usage: <MLGPUComputeDevice: 0x11c0d5bf0> Apple M5, Estimated Cost: 0.009986
2026-09-08 09:52:52.878 Python[32775:12130199] Operation: ios18.mul, Device Usage: <MLGPUComputeDevice: 0x11c0d5bf0> Apple M5, Estimated Cost: 0.012152
2026-09-08 09:52:52.878 Python[32775:12130199] Operation: ios18.conv, Device Usage: <MLGPUComputeDevice: 0x11c0d5bf0> Apple M5, Estimated Cost: 0.019202
2026-09-08 09:52:52.878 Python[32775:12130199] Operation: ios18.sigmoid, Device Usage: <MLGPUComputeDevice: 0x11c0d5bf0> Apple M5, Estimated Cost: 0.004993
2026-09-08 09:52:52.878 Python[32775:12130199] Operation: ios18.mul, Device Usage: <MLGPUComputeDevice: 0x11c0d5bf0> Apple M5, Estimated Cost: 0.006076
2026-09-08 09:52:52.878 Python[32775:12130199] Operation: ios18.conv, Device Usage: <MLGPUComputeDevice: 0x11c0d5bf0> Apple M5, Estimated Cost: 0.001499
2026-09-08 09:52:52.878 Python[32775:12130199] Operation: ios18.sigmoid, Device Usage: <MLGPUComputeDevice: 0x11c0d5bf0> Apple M5, Estimated Cost: 0.002497
2026-09-08 09:52:52.882 Python[32775:12130199] Operation: ios18.mul, Device Usage: <MLGPUComputeDevice: 0x11c0d5bf0> Apple M5, Estimated Cost: 0.003038
2026-09-08 09:52:52.882 Python[32775:12130199] Operation: ios18.conv, Device Usage: <MLGPUComputeDevice: 0x11c0d5bf0> Apple M5, Estimated Cost: 0.002158
2026-09-08 09:52:52.882 Python[32775:12130199] Operation: ios18.sigmoid, Device Usage: <MLGPUComputeDevice: 0x11c0d5bf0> Apple M5, Estimated Cost: 0.002497
2026-09-08 09:52:52.882 Python[32775:12130199] Operation: ios18.mul, Device Usage: <MLGPUComputeDevice: 0x11c0d5bf0> Apple M5, Estimated Cost: 0.003038
2026-09-08 09:52:52.882 Python[32775:12130199] Operation: ios18.conv, Device Usage: <MLGPUComputeDevice: 0x11c0d5bf0> Apple M5, Estimated Cost: 0.009601
2026-09-08 09:52:52.882 Python[32775:12130199] Operation: ios18.sigmoid, Device Usage: <MLGPUComputeDevice: 0x11c0d5bf0> Apple M5, Estimated Cost: 0.002497
2026-09-08 09:52:52.882 Python[32775:12130199] Operation: ios18.mul, Device Usage: <MLGPUComputeDevice: 0x11c0d5bf0> Apple M5, Estimated Cost: 0.003038
2026-09-08 09:52:52.882 Python[32775:12130199] Operation: ios18.add, Device Usage: <MLGPUComputeDevice: 0x11c0d5bf0> Apple M5, Estimated Cost: 0.003324
2026-09-08 09:52:52.882 Python[32775:12130199] Operation: ios18.conv, Device Usage: <MLGPUComputeDevice: 0x11c0d5bf0> Apple M5, Estimated Cost: 0.002158
2026-09-08 09:52:52.882 Python[32775:12130199] Operation: ios18.sigmoid, Device Usage: <MLGPUComputeDevice: 0x11c0d5bf0> Apple M5, Estimated Cost: 0.002497
2026-09-08 09:52:52.882 Python[32775:12130199] Operation: ios18.mul, Device Usage: <MLGPUComputeDevice: 0x11c0d5bf0> Apple M5, Estimated Cost: 0.003038
2026-09-08 09:52:52.882 Python[32775:12130199] Operation: ios18.conv, Device Usage: <MLGPUComputeDevice: 0x11c0d5bf0> Apple M5, Estimated Cost: 0.009601
2026-09-08 09:52:52.882 Python[32775:12130199] Operation: ios18.sigmoid, Device Usage: <MLGPUComputeDevice: 0x11c0d5bf0> Apple M5, Estimated Cost: 0.002497
2026-09-08 09:52:52.882 Python[32775:12130199] Operation: ios18.mul, Device Usage: <MLGPUComputeDevice: 0x11c0d5bf0> Apple M5, Estimated Cost: 0.003038
2026-09-08 09:52:52.883 Python[32775:12130199] Operation: ios18.add, Device Usage: <MLGPUComputeDevice: 0x11c0d5bf0> Apple M5, Estimated Cost: 0.003324
2026-09-08 09:52:52.883 Python[32775:12130199] Operation: ios18.conv, Device Usage: <MLGPUComputeDevice: 0x11c0d5bf0> Apple M5, Estimated Cost: 0.002158
2026-09-08 09:52:52.883 Python[32775:12130199] Operation: ios18.sigmoid, Device Usage: <MLGPUComputeDevice: 0x11c0d5bf0> Apple M5, Estimated Cost: 0.002497
2026-09-08 09:52:52.883 Python[32775:12130199] Operation: ios18.mul, Device Usage: <MLGPUComputeDevice: 0x11c0d5bf0> Apple M5, Estimated Cost: 0.003038
2026-09-08 09:52:52.883 Python[32775:12130199] Operation: ios18.conv, Device Usage: <MLGPUComputeDevice: 0x11c0d5bf0> Apple M5, Estimated Cost: 0.009601
2026-09-08 09:52:52.883 Python[32775:12130199] Operation: ios18.sigmoid, Device Usage: <MLGPUComputeDevice: 0x11c0d5bf0> Apple M5, Estimated Cost: 0.002497
2026-09-08 09:52:52.883 Python[32775:12130199] Operation: ios18.mul, Device Usage: <MLGPUComputeDevice: 0x11c0d5bf0> Apple M5, Estimated Cost: 0.003038
2026-09-08 09:52:52.883 Python[32775:12130199] Operation: ios18.add, Device Usage: <MLGPUComputeDevice: 0x11c0d5bf0> Apple M5, Estimated Cost: 0.003324
2026-09-08 09:52:52.883 Python[32775:12130199] Operation: ios18.conv, Device Usage: <MLGPUComputeDevice: 0x11c0d5bf0> Apple M5, Estimated Cost: 0.001499
2026-09-08 09:52:52.883 Python[32775:12130199] Operation: ios18.sigmoid, Device Usage: <MLGPUComputeDevice: 0x11c0d5bf0> Apple M5, Estimated Cost: 0.002497
2026-09-08 09:52:52.883 Python[32775:12130199] Operation: ios18.mul, Device Usage: <MLGPUComputeDevice: 0x11c0d5bf0> Apple M5, Estimated Cost: 0.003038
2026-09-08 09:52:52.883 Python[32775:12130199] Operation: ios18.concat, Device Usage: <MLGPUComputeDevice: 0x11c0d5bf0> Apple M5, Estimated Cost: 0.004557
2026-09-08 09:52:52.883 Python[32775:12130199] Operation: ios18.conv, Device Usage: <MLGPUComputeDevice: 0x11c0d5bf0> Apple M5, Estimated Cost: 0.002997
2026-09-08 09:52:52.883 Python[32775:12130199] Operation: ios18.sigmoid, Device Usage: <MLGPUComputeDevice: 0x11c0d5bf0> Apple M5, Estimated Cost: 0.004993
2026-09-08 09:52:52.883 Python[32775:12130199] Operation: ios18.mul, Device Usage: <MLGPUComputeDevice: 0x11c0d5bf0> Apple M5, Estimated Cost: 0.006076
2026-09-08 09:52:52.883 Python[32775:12130199] Operation: ios18.conv, Device Usage: <MLGPUComputeDevice: 0x11c0d5bf0> Apple M5, Estimated Cost: 0.019191
2026-09-08 09:52:52.884 Python[32775:12130199] Operation: ios18.sigmoid, Device Usage: <MLGPUComputeDevice: 0x11c0d5bf0> Apple M5, Estimated Cost: 0.002497
2026-09-08 09:52:52.884 Python[32775:12130199] Operation: ios18.mul, Device Usage: <MLGPUComputeDevice: 0x11c0d5bf0> Apple M5, Estimated Cost: 0.003038
2026-09-08 09:52:52.884 Python[32775:12130199] Operation: ios18.conv, Device Usage: <MLGPUComputeDevice: 0x11c0d5bf0> Apple M5, Estimated Cost: 0.001495
2026-09-08 09:52:52.884 Python[32775:12130199] Operation: ios18.sigmoid, Device Usage: <MLGPUComputeDevice: 0x11c0d5bf0> Apple M5, Estimated Cost: 0.001248
2026-09-08 09:52:52.884 Python[32775:12130199] Operation: ios18.mul, Device Usage: <MLGPUComputeDevice: 0x11c0d5bf0> Apple M5, Estimated Cost: 0.001519
2026-09-08 09:52:52.884 Python[32775:12130199] Operation: ios18.conv, Device Usage: <MLGPUComputeDevice: 0x11c0d5bf0> Apple M5, Estimated Cost: 0.002147
2026-09-08 09:52:52.884 Python[32775:12130199] Operation: ios18.sigmoid, Device Usage: <MLGPUComputeDevice: 0x11c0d5bf0> Apple M5, Estimated Cost: 0.001248
2026-09-08 09:52:52.884 Python[32775:12130199] Operation: ios18.mul, Device Usage: <MLGPUComputeDevice: 0x11c0d5bf0> Apple M5, Estimated Cost: 0.001519
2026-09-08 09:52:52.884 Python[32775:12130199] Operation: ios18.conv, Device Usage: <MLGPUComputeDevice: 0x11c0d5bf0> Apple M5, Estimated Cost: 0.009595
2026-09-08 09:52:52.884 Python[32775:12130199] Operation: ios18.sigmoid, Device Usage: <MLGPUComputeDevice: 0x11c0d5bf0> Apple M5, Estimated Cost: 0.001248
2026-09-08 09:52:52.884 Python[32775:12130199] Operation: ios18.mul, Device Usage: <MLGPUComputeDevice: 0x11c0d5bf0> Apple M5, Estimated Cost: 0.001519
2026-09-08 09:52:52.884 Python[32775:12130199] Operation: ios18.add, Device Usage: <MLGPUComputeDevice: 0x11c0d5bf0> Apple M5, Estimated Cost: 0.001662
2026-09-08 09:52:52.884 Python[32775:12130199] Operation: ios18.conv, Device Usage: <MLGPUComputeDevice: 0x11c0d5bf0> Apple M5, Estimated Cost: 0.002147
2026-09-08 09:52:52.884 Python[32775:12130199] Operation: ios18.sigmoid, Device Usage: <MLGPUComputeDevice: 0x11c0d5bf0> Apple M5, Estimated Cost: 0.001248
2026-09-08 09:52:52.884 Python[32775:12130199] Operation: ios18.mul, Device Usage: <MLGPUComputeDevice: 0x11c0d5bf0> Apple M5, Estimated Cost: 0.001519
2026-09-08 09:52:52.884 Python[32775:12130199] Operation: ios18.conv, Device Usage: <MLGPUComputeDevice: 0x11c0d5bf0> Apple M5, Estimated Cost: 0.009595
2026-09-08 09:52:52.884 Python[32775:12130199] Operation: ios18.sigmoid, Device Usage: <MLGPUComputeDevice: 0x11c0d5bf0> Apple M5, Estimated Cost: 0.001248
2026-09-08 09:52:52.884 Python[32775:12130199] Operation: ios18.mul, Device Usage: <MLGPUComputeDevice: 0x11c0d5bf0> Apple M5, Estimated Cost: 0.001519
2026-09-08 09:52:52.885 Python[32775:12130199] Operation: ios18.add, Device Usage: <MLGPUComputeDevice: 0x11c0d5bf0> Apple M5, Estimated Cost: 0.001662
2026-09-08 09:52:52.885 Python[32775:12130199] Operation: ios18.conv, Device Usage: <MLGPUComputeDevice: 0x11c0d5bf0> Apple M5, Estimated Cost: 0.002147
2026-09-08 09:52:52.885 Python[32775:12130199] Operation: ios18.sigmoid, Device Usage: <MLGPUComputeDevice: 0x11c0d5bf0> Apple M5, Estimated Cost: 0.001248
2026-09-08 09:52:52.885 Python[32775:12130199] Operation: ios18.mul, Device Usage: <MLGPUComputeDevice: 0x11c0d5bf0> Apple M5, Estimated Cost: 0.001519
2026-09-08 09:52:52.885 Python[32775:12130199] Operation: ios18.conv, Device Usage: <MLGPUComputeDevice: 0x11c0d5bf0> Apple M5, Estimated Cost: 0.009595
2026-09-08 09:52:52.885 Python[32775:12130199] Operation: ios18.sigmoid, Device Usage: <MLGPUComputeDevice: 0x11c0d5bf0> Apple M5, Estimated Cost: 0.001248
2026-09-08 09:52:52.885 Python[32775:12130199] Operation: ios18.mul, Device Usage: <MLGPUComputeDevice: 0x11c0d5bf0> Apple M5, Estimated Cost: 0.001519
2026-09-08 09:52:52.885 Python[32775:12130199] Operation: ios18.add, Device Usage: <MLGPUComputeDevice: 0x11c0d5bf0> Apple M5, Estimated Cost: 0.001662
2026-09-08 09:52:52.885 Python[32775:12130199] Operation: ios18.conv, Device Usage: <MLGPUComputeDevice: 0x11c0d5bf0> Apple M5, Estimated Cost: 0.001495
2026-09-08 09:52:52.885 Python[32775:12130199] Operation: ios18.sigmoid, Device Usage: <MLGPUComputeDevice: 0x11c0d5bf0> Apple M5, Estimated Cost: 0.001248
2026-09-08 09:52:52.885 Python[32775:12130199] Operation: ios18.mul, Device Usage: <MLGPUComputeDevice: 0x11c0d5bf0> Apple M5, Estimated Cost: 0.001519
2026-09-08 09:52:52.885 Python[32775:12130199] Operation: ios18.concat, Device Usage: <MLGPUComputeDevice: 0x11c0d5bf0> Apple M5, Estimated Cost: 0.002279
2026-09-08 09:52:52.885 Python[32775:12130199] Operation: ios18.conv, Device Usage: <MLGPUComputeDevice: 0x11c0d5bf0> Apple M5, Estimated Cost: 0.002990
2026-09-08 09:52:52.885 Python[32775:12130199] Operation: ios18.sigmoid, Device Usage: <MLGPUComputeDevice: 0x11c0d5bf0> Apple M5, Estimated Cost: 0.002497
2026-09-08 09:52:52.885 Python[32775:12130199] Operation: ios18.mul, Device Usage: <MLGPUComputeDevice: 0x11c0d5bf0> Apple M5, Estimated Cost: 0.003038
2026-09-08 09:52:52.885 Python[32775:12130199] Operation: ios18.conv, Device Usage: <MLGPUComputeDevice: 0x11c0d5bf0> Apple M5, Estimated Cost: 0.019185
2026-09-08 09:52:52.885 Python[32775:12130199] Operation: ios18.sigmoid, Device Usage: <MLGPUComputeDevice: 0x11c0d5bf0> Apple M5, Estimated Cost: 0.001248
2026-09-08 09:52:52.886 Python[32775:12130199] Operation: ios18.mul, Device Usage: <MLGPUComputeDevice: 0x11c0d5bf0> Apple M5, Estimated Cost: 0.001519
2026-09-08 09:52:52.887 Python[32775:12130199] Operation: ios18.conv, Device Usage: <MLGPUComputeDevice: 0x11c0d5bf0> Apple M5, Estimated Cost: 0.001493
2026-09-08 09:52:52.887 Python[32775:12130199] Operation: ios18.sigmoid, Device Usage: <MLGPUComputeDevice: 0x11c0d5bf0> Apple M5, Estimated Cost: 0.000624
2026-09-08 09:52:52.887 Python[32775:12130199] Operation: ios18.mul, Device Usage: <MLGPUComputeDevice: 0x11c0d5bf0> Apple M5, Estimated Cost: 0.000760
2026-09-08 09:52:52.888 Python[32775:12130199] Operation: ios18.max_pool, Device Usage: <MLGPUComputeDevice: 0x11c0d5bf0> Apple M5, Estimated Cost: 0.000626
2026-09-08 09:52:52.888 Python[32775:12130199] Operation: ios18.max_pool, Device Usage: <MLGPUComputeDevice: 0x11c0d5bf0> Apple M5, Estimated Cost: 0.000625
2026-09-08 09:52:52.888 Python[32775:12130199] Operation: ios18.max_pool, Device Usage: <MLGPUComputeDevice: 0x11c0d5bf0> Apple M5, Estimated Cost: 0.000624
2026-09-08 09:52:52.888 Python[32775:12130199] Operation: ios18.concat, Device Usage: <MLGPUComputeDevice: 0x11c0d5bf0> Apple M5, Estimated Cost: 0.002279
2026-09-08 09:52:52.888 Python[32775:12130199] Operation: ios18.conv, Device Usage: <MLGPUComputeDevice: 0x11c0d5bf0> Apple M5, Estimated Cost: 0.003079
2026-09-08 09:52:52.888 Python[32775:12130199] Operation: ios18.sigmoid, Device Usage: <MLGPUComputeDevice: 0x11c0d5bf0> Apple M5, Estimated Cost: 0.001248
2026-09-08 09:52:52.888 Python[32775:12130199] Operation: ios18.mul, Device Usage: <MLGPUComputeDevice: 0x11c0d5bf0> Apple M5, Estimated Cost: 0.001519
2026-09-08 09:52:52.888 Python[32775:12130199] Operation: ios18.conv, Device Usage: <MLGPUComputeDevice: 0x11c0d5bf0> Apple M5, Estimated Cost: 0.001493
2026-09-08 09:52:52.888 Python[32775:12130199] Operation: ios18.sigmoid, Device Usage: <MLGPUComputeDevice: 0x11c0d5bf0> Apple M5, Estimated Cost: 0.000624
2026-09-08 09:52:52.888 Python[32775:12130199] Operation: ios18.mul, Device Usage: <MLGPUComputeDevice: 0x11c0d5bf0> Apple M5, Estimated Cost: 0.000760
2026-09-08 09:52:52.888 Python[32775:12130199] Operation: ios18.conv, Device Usage: <MLGPUComputeDevice: 0x11c0d5bf0> Apple M5, Estimated Cost: 0.002142
2026-09-08 09:52:52.888 Python[32775:12130199] Operation: ios18.sigmoid, Device Usage: <MLGPUComputeDevice: 0x11c0d5bf0> Apple M5, Estimated Cost: 0.000624
2026-09-08 09:52:52.888 Python[32775:12130199] Operation: ios18.mul, Device Usage: <MLGPUComputeDevice: 0x11c0d5bf0> Apple M5, Estimated Cost: 0.000760
2026-09-08 09:52:52.888 Python[32775:12130199] Operation: ios18.conv, Device Usage: <MLGPUComputeDevice: 0x11c0d5bf0> Apple M5, Estimated Cost: 0.009593
2026-09-08 09:52:52.888 Python[32775:12130199] Operation: ios18.sigmoid, Device Usage: <MLGPUComputeDevice: 0x11c0d5bf0> Apple M5, Estimated Cost: 0.000624
2026-09-08 09:52:52.888 Python[32775:12130199] Operation: ios18.mul, Device Usage: <MLGPUComputeDevice: 0x11c0d5bf0> Apple M5, Estimated Cost: 0.000760
2026-09-08 09:52:52.889 Python[32775:12130199] Operation: ios18.conv, Device Usage: <MLGPUComputeDevice: 0x11c0d5bf0> Apple M5, Estimated Cost: 0.001493
2026-09-08 09:52:52.889 Python[32775:12130199] Operation: ios18.sigmoid, Device Usage: <MLGPUComputeDevice: 0x11c0d5bf0> Apple M5, Estimated Cost: 0.000624
2026-09-08 09:52:52.889 Python[32775:12130199] Operation: ios18.mul, Device Usage: <MLGPUComputeDevice: 0x11c0d5bf0> Apple M5, Estimated Cost: 0.000760
2026-09-08 09:52:52.889 Python[32775:12130199] Operation: ios18.concat, Device Usage: <MLGPUComputeDevice: 0x11c0d5bf0> Apple M5, Estimated Cost: 0.001139
2026-09-08 09:52:52.889 Python[32775:12130199] Operation: ios18.conv, Device Usage: <MLGPUComputeDevice: 0x11c0d5bf0> Apple M5, Estimated Cost: 0.002986
2026-09-08 09:52:52.889 Python[32775:12130199] Operation: ios18.sigmoid, Device Usage: <MLGPUComputeDevice: 0x11c0d5bf0> Apple M5, Estimated Cost: 0.001248
2026-09-08 09:52:52.889 Python[32775:12130199] Operation: ios18.mul, Device Usage: <MLGPUComputeDevice: 0x11c0d5bf0> Apple M5, Estimated Cost: 0.001519
2026-09-08 09:52:52.889 Python[32775:12130199] Operation: ios18.conv, Device Usage: <MLGPUComputeDevice: 0x11c0d5bf0> Apple M5, Estimated Cost: 0.001493
2026-09-08 09:52:52.889 Python[32775:12130199] Operation: ios18.sigmoid, Device Usage: <MLGPUComputeDevice: 0x11c0d5bf0> Apple M5, Estimated Cost: 0.000624
2026-09-08 09:52:52.889 Python[32775:12130199] Operation: ios18.mul, Device Usage: <MLGPUComputeDevice: 0x11c0d5bf0> Apple M5, Estimated Cost: 0.000760
2026-09-08 09:52:52.889 Python[32775:12130199] Operation: upsample_nearest_neighbor, Device Usage: <MLGPUComputeDevice: 0x11c0d5bf0> Apple M5, Estimated Cost: 0.001560
2026-09-08 09:52:52.889 Python[32775:12130199] Operation: ios18.concat, Device Usage: <MLGPUComputeDevice: 0x11c0d5bf0> Apple M5, Estimated Cost: 0.004557
2026-09-08 09:52:52.889 Python[32775:12130199] Operation: ios18.conv, Device Usage: <MLGPUComputeDevice: 0x11c0d5bf0> Apple M5, Estimated Cost: 0.002986
2026-09-08 09:52:52.889 Python[32775:12130199] Operation: ios18.sigmoid, Device Usage: <MLGPUComputeDevice: 0x11c0d5bf0> Apple M5, Estimated Cost: 0.001248
2026-09-08 09:52:52.889 Python[32775:12130199] Operation: ios18.mul, Device Usage: <MLGPUComputeDevice: 0x11c0d5bf0> Apple M5, Estimated Cost: 0.001519
2026-09-08 09:52:52.889 Python[32775:12130199] Operation: ios18.conv, Device Usage: <MLGPUComputeDevice: 0x11c0d5bf0> Apple M5, Estimated Cost: 0.002147
2026-09-08 09:52:52.889 Python[32775:12130199] Operation: ios18.sigmoid, Device Usage: <MLGPUComputeDevice: 0x11c0d5bf0> Apple M5, Estimated Cost: 0.001248
2026-09-08 09:52:52.889 Python[32775:12130199] Operation: ios18.mul, Device Usage: <MLGPUComputeDevice: 0x11c0d5bf0> Apple M5, Estimated Cost: 0.001519
2026-09-08 09:52:52.890 Python[32775:12130199] Operation: ios18.conv, Device Usage: <MLGPUComputeDevice: 0x11c0d5bf0> Apple M5, Estimated Cost: 0.009595
2026-09-08 09:52:52.890 Python[32775:12130199] Operation: ios18.sigmoid, Device Usage: <MLGPUComputeDevice: 0x11c0d5bf0> Apple M5, Estimated Cost: 0.001248
2026-09-08 09:52:52.890 Python[32775:12130199] Operation: ios18.mul, Device Usage: <MLGPUComputeDevice: 0x11c0d5bf0> Apple M5, Estimated Cost: 0.001519
2026-09-08 09:52:52.890 Python[32775:12130199] Operation: ios18.conv, Device Usage: <MLGPUComputeDevice: 0x11c0d5bf0> Apple M5, Estimated Cost: 0.002986
2026-09-08 09:52:52.890 Python[32775:12130199] Operation: ios18.sigmoid, Device Usage: <MLGPUComputeDevice: 0x11c0d5bf0> Apple M5, Estimated Cost: 0.001248
2026-09-08 09:52:52.890 Python[32775:12130199] Operation: ios18.mul, Device Usage: <MLGPUComputeDevice: 0x11c0d5bf0> Apple M5, Estimated Cost: 0.001519
2026-09-08 09:52:52.890 Python[32775:12130199] Operation: ios18.concat, Device Usage: <MLGPUComputeDevice: 0x11c0d5bf0> Apple M5, Estimated Cost: 0.002279
2026-09-08 09:52:52.890 Python[32775:12130199] Operation: ios18.conv, Device Usage: <MLGPUComputeDevice: 0x11c0d5bf0> Apple M5, Estimated Cost: 0.002990
2026-09-08 09:52:52.890 Python[32775:12130199] Operation: ios18.sigmoid, Device Usage: <MLGPUComputeDevice: 0x11c0d5bf0> Apple M5, Estimated Cost: 0.002497
2026-09-08 09:52:52.890 Python[32775:12130199] Operation: ios18.mul, Device Usage: <MLGPUComputeDevice: 0x11c0d5bf0> Apple M5, Estimated Cost: 0.003038
2026-09-08 09:52:52.890 Python[32775:12130199] Operation: ios18.conv, Device Usage: <MLGPUComputeDevice: 0x11c0d5bf0> Apple M5, Estimated Cost: 0.001495
2026-09-08 09:52:52.890 Python[32775:12130199] Operation: ios18.sigmoid, Device Usage: <MLGPUComputeDevice: 0x11c0d5bf0> Apple M5, Estimated Cost: 0.001248
2026-09-08 09:52:52.890 Python[32775:12130199] Operation: ios18.mul, Device Usage: <MLGPUComputeDevice: 0x11c0d5bf0> Apple M5, Estimated Cost: 0.001519
2026-09-08 09:52:52.890 Python[32775:12130199] Operation: upsample_nearest_neighbor, Device Usage: <MLGPUComputeDevice: 0x11c0d5bf0> Apple M5, Estimated Cost: 0.003121
2026-09-08 09:52:52.890 Python[32775:12130199] Operation: ios18.concat, Device Usage: <MLGPUComputeDevice: 0x11c0d5bf0> Apple M5, Estimated Cost: 0.009114
2026-09-08 09:52:52.890 Python[32775:12130199] Operation: ios18.conv, Device Usage: <MLGPUComputeDevice: 0x11c0d5bf0> Apple M5, Estimated Cost: 0.002990
2026-09-08 09:52:52.890 Python[32775:12130199] Operation: ios18.sigmoid, Device Usage: <MLGPUComputeDevice: 0x11c0d5bf0> Apple M5, Estimated Cost: 0.002497
2026-09-08 09:52:52.891 Python[32775:12130199] Operation: ios18.mul, Device Usage: <MLGPUComputeDevice: 0x11c0d5bf0> Apple M5, Estimated Cost: 0.003038
2026-09-08 09:52:52.891 Python[32775:12130199] Operation: ios18.conv, Device Usage: <MLGPUComputeDevice: 0x11c0d5bf0> Apple M5, Estimated Cost: 0.002158
2026-09-08 09:52:52.891 Python[32775:12130199] Operation: ios18.sigmoid, Device Usage: <MLGPUComputeDevice: 0x11c0d5bf0> Apple M5, Estimated Cost: 0.002497
2026-09-08 09:52:52.891 Python[32775:12130199] Operation: ios18.mul, Device Usage: <MLGPUComputeDevice: 0x11c0d5bf0> Apple M5, Estimated Cost: 0.003038
2026-09-08 09:52:52.891 Python[32775:12130199] Operation: ios18.conv, Device Usage: <MLGPUComputeDevice: 0x11c0d5bf0> Apple M5, Estimated Cost: 0.009601
2026-09-08 09:52:52.891 Python[32775:12130199] Operation: ios18.sigmoid, Device Usage: <MLGPUComputeDevice: 0x11c0d5bf0> Apple M5, Estimated Cost: 0.002497
2026-09-08 09:52:52.891 Python[32775:12130199] Operation: ios18.mul, Device Usage: <MLGPUComputeDevice: 0x11c0d5bf0> Apple M5, Estimated Cost: 0.003038
2026-09-08 09:52:52.891 Python[32775:12130199] Operation: ios18.conv, Device Usage: <MLGPUComputeDevice: 0x11c0d5bf0> Apple M5, Estimated Cost: 0.002990
2026-09-08 09:52:52.891 Python[32775:12130199] Operation: ios18.sigmoid, Device Usage: <MLGPUComputeDevice: 0x11c0d5bf0> Apple M5, Estimated Cost: 0.002497
2026-09-08 09:52:52.891 Python[32775:12130199] Operation: ios18.mul, Device Usage: <MLGPUComputeDevice: 0x11c0d5bf0> Apple M5, Estimated Cost: 0.003038
2026-09-08 09:52:52.891 Python[32775:12130199] Operation: ios18.concat, Device Usage: <MLGPUComputeDevice: 0x11c0d5bf0> Apple M5, Estimated Cost: 0.004557
2026-09-08 09:52:52.891 Python[32775:12130199] Operation: ios18.conv, Device Usage: <MLGPUComputeDevice: 0x11c0d5bf0> Apple M5, Estimated Cost: 0.002997
2026-09-08 09:52:52.891 Python[32775:12130199] Operation: ios18.sigmoid, Device Usage: <MLGPUComputeDevice: 0x11c0d5bf0> Apple M5, Estimated Cost: 0.004993
2026-09-08 09:52:52.891 Python[32775:12130199] Operation: ios18.mul, Device Usage: <MLGPUComputeDevice: 0x11c0d5bf0> Apple M5, Estimated Cost: 0.006076
2026-09-08 09:52:52.891 Python[32775:12130199] Operation: ios18.conv, Device Usage: <MLGPUComputeDevice: 0x11c0d5bf0> Apple M5, Estimated Cost: 0.009595
2026-09-08 09:52:52.891 Python[32775:12130199] Operation: ios18.sigmoid, Device Usage: <MLGPUComputeDevice: 0x11c0d5bf0> Apple M5, Estimated Cost: 0.001248
2026-09-08 09:52:52.892 Python[32775:12130199] Operation: ios18.mul, Device Usage: <MLGPUComputeDevice: 0x11c0d5bf0> Apple M5, Estimated Cost: 0.001519
2026-09-08 09:52:52.892 Python[32775:12130199] Operation: ios18.concat, Device Usage: <MLGPUComputeDevice: 0x11c0d5bf0> Apple M5, Estimated Cost: 0.002279
2026-09-08 09:52:52.892 Python[32775:12130199] Operation: ios18.conv, Device Usage: <MLGPUComputeDevice: 0x11c0d5bf0> Apple M5, Estimated Cost: 0.001495
2026-09-08 09:52:52.892 Python[32775:12130199] Operation: ios18.sigmoid, Device Usage: <MLGPUComputeDevice: 0x11c0d5bf0> Apple M5, Estimated Cost: 0.001248
2026-09-08 09:52:52.892 Python[32775:12130199] Operation: ios18.mul, Device Usage: <MLGPUComputeDevice: 0x11c0d5bf0> Apple M5, Estimated Cost: 0.001519
2026-09-08 09:52:52.892 Python[32775:12130199] Operation: ios18.conv, Device Usage: <MLGPUComputeDevice: 0x11c0d5bf0> Apple M5, Estimated Cost: 0.002147
2026-09-08 09:52:52.892 Python[32775:12130199] Operation: ios18.sigmoid, Device Usage: <MLGPUComputeDevice: 0x11c0d5bf0> Apple M5, Estimated Cost: 0.001248
2026-09-08 09:52:52.892 Python[32775:12130199] Operation: ios18.mul, Device Usage: <MLGPUComputeDevice: 0x11c0d5bf0> Apple M5, Estimated Cost: 0.001519
2026-09-08 09:52:52.892 Python[32775:12130199] Operation: ios18.conv, Device Usage: <MLGPUComputeDevice: 0x11c0d5bf0> Apple M5, Estimated Cost: 0.009595
2026-09-08 09:52:52.892 Python[32775:12130199] Operation: ios18.sigmoid, Device Usage: <MLGPUComputeDevice: 0x11c0d5bf0> Apple M5, Estimated Cost: 0.001248
2026-09-08 09:52:52.892 Python[32775:12130199] Operation: ios18.mul, Device Usage: <MLGPUComputeDevice: 0x11c0d5bf0> Apple M5, Estimated Cost: 0.001519
2026-09-08 09:52:52.892 Python[32775:12130199] Operation: ios18.conv, Device Usage: <MLGPUComputeDevice: 0x11c0d5bf0> Apple M5, Estimated Cost: 0.001495
2026-09-08 09:52:52.892 Python[32775:12130199] Operation: ios18.sigmoid, Device Usage: <MLGPUComputeDevice: 0x11c0d5bf0> Apple M5, Estimated Cost: 0.001248
2026-09-08 09:52:52.892 Python[32775:12130199] Operation: ios18.mul, Device Usage: <MLGPUComputeDevice: 0x11c0d5bf0> Apple M5, Estimated Cost: 0.001519
2026-09-08 09:52:52.892 Python[32775:12130199] Operation: ios18.concat, Device Usage: <MLGPUComputeDevice: 0x11c0d5bf0> Apple M5, Estimated Cost: 0.002279
2026-09-08 09:52:52.892 Python[32775:12130199] Operation: ios18.conv, Device Usage: <MLGPUComputeDevice: 0x11c0d5bf0> Apple M5, Estimated Cost: 0.002990
2026-09-08 09:52:52.892 Python[32775:12130199] Operation: ios18.sigmoid, Device Usage: <MLGPUComputeDevice: 0x11c0d5bf0> Apple M5, Estimated Cost: 0.002497
2026-09-08 09:52:52.892 Python[32775:12130199] Operation: ios18.mul, Device Usage: <MLGPUComputeDevice: 0x11c0d5bf0> Apple M5, Estimated Cost: 0.003038
2026-09-08 09:52:52.893 Python[32775:12130199] Operation: ios18.conv, Device Usage: <MLGPUComputeDevice: 0x11c0d5bf0> Apple M5, Estimated Cost: 0.009593
2026-09-08 09:52:52.893 Python[32775:12130199] Operation: ios18.sigmoid, Device Usage: <MLGPUComputeDevice: 0x11c0d5bf0> Apple M5, Estimated Cost: 0.000624
2026-09-08 09:52:52.893 Python[32775:12130199] Operation: ios18.mul, Device Usage: <MLGPUComputeDevice: 0x11c0d5bf0> Apple M5, Estimated Cost: 0.000760
2026-09-08 09:52:52.893 Python[32775:12130199] Operation: ios18.concat, Device Usage: <MLGPUComputeDevice: 0x11c0d5bf0> Apple M5, Estimated Cost: 0.001139
2026-09-08 09:52:52.893 Python[32775:12130199] Operation: ios18.conv, Device Usage: <MLGPUComputeDevice: 0x11c0d5bf0> Apple M5, Estimated Cost: 0.001493
2026-09-08 09:52:52.893 Python[32775:12130199] Operation: ios18.sigmoid, Device Usage: <MLGPUComputeDevice: 0x11c0d5bf0> Apple M5, Estimated Cost: 0.000624
2026-09-08 09:52:52.893 Python[32775:12130199] Operation: ios18.mul, Device Usage: <MLGPUComputeDevice: 0x11c0d5bf0> Apple M5, Estimated Cost: 0.000760
2026-09-08 09:52:52.893 Python[32775:12130199] Operation: ios18.conv, Device Usage: <MLGPUComputeDevice: 0x11c0d5bf0> Apple M5, Estimated Cost: 0.002142
2026-09-08 09:52:52.893 Python[32775:12130199] Operation: ios18.sigmoid, Device Usage: <MLGPUComputeDevice: 0x11c0d5bf0> Apple M5, Estimated Cost: 0.000624
2026-09-08 09:52:52.893 Python[32775:12130199] Operation: ios18.mul, Device Usage: <MLGPUComputeDevice: 0x11c0d5bf0> Apple M5, Estimated Cost: 0.000760
2026-09-08 09:52:52.893 Python[32775:12130199] Operation: ios18.conv, Device Usage: <MLGPUComputeDevice: 0x11c0d5bf0> Apple M5, Estimated Cost: 0.009593
2026-09-08 09:52:52.893 Python[32775:12130199] Operation: ios18.sigmoid, Device Usage: <MLGPUComputeDevice: 0x11c0d5bf0> Apple M5, Estimated Cost: 0.000624
2026-09-08 09:52:52.893 Python[32775:12130199] Operation: ios18.mul, Device Usage: <MLGPUComputeDevice: 0x11c0d5bf0> Apple M5, Estimated Cost: 0.000760
2026-09-08 09:52:52.893 Python[32775:12130199] Operation: ios18.conv, Device Usage: <MLGPUComputeDevice: 0x11c0d5bf0> Apple M5, Estimated Cost: 0.001493
2026-09-08 09:52:52.893 Python[32775:12130199] Operation: ios18.sigmoid, Device Usage: <MLGPUComputeDevice: 0x11c0d5bf0> Apple M5, Estimated Cost: 0.000624
2026-09-08 09:52:52.893 Python[32775:12130199] Operation: ios18.mul, Device Usage: <MLGPUComputeDevice: 0x11c0d5bf0> Apple M5, Estimated Cost: 0.000760
2026-09-08 09:52:52.893 Python[32775:12130199] Operation: ios18.concat, Device Usage: <MLGPUComputeDevice: 0x11c0d5bf0> Apple M5, Estimated Cost: 0.001139
2026-09-08 09:52:52.894 Python[32775:12130199] Operation: ios18.conv, Device Usage: <MLGPUComputeDevice: 0x11c0d5bf0> Apple M5, Estimated Cost: 0.002986
2026-09-08 09:52:52.894 Python[32775:12130199] Operation: ios18.sigmoid, Device Usage: <MLGPUComputeDevice: 0x11c0d5bf0> Apple M5, Estimated Cost: 0.001248
2026-09-08 09:52:52.894 Python[32775:12130199] Operation: ios18.mul, Device Usage: <MLGPUComputeDevice: 0x11c0d5bf0> Apple M5, Estimated Cost: 0.001519
2026-09-08 09:52:52.894 Python[32775:12130199] Operation: ios18.conv, Device Usage: <MLGPUComputeDevice: 0x11c0d5bf0> Apple M5, Estimated Cost: 0.002139
2026-09-08 09:52:52.894 Python[32775:12130199] Operation: ios18.sigmoid, Device Usage: <MLGPUComputeDevice: 0x11c0d5bf0> Apple M5, Estimated Cost: 0.000312
2026-09-08 09:52:52.894 Python[32775:12130199] Operation: ios18.mul, Device Usage: <MLGPUComputeDevice: 0x11c0d5bf0> Apple M5, Estimated Cost: 0.000380
2026-09-08 09:52:52.894 Python[32775:12130199] Operation: ios18.conv, Device Usage: <MLGPUComputeDevice: 0x11c0d5bf0> Apple M5, Estimated Cost: 0.003305
2026-09-08 09:52:52.894 Python[32775:12130199] Operation: ios18.sigmoid, Device Usage: <MLGPUComputeDevice: 0x11c0d5bf0> Apple M5, Estimated Cost: 0.000312
2026-09-08 09:52:52.894 Python[32775:12130199] Operation: ios18.mul, Device Usage: <MLGPUComputeDevice: 0x11c0d5bf0> Apple M5, Estimated Cost: 0.000380
2026-09-08 09:52:52.894 Python[32775:12130199] Operation: ios18.conv, Device Usage: <MLGPUComputeDevice: 0x11c0d5bf0> Apple M5, Estimated Cost: 0.003305
2026-09-08 09:52:52.894 Python[32775:12130199] Operation: ios18.sigmoid, Device Usage: <MLGPUComputeDevice: 0x11c0d5bf0> Apple M5, Estimated Cost: 0.000312
2026-09-08 09:52:52.894 Python[32775:12130199] Operation: ios18.mul, Device Usage: <MLGPUComputeDevice: 0x11c0d5bf0> Apple M5, Estimated Cost: 0.000380
2026-09-08 09:52:52.894 Python[32775:12130199] Operation: ios18.conv, Device Usage: <MLGPUComputeDevice: 0x11c0d5bf0> Apple M5, Estimated Cost: 0.002294
2026-09-08 09:52:52.894 Python[32775:12130199] Operation: ios18.sigmoid, Device Usage: <MLGPUComputeDevice: 0x11c0d5bf0> Apple M5, Estimated Cost: 0.000260
2026-09-08 09:52:52.894 Python[32775:12130199] Operation: ios18.conv, Device Usage: <MLGPUComputeDevice: 0x11c0d5bf0> Apple M5, Estimated Cost: 0.003305
2026-09-08 09:52:52.894 Python[32775:12130199] Operation: ios18.sigmoid, Device Usage: <MLGPUComputeDevice: 0x11c0d5bf0> Apple M5, Estimated Cost: 0.000312
2026-09-08 09:52:52.894 Python[32775:12130199] Operation: ios18.mul, Device Usage: <MLGPUComputeDevice: 0x11c0d5bf0> Apple M5, Estimated Cost: 0.000380
2026-09-08 09:52:52.894 Python[32775:12130199] Operation: ios18.conv, Device Usage: <MLGPUComputeDevice: 0x11c0d5bf0> Apple M5, Estimated Cost: 0.003305
2026-09-08 09:52:52.895 Python[32775:12130199] Operation: ios18.sigmoid, Device Usage: <MLGPUComputeDevice: 0x11c0d5bf0> Apple M5, Estimated Cost: 0.000312
2026-09-08 09:52:52.898 Python[32775:12130199] Operation: ios18.mul, Device Usage: <MLGPUComputeDevice: 0x11c0d5bf0> Apple M5, Estimated Cost: 0.000380
2026-09-08 09:52:52.898 Python[32775:12130199] Operation: ios18.conv, Device Usage: <MLGPUComputeDevice: 0x11c0d5bf0> Apple M5, Estimated Cost: 0.000029
2026-09-08 09:52:52.898 Python[32775:12130199] Operation: ios18.sigmoid, Device Usage: <MLGPUComputeDevice: 0x11c0d5bf0> Apple M5, Estimated Cost: 0.000003
2026-09-08 09:52:52.898 Python[32775:12130199] Operation: ios18.conv, Device Usage: <MLGPUComputeDevice: 0x11c0d5bf0> Apple M5, Estimated Cost: 0.000115
2026-09-08 09:52:52.898 Python[32775:12130199] Operation: ios18.concat, Device Usage: <MLGPUComputeDevice: 0x11c0d5bf0> Apple M5, Estimated Cost: 0.000252
2026-09-08 09:52:52.898 Python[32775:12130199] Operation: ios18.reshape, Device Usage: <MLGPUComputeDevice: 0x11c0d5bf0> Apple M5, Estimated Cost: 0.000276
2026-09-08 09:52:52.898 Python[32775:12130199] Operation: ios18.conv, Device Usage: <MLGPUComputeDevice: 0x11c0d5bf0> Apple M5, Estimated Cost: 0.001495
2026-09-08 09:52:52.899 Python[32775:12130199] Operation: ios18.sigmoid, Device Usage: <MLGPUComputeDevice: 0x11c0d5bf0> Apple M5, Estimated Cost: 0.001248
2026-09-08 09:52:52.899 Python[32775:12130199] Operation: ios18.mul, Device Usage: <MLGPUComputeDevice: 0x11c0d5bf0> Apple M5, Estimated Cost: 0.001519
2026-09-08 09:52:52.899 Python[32775:12130199] Operation: ios18.conv, Device Usage: <MLGPUComputeDevice: 0x11c0d5bf0> Apple M5, Estimated Cost: 0.009595
2026-09-08 09:52:52.899 Python[32775:12130199] Operation: ios18.sigmoid, Device Usage: <MLGPUComputeDevice: 0x11c0d5bf0> Apple M5, Estimated Cost: 0.001248
2026-09-08 09:52:52.899 Python[32775:12130199] Operation: ios18.mul, Device Usage: <MLGPUComputeDevice: 0x11c0d5bf0> Apple M5, Estimated Cost: 0.001519
2026-09-08 09:52:52.899 Python[32775:12130199] Operation: ios18.conv, Device Usage: <MLGPUComputeDevice: 0x11c0d5bf0> Apple M5, Estimated Cost: 0.009595
2026-09-08 09:52:52.899 Python[32775:12130199] Operation: ios18.sigmoid, Device Usage: <MLGPUComputeDevice: 0x11c0d5bf0> Apple M5, Estimated Cost: 0.001248
2026-09-08 09:52:52.899 Python[32775:12130199] Operation: ios18.mul, Device Usage: <MLGPUComputeDevice: 0x11c0d5bf0> Apple M5, Estimated Cost: 0.001519
2026-09-08 09:52:52.899 Python[32775:12130199] Operation: ios18.conv, Device Usage: <MLGPUComputeDevice: 0x11c0d5bf0> Apple M5, Estimated Cost: 0.001789
2026-09-08 09:52:52.899 Python[32775:12130199] Operation: ios18.sigmoid, Device Usage: <MLGPUComputeDevice: 0x11c0d5bf0> Apple M5, Estimated Cost: 0.001040
2026-09-08 09:52:52.899 Python[32775:12130199] Operation: ios18.conv, Device Usage: <MLGPUComputeDevice: 0x11c0d5bf0> Apple M5, Estimated Cost: 0.009595
2026-09-08 09:52:52.899 Python[32775:12130199] Operation: ios18.sigmoid, Device Usage: <MLGPUComputeDevice: 0x11c0d5bf0> Apple M5, Estimated Cost: 0.001248
2026-09-08 09:52:52.899 Python[32775:12130199] Operation: ios18.mul, Device Usage: <MLGPUComputeDevice: 0x11c0d5bf0> Apple M5, Estimated Cost: 0.001519
2026-09-08 09:52:52.899 Python[32775:12130199] Operation: ios18.conv, Device Usage: <MLGPUComputeDevice: 0x11c0d5bf0> Apple M5, Estimated Cost: 0.009595
2026-09-08 09:52:52.900 Python[32775:12130199] Operation: ios18.sigmoid, Device Usage: <MLGPUComputeDevice: 0x11c0d5bf0> Apple M5, Estimated Cost: 0.001248
2026-09-08 09:52:52.900 Python[32775:12130199] Operation: ios18.mul, Device Usage: <MLGPUComputeDevice: 0x11c0d5bf0> Apple M5, Estimated Cost: 0.001519
2026-09-08 09:52:52.900 Python[32775:12130199] Operation: ios18.conv, Device Usage: <MLGPUComputeDevice: 0x11c0d5bf0> Apple M5, Estimated Cost: 0.000115
2026-09-08 09:52:52.900 Python[32775:12130199] Operation: ios18.sigmoid, Device Usage: <MLGPUComputeDevice: 0x11c0d5bf0> Apple M5, Estimated Cost: 0.000013
2026-09-08 09:52:52.900 Python[32775:12130199] Operation: ios18.conv, Device Usage: <MLGPUComputeDevice: 0x11c0d5bf0> Apple M5, Estimated Cost: 0.000459
2026-09-08 09:52:52.900 Python[32775:12130199] Operation: ios18.concat, Device Usage: <MLGPUComputeDevice: 0x11c0d5bf0> Apple M5, Estimated Cost: 0.001009
2026-09-08 09:52:52.900 Python[32775:12130199] Operation: ios18.reshape, Device Usage: <MLGPUComputeDevice: 0x11c0d5bf0> Apple M5, Estimated Cost: 0.001105
2026-09-08 09:52:52.900 Python[32775:12130199] Operation: ios18.conv, Device Usage: <MLGPUComputeDevice: 0x11c0d5bf0> Apple M5, Estimated Cost: 0.002997
2026-09-08 09:52:52.900 Python[32775:12130199] Operation: ios18.sigmoid, Device Usage: <MLGPUComputeDevice: 0x11c0d5bf0> Apple M5, Estimated Cost: 0.004993
2026-09-08 09:52:52.900 Python[32775:12130199] Operation: ios18.mul, Device Usage: <MLGPUComputeDevice: 0x11c0d5bf0> Apple M5, Estimated Cost: 0.006076
2026-09-08 09:52:52.900 Python[32775:12130199] Operation: ios18.conv, Device Usage: <MLGPUComputeDevice: 0x11c0d5bf0> Apple M5, Estimated Cost: 0.017195
2026-09-08 09:52:52.900 Python[32775:12130199] Operation: ios18.sigmoid, Device Usage: <MLGPUComputeDevice: 0x11c0d5bf0> Apple M5, Estimated Cost: 0.004993
2026-09-08 09:52:52.900 Python[32775:12130199] Operation: ios18.mul, Device Usage: <MLGPUComputeDevice: 0x11c0d5bf0> Apple M5, Estimated Cost: 0.006076
2026-09-08 09:52:52.900 Python[32775:12130199] Operation: ios18.conv, Device Usage: <MLGPUComputeDevice: 0x11c0d5bf0> Apple M5, Estimated Cost: 0.017195
2026-09-08 09:52:52.900 Python[32775:12130199] Operation: ios18.sigmoid, Device Usage: <MLGPUComputeDevice: 0x11c0d5bf0> Apple M5, Estimated Cost: 0.004993
2026-09-08 09:52:52.900 Python[32775:12130199] Operation: ios18.mul, Device Usage: <MLGPUComputeDevice: 0x11c0d5bf0> Apple M5, Estimated Cost: 0.006076
2026-09-08 09:52:52.900 Python[32775:12130199] Operation: ios18.conv, Device Usage: <MLGPUComputeDevice: 0x11c0d5bf0> Apple M5, Estimated Cost: 0.002498
2026-09-08 09:52:52.900 Python[32775:12130199] Operation: ios18.sigmoid, Device Usage: <MLGPUComputeDevice: 0x11c0d5bf0> Apple M5, Estimated Cost: 0.004161
2026-09-08 09:52:52.900 Python[32775:12130199] Operation: ios18.conv, Device Usage: <MLGPUComputeDevice: 0x11c0d5bf0> Apple M5, Estimated Cost: 0.017195
2026-09-08 09:52:52.901 Python[32775:12130199] Operation: ios18.sigmoid, Device Usage: <MLGPUComputeDevice: 0x11c0d5bf0> Apple M5, Estimated Cost: 0.004993
2026-09-08 09:52:52.901 Python[32775:12130199] Operation: ios18.mul, Device Usage: <MLGPUComputeDevice: 0x11c0d5bf0> Apple M5, Estimated Cost: 0.006076
2026-09-08 09:52:52.901 Python[32775:12130199] Operation: ios18.conv, Device Usage: <MLGPUComputeDevice: 0x11c0d5bf0> Apple M5, Estimated Cost: 0.017195
2026-09-08 09:52:52.901 Python[32775:12130199] Operation: ios18.sigmoid, Device Usage: <MLGPUComputeDevice: 0x11c0d5bf0> Apple M5, Estimated Cost: 0.004993
2026-09-08 09:52:52.901 Python[32775:12130199] Operation: ios18.mul, Device Usage: <MLGPUComputeDevice: 0x11c0d5bf0> Apple M5, Estimated Cost: 0.006076
2026-09-08 09:52:52.901 Python[32775:12130199] Operation: ios18.conv, Device Usage: <MLGPUComputeDevice: 0x11c0d5bf0> Apple M5, Estimated Cost: 0.000459
2026-09-08 09:52:52.901 Python[32775:12130199] Operation: ios18.sigmoid, Device Usage: <MLGPUComputeDevice: 0x11c0d5bf0> Apple M5, Estimated Cost: 0.000052
2026-09-08 09:52:52.901 Python[32775:12130199] Operation: ios18.conv, Device Usage: <MLGPUComputeDevice: 0x11c0d5bf0> Apple M5, Estimated Cost: 0.001835
2026-09-08 09:52:52.901 Python[32775:12130199] Operation: ios18.concat, Device Usage: <MLGPUComputeDevice: 0x11c0d5bf0> Apple M5, Estimated Cost: 0.004035
2026-09-08 09:52:52.901 Python[32775:12130199] Operation: ios18.reshape, Device Usage: <MLGPUComputeDevice: 0x11c0d5bf0> Apple M5, Estimated Cost: 0.004421
2026-09-08 09:52:52.901 Python[32775:12130199] Operation: ios18.concat, Device Usage: <MLGPUComputeDevice: 0x11c0d5bf0> Apple M5, Estimated Cost: 0.005296
2026-09-08 09:52:52.901 Python[32775:12130199] Operation: ios18.transpose, Device Usage: <MLGPUComputeDevice: 0x11c0d5bf0> Apple M5, Estimated Cost: 0.006495
{"model": "yolox-tiny", "requested_compute_plan": true, "metadata": {"requested": "coreml-all", "requested_providers": [["CoreMLExecutionProvider", {"ModelFormat": "MLProgram", "MLComputeUnits": "ALL", "RequireStaticInputShapes": "1", "EnableOnSubgraphs": "0", "ProfileComputePlan": "1"}], "CPUExecutionProvider"], "registered_providers": ["CoreMLExecutionProvider", "CPUExecutionProvider"], "reported_options": {"CPUExecutionProvider": {}, "CoreMLExecutionProvider": {}}, "ort_cpu_partitions_explicitly_allowed": true, "dynamic_dimension_bindings": {}, "placement": {"node_execution_events": {"CoreMLExecutionProvider": 1}, "scope": "one_zero_tensor_preflight", "coreml_internal_hardware_verified": false, "ane_dispatch_verified": false}, "input_shape": [1, 3, 416, 416], "intra_op_threads": 4, "preflight_ms": 615.616916, "preflight_source": "synthetic zero tensor; not measured tracking", "profiling_during_timed_pass": false}}
[0;93m2026-09-08 09:52:53.195052 [W:onnxruntime:, coreml_execution_provider.cc:113 GetCapability] CoreMLExecutionProvider::GetCapability, number of partitions supported by CoreML: 7 number of nodes in the graph: 244 number of nodes supported by CoreML: 238[m
2026-09-08 09:52:53.281 Python[32775:12130198] profile function : main
2026-09-08 09:52:53.284 Python[32775:12130198] Operation: ios18.conv, Device Usage: <MLGPUComputeDevice: 0x11c0d5bf0> Apple M5, Estimated Cost: 0.012708
2026-09-08 09:52:53.284 Python[32775:12130198] Operation: ios18.sigmoid, Device Usage: <MLGPUComputeDevice: 0x11c0d5bf0> Apple M5, Estimated Cost: 0.025923
2026-09-08 09:52:53.284 Python[32775:12130198] Operation: ios18.mul, Device Usage: <MLGPUComputeDevice: 0x11c0d5bf0> Apple M5, Estimated Cost: 0.031546
2026-09-08 09:52:53.284 Python[32775:12130198] Operation: ios18.conv, Device Usage: <MLGPUComputeDevice: 0x11c0d5bf0> Apple M5, Estimated Cost: 0.049903
2026-09-08 09:52:53.284 Python[32775:12130198] Operation: ios18.sigmoid, Device Usage: <MLGPUComputeDevice: 0x11c0d5bf0> Apple M5, Estimated Cost: 0.025923
2026-09-08 09:52:53.284 Python[32775:12130198] Operation: ios18.mul, Device Usage: <MLGPUComputeDevice: 0x11c0d5bf0> Apple M5, Estimated Cost: 0.031546
2026-09-08 09:52:53.284 Python[32775:12130198] Operation: ios18.conv, Device Usage: <MLGPUComputeDevice: 0x11c0d5bf0> Apple M5, Estimated Cost: 0.099806
2026-09-08 09:52:53.285 Python[32775:12130198] Operation: ios18.sigmoid, Device Usage: <MLGPUComputeDevice: 0x11c0d5bf0> Apple M5, Estimated Cost: 0.051846
2026-09-08 09:52:53.285 Python[32775:12130198] Operation: ios18.mul, Device Usage: <MLGPUComputeDevice: 0x11c0d5bf0> Apple M5, Estimated Cost: 0.063092
2026-09-08 09:52:53.285 Python[32775:12130198] Operation: ios18.conv, Device Usage: <MLGPUComputeDevice: 0x11c0d5bf0> Apple M5, Estimated Cost: 0.099691
2026-09-08 09:52:53.285 Python[32775:12130198] Operation: ios18.sigmoid, Device Usage: <MLGPUComputeDevice: 0x11c0d5bf0> Apple M5, Estimated Cost: 0.025923
2026-09-08 09:52:53.285 Python[32775:12130198] Operation: ios18.mul, Device Usage: <MLGPUComputeDevice: 0x11c0d5bf0> Apple M5, Estimated Cost: 0.031546
2026-09-08 09:52:53.285 Python[32775:12130198] Operation: ios18.conv, Device Usage: <MLGPUComputeDevice: 0x11c0d5bf0> Apple M5, Estimated Cost: 0.007781
2026-09-08 09:52:53.285 Python[32775:12130198] Operation: ios18.sigmoid, Device Usage: <MLGPUComputeDevice: 0x11c0d5bf0> Apple M5, Estimated Cost: 0.012962
2026-09-08 09:52:53.285 Python[32775:12130198] Operation: ios18.mul, Device Usage: <MLGPUComputeDevice: 0x11c0d5bf0> Apple M5, Estimated Cost: 0.015773
2026-09-08 09:52:53.285 Python[32775:12130198] Operation: ios18.conv, Device Usage: <MLGPUComputeDevice: 0x11c0d5bf0> Apple M5, Estimated Cost: 0.049846
2026-09-08 09:52:53.285 Python[32775:12130198] Operation: ios18.sigmoid, Device Usage: <MLGPUComputeDevice: 0x11c0d5bf0> Apple M5, Estimated Cost: 0.012962
2026-09-08 09:52:53.286 Python[32775:12130198] Operation: ios18.mul, Device Usage: <MLGPUComputeDevice: 0x11c0d5bf0> Apple M5, Estimated Cost: 0.015773
2026-09-08 09:52:53.289 Python[32775:12130198] Operation: ios18.conv, Device Usage: <MLGPUComputeDevice: 0x11c0d5bf0> Apple M5, Estimated Cost: 0.005892
2026-09-08 09:52:53.289 Python[32775:12130198] Operation: ios18.sigmoid, Device Usage: <MLGPUComputeDevice: 0x11c0d5bf0> Apple M5, Estimated Cost: 0.012962
2026-09-08 09:52:53.289 Python[32775:12130198] Operation: ios18.mul, Device Usage: <MLGPUComputeDevice: 0x11c0d5bf0> Apple M5, Estimated Cost: 0.015773
2026-09-08 09:52:53.289 Python[32775:12130198] Operation: ios18.conv, Device Usage: <MLGPUComputeDevice: 0x11c0d5bf0> Apple M5, Estimated Cost: 0.011206
2026-09-08 09:52:53.289 Python[32775:12130198] Operation: ios18.sigmoid, Device Usage: <MLGPUComputeDevice: 0x11c0d5bf0> Apple M5, Estimated Cost: 0.012962
2026-09-08 09:52:53.289 Python[32775:12130198] Operation: ios18.mul, Device Usage: <MLGPUComputeDevice: 0x11c0d5bf0> Apple M5, Estimated Cost: 0.015773
2026-09-08 09:52:53.290 Python[32775:12130198] Operation: ios18.add, Device Usage: <MLGPUComputeDevice: 0x11c0d5bf0> Apple M5, Estimated Cost: 0.017259
2026-09-08 09:52:53.290 Python[32775:12130198] Operation: ios18.conv, Device Usage: <MLGPUComputeDevice: 0x11c0d5bf0> Apple M5, Estimated Cost: 0.049846
2026-09-08 09:52:53.290 Python[32775:12130198] Operation: ios18.sigmoid, Device Usage: <MLGPUComputeDevice: 0x11c0d5bf0> Apple M5, Estimated Cost: 0.012962
2026-09-08 09:52:53.290 Python[32775:12130198] Operation: ios18.mul, Device Usage: <MLGPUComputeDevice: 0x11c0d5bf0> Apple M5, Estimated Cost: 0.015773
2026-09-08 09:52:53.290 Python[32775:12130198] Operation: ios18.conv, Device Usage: <MLGPUComputeDevice: 0x11c0d5bf0> Apple M5, Estimated Cost: 0.005892
2026-09-08 09:52:53.290 Python[32775:12130198] Operation: ios18.sigmoid, Device Usage: <MLGPUComputeDevice: 0x11c0d5bf0> Apple M5, Estimated Cost: 0.012962
2026-09-08 09:52:53.290 Python[32775:12130198] Operation: ios18.mul, Device Usage: <MLGPUComputeDevice: 0x11c0d5bf0> Apple M5, Estimated Cost: 0.015773
2026-09-08 09:52:53.290 Python[32775:12130198] Operation: ios18.conv, Device Usage: <MLGPUComputeDevice: 0x11c0d5bf0> Apple M5, Estimated Cost: 0.011206
2026-09-08 09:52:53.290 Python[32775:12130198] Operation: ios18.sigmoid, Device Usage: <MLGPUComputeDevice: 0x11c0d5bf0> Apple M5, Estimated Cost: 0.012962
2026-09-08 09:52:53.290 Python[32775:12130198] Operation: ios18.mul, Device Usage: <MLGPUComputeDevice: 0x11c0d5bf0> Apple M5, Estimated Cost: 0.015773
2026-09-08 09:52:53.291 Python[32775:12130198] Operation: ios18.add, Device Usage: <MLGPUComputeDevice: 0x11c0d5bf0> Apple M5, Estimated Cost: 0.017259
2026-09-08 09:52:53.291 Python[32775:12130198] Operation: ios18.conv, Device Usage: <MLGPUComputeDevice: 0x11c0d5bf0> Apple M5, Estimated Cost: 0.007781
2026-09-08 09:52:53.291 Python[32775:12130198] Operation: ios18.sigmoid, Device Usage: <MLGPUComputeDevice: 0x11c0d5bf0> Apple M5, Estimated Cost: 0.012962
2026-09-08 09:52:53.291 Python[32775:12130198] Operation: ios18.mul, Device Usage: <MLGPUComputeDevice: 0x11c0d5bf0> Apple M5, Estimated Cost: 0.015773
2026-09-08 09:52:53.291 Python[32775:12130198] Operation: ios18.concat, Device Usage: <MLGPUComputeDevice: 0x11c0d5bf0> Apple M5, Estimated Cost: 0.023660
2026-09-08 09:52:53.291 Python[32775:12130198] Operation: ios16.reduce_mean, Device Usage: <MLGPUComputeDevice: 0x11c0d5bf0> Apple M5, Estimated Cost: 0.012966
2026-09-08 09:52:53.291 Python[32775:12130198] Operation: ios18.conv, Device Usage: <MLGPUComputeDevice: 0x11c0d5bf0> Apple M5, Estimated Cost: 0.000074
2026-09-08 09:52:53.427 Python[32775:12130198] profile function : main
2026-09-08 09:52:53.427 Python[32775:12130198] Operation: ios18.mul, Device Usage: <MLGPUComputeDevice: 0x11c0d5bf0> Apple M5, Estimated Cost: 0.019940
2026-09-08 09:52:53.427 Python[32775:12130198] Operation: ios18.conv, Device Usage: <MLGPUComputeDevice: 0x11c0d5bf0> Apple M5, Estimated Cost: 0.019668
2026-09-08 09:52:53.427 Python[32775:12130198] Operation: ios18.sigmoid, Device Usage: <MLGPUComputeDevice: 0x11c0d5bf0> Apple M5, Estimated Cost: 0.032762
2026-09-08 09:52:53.427 Python[32775:12130198] Operation: ios18.mul, Device Usage: <MLGPUComputeDevice: 0x11c0d5bf0> Apple M5, Estimated Cost: 0.039868
2026-09-08 09:52:53.428 Python[32775:12130198] Operation: ios18.conv, Device Usage: <MLGPUComputeDevice: 0x11c0d5bf0> Apple M5, Estimated Cost: 0.125916
2026-09-08 09:52:53.428 Python[32775:12130198] Operation: ios18.sigmoid, Device Usage: <MLGPUComputeDevice: 0x11c0d5bf0> Apple M5, Estimated Cost: 0.016381
2026-09-08 09:52:53.428 Python[32775:12130198] Operation: ios18.mul, Device Usage: <MLGPUComputeDevice: 0x11c0d5bf0> Apple M5, Estimated Cost: 0.019934
2026-09-08 09:52:53.428 Python[32775:12130198] Operation: ios18.conv, Device Usage: <MLGPUComputeDevice: 0x11c0d5bf0> Apple M5, Estimated Cost: 0.009808
2026-09-08 09:52:53.434 Python[32775:12130198] Operation: ios18.sigmoid, Device Usage: <MLGPUComputeDevice: 0x11c0d5bf0> Apple M5, Estimated Cost: 0.008190
2026-09-08 09:52:53.434 Python[32775:12130198] Operation: ios18.mul, Device Usage: <MLGPUComputeDevice: 0x11c0d5bf0> Apple M5, Estimated Cost: 0.009967
2026-09-08 09:52:53.434 Python[32775:12130198] Operation: ios18.conv, Device Usage: <MLGPUComputeDevice: 0x11c0d5bf0> Apple M5, Estimated Cost: 0.062958
2026-09-08 09:52:53.434 Python[32775:12130198] Operation: ios18.sigmoid, Device Usage: <MLGPUComputeDevice: 0x11c0d5bf0> Apple M5, Estimated Cost: 0.008190
2026-09-08 09:52:53.434 Python[32775:12130198] Operation: ios18.mul, Device Usage: <MLGPUComputeDevice: 0x11c0d5bf0> Apple M5, Estimated Cost: 0.009967
2026-09-08 09:52:53.434 Python[32775:12130198] Operation: ios18.conv, Device Usage: <MLGPUComputeDevice: 0x11c0d5bf0> Apple M5, Estimated Cost: 0.019093
2026-09-08 09:52:53.434 Python[32775:12130198] Operation: ios18.sigmoid, Device Usage: <MLGPUComputeDevice: 0x11c0d5bf0> Apple M5, Estimated Cost: 0.008190
2026-09-08 09:52:53.435 Python[32775:12130198] Operation: ios18.mul, Device Usage: <MLGPUComputeDevice: 0x11c0d5bf0> Apple M5, Estimated Cost: 0.009967
2026-09-08 09:52:53.435 Python[32775:12130198] Operation: ios18.conv, Device Usage: <MLGPUComputeDevice: 0x11c0d5bf0> Apple M5, Estimated Cost: 0.014089
2026-09-08 09:52:53.435 Python[32775:12130198] Operation: ios18.sigmoid, Device Usage: <MLGPUComputeDevice: 0x11c0d5bf0> Apple M5, Estimated Cost: 0.008190
2026-09-08 09:52:53.435 Python[32775:12130198] Operation: ios18.mul, Device Usage: <MLGPUComputeDevice: 0x11c0d5bf0> Apple M5, Estimated Cost: 0.009967
2026-09-08 09:52:53.435 Python[32775:12130198] Operation: ios18.add, Device Usage: <MLGPUComputeDevice: 0x11c0d5bf0> Apple M5, Estimated Cost: 0.010906
2026-09-08 09:52:53.435 Python[32775:12130198] Operation: ios18.conv, Device Usage: <MLGPUComputeDevice: 0x11c0d5bf0> Apple M5, Estimated Cost: 0.062958
2026-09-08 09:52:53.435 Python[32775:12130198] Operation: ios18.sigmoid, Device Usage: <MLGPUComputeDevice: 0x11c0d5bf0> Apple M5, Estimated Cost: 0.008190
2026-09-08 09:52:53.435 Python[32775:12130198] Operation: ios18.mul, Device Usage: <MLGPUComputeDevice: 0x11c0d5bf0> Apple M5, Estimated Cost: 0.009967
2026-09-08 09:52:53.435 Python[32775:12130198] Operation: ios18.conv, Device Usage: <MLGPUComputeDevice: 0x11c0d5bf0> Apple M5, Estimated Cost: 0.019093
2026-09-08 09:52:53.435 Python[32775:12130198] Operation: ios18.sigmoid, Device Usage: <MLGPUComputeDevice: 0x11c0d5bf0> Apple M5, Estimated Cost: 0.008190
2026-09-08 09:52:53.436 Python[32775:12130198] Operation: ios18.mul, Device Usage: <MLGPUComputeDevice: 0x11c0d5bf0> Apple M5, Estimated Cost: 0.009967
2026-09-08 09:52:53.437 Python[32775:12130198] Operation: ios18.conv, Device Usage: <MLGPUComputeDevice: 0x11c0d5bf0> Apple M5, Estimated Cost: 0.014089
2026-09-08 09:52:53.437 Python[32775:12130198] Operation: ios18.sigmoid, Device Usage: <MLGPUComputeDevice: 0x11c0d5bf0> Apple M5, Estimated Cost: 0.008190
2026-09-08 09:52:53.437 Python[32775:12130198] Operation: ios18.mul, Device Usage: <MLGPUComputeDevice: 0x11c0d5bf0> Apple M5, Estimated Cost: 0.009967
2026-09-08 09:52:53.438 Python[32775:12130198] Operation: ios18.add, Device Usage: <MLGPUComputeDevice: 0x11c0d5bf0> Apple M5, Estimated Cost: 0.010906
2026-09-08 09:52:53.438 Python[32775:12130198] Operation: ios18.conv, Device Usage: <MLGPUComputeDevice: 0x11c0d5bf0> Apple M5, Estimated Cost: 0.062958
2026-09-08 09:52:53.438 Python[32775:12130198] Operation: ios18.sigmoid, Device Usage: <MLGPUComputeDevice: 0x11c0d5bf0> Apple M5, Estimated Cost: 0.008190
2026-09-08 09:52:53.438 Python[32775:12130198] Operation: ios18.mul, Device Usage: <MLGPUComputeDevice: 0x11c0d5bf0> Apple M5, Estimated Cost: 0.009967
2026-09-08 09:52:53.438 Python[32775:12130198] Operation: ios18.conv, Device Usage: <MLGPUComputeDevice: 0x11c0d5bf0> Apple M5, Estimated Cost: 0.019093
2026-09-08 09:52:53.438 Python[32775:12130198] Operation: ios18.sigmoid, Device Usage: <MLGPUComputeDevice: 0x11c0d5bf0> Apple M5, Estimated Cost: 0.008190
2026-09-08 09:52:53.438 Python[32775:12130198] Operation: ios18.mul, Device Usage: <MLGPUComputeDevice: 0x11c0d5bf0> Apple M5, Estimated Cost: 0.009967
2026-09-08 09:52:53.438 Python[32775:12130198] Operation: ios18.conv, Device Usage: <MLGPUComputeDevice: 0x11c0d5bf0> Apple M5, Estimated Cost: 0.014089
2026-09-08 09:52:53.438 Python[32775:12130198] Operation: ios18.sigmoid, Device Usage: <MLGPUComputeDevice: 0x11c0d5bf0> Apple M5, Estimated Cost: 0.008190
2026-09-08 09:52:53.438 Python[32775:12130198] Operation: ios18.mul, Device Usage: <MLGPUComputeDevice: 0x11c0d5bf0> Apple M5, Estimated Cost: 0.009967
2026-09-08 09:52:53.438 Python[32775:12130198] Operation: ios18.add, Device Usage: <MLGPUComputeDevice: 0x11c0d5bf0> Apple M5, Estimated Cost: 0.010906
2026-09-08 09:52:53.438 Python[32775:12130198] Operation: ios18.conv, Device Usage: <MLGPUComputeDevice: 0x11c0d5bf0> Apple M5, Estimated Cost: 0.062958
2026-09-08 09:52:53.438 Python[32775:12130198] Operation: ios18.sigmoid, Device Usage: <MLGPUComputeDevice: 0x11c0d5bf0> Apple M5, Estimated Cost: 0.008190
2026-09-08 09:52:53.438 Python[32775:12130198] Operation: ios18.mul, Device Usage: <MLGPUComputeDevice: 0x11c0d5bf0> Apple M5, Estimated Cost: 0.009967
2026-09-08 09:52:53.438 Python[32775:12130198] Operation: ios18.conv, Device Usage: <MLGPUComputeDevice: 0x11c0d5bf0> Apple M5, Estimated Cost: 0.019093
2026-09-08 09:52:53.439 Python[32775:12130198] Operation: ios18.sigmoid, Device Usage: <MLGPUComputeDevice: 0x11c0d5bf0> Apple M5, Estimated Cost: 0.008190
2026-09-08 09:52:53.439 Python[32775:12130198] Operation: ios18.mul, Device Usage: <MLGPUComputeDevice: 0x11c0d5bf0> Apple M5, Estimated Cost: 0.009967
2026-09-08 09:52:53.439 Python[32775:12130198] Operation: ios18.conv, Device Usage: <MLGPUComputeDevice: 0x11c0d5bf0> Apple M5, Estimated Cost: 0.014089
2026-09-08 09:52:53.439 Python[32775:12130198] Operation: ios18.sigmoid, Device Usage: <MLGPUComputeDevice: 0x11c0d5bf0> Apple M5, Estimated Cost: 0.008190
2026-09-08 09:52:53.439 Python[32775:12130198] Operation: ios18.mul, Device Usage: <MLGPUComputeDevice: 0x11c0d5bf0> Apple M5, Estimated Cost: 0.009967
2026-09-08 09:52:53.439 Python[32775:12130198] Operation: ios18.add, Device Usage: <MLGPUComputeDevice: 0x11c0d5bf0> Apple M5, Estimated Cost: 0.010906
2026-09-08 09:52:53.439 Python[32775:12130198] Operation: ios18.conv, Device Usage: <MLGPUComputeDevice: 0x11c0d5bf0> Apple M5, Estimated Cost: 0.009808
2026-09-08 09:52:53.439 Python[32775:12130198] Operation: ios18.sigmoid, Device Usage: <MLGPUComputeDevice: 0x11c0d5bf0> Apple M5, Estimated Cost: 0.008190
2026-09-08 09:52:53.439 Python[32775:12130198] Operation: ios18.mul, Device Usage: <MLGPUComputeDevice: 0x11c0d5bf0> Apple M5, Estimated Cost: 0.009967
2026-09-08 09:52:53.439 Python[32775:12130198] Operation: ios18.concat, Device Usage: <MLGPUComputeDevice: 0x11c0d5bf0> Apple M5, Estimated Cost: 0.014950
2026-09-08 09:52:53.439 Python[32775:12130198] Operation: ios16.reduce_mean, Device Usage: <MLGPUComputeDevice: 0x11c0d5bf0> Apple M5, Estimated Cost: 0.008201
2026-09-08 09:52:53.439 Python[32775:12130198] Operation: ios18.conv, Device Usage: <MLGPUComputeDevice: 0x11c0d5bf0> Apple M5, Estimated Cost: 0.000375
2026-09-08 09:52:53.602 Python[32775:12130198] profile function : main
2026-09-08 09:52:53.602 Python[32775:12130198] Operation: ios18.mul, Device Usage: <MLGPUComputeDevice: 0x11c0d5bf0> Apple M5, Estimated Cost: 0.013528
2026-09-08 09:52:53.602 Python[32775:12130198] Operation: ios18.conv, Device Usage: <MLGPUComputeDevice: 0x11c0d5bf0> Apple M5, Estimated Cost: 0.026592
2026-09-08 09:52:53.602 Python[32775:12130198] Operation: ios18.sigmoid, Device Usage: <MLGPUComputeDevice: 0x11c0d5bf0> Apple M5, Estimated Cost: 0.022205
2026-09-08 09:52:53.605 Python[32775:12130198] Operation: ios18.mul, Device Usage: <MLGPUComputeDevice: 0x11c0d5bf0> Apple M5, Estimated Cost: 0.027022
2026-09-08 09:52:53.605 Python[32775:12130198] Operation: ios18.conv, Device Usage: <MLGPUComputeDevice: 0x11c0d5bf0> Apple M5, Estimated Cost: 0.170638
2026-09-08 09:52:53.605 Python[32775:12130198] Operation: ios18.sigmoid, Device Usage: <MLGPUComputeDevice: 0x11c0d5bf0> Apple M5, Estimated Cost: 0.011103
2026-09-08 09:52:53.605 Python[32775:12130198] Operation: ios18.mul, Device Usage: <MLGPUComputeDevice: 0x11c0d5bf0> Apple M5, Estimated Cost: 0.013511
2026-09-08 09:52:53.605 Python[32775:12130198] Operation: ios18.conv, Device Usage: <MLGPUComputeDevice: 0x11c0d5bf0> Apple M5, Estimated Cost: 0.013279
2026-09-08 09:52:53.606 Python[32775:12130198] Operation: ios18.sigmoid, Device Usage: <MLGPUComputeDevice: 0x11c0d5bf0> Apple M5, Estimated Cost: 0.005551
2026-09-08 09:52:53.606 Python[32775:12130198] Operation: ios18.mul, Device Usage: <MLGPUComputeDevice: 0x11c0d5bf0> Apple M5, Estimated Cost: 0.006755
2026-09-08 09:52:53.606 Python[32775:12130198] Operation: ios18.conv, Device Usage: <MLGPUComputeDevice: 0x11c0d5bf0> Apple M5, Estimated Cost: 0.085319
2026-09-08 09:52:53.606 Python[32775:12130198] Operation: ios18.sigmoid, Device Usage: <MLGPUComputeDevice: 0x11c0d5bf0> Apple M5, Estimated Cost: 0.005551
2026-09-08 09:52:53.606 Python[32775:12130198] Operation: ios18.mul, Device Usage: <MLGPUComputeDevice: 0x11c0d5bf0> Apple M5, Estimated Cost: 0.006755
2026-09-08 09:52:53.606 Python[32775:12130198] Operation: ios18.conv, Device Usage: <MLGPUComputeDevice: 0x11c0d5bf0> Apple M5, Estimated Cost: 0.012941
2026-09-08 09:52:53.606 Python[32775:12130198] Operation: ios18.sigmoid, Device Usage: <MLGPUComputeDevice: 0x11c0d5bf0> Apple M5, Estimated Cost: 0.005551
2026-09-08 09:52:53.606 Python[32775:12130198] Operation: ios18.mul, Device Usage: <MLGPUComputeDevice: 0x11c0d5bf0> Apple M5, Estimated Cost: 0.006755
2026-09-08 09:52:53.606 Python[32775:12130198] Operation: ios18.conv, Device Usage: <MLGPUComputeDevice: 0x11c0d5bf0> Apple M5, Estimated Cost: 0.019049
2026-09-08 09:52:53.607 Python[32775:12130198] Operation: ios18.sigmoid, Device Usage: <MLGPUComputeDevice: 0x11c0d5bf0> Apple M5, Estimated Cost: 0.005551
2026-09-08 09:52:53.607 Python[32775:12130198] Operation: ios18.mul, Device Usage: <MLGPUComputeDevice: 0x11c0d5bf0> Apple M5, Estimated Cost: 0.006755
2026-09-08 09:52:53.607 Python[32775:12130198] Operation: ios18.add, Device Usage: <MLGPUComputeDevice: 0x11c0d5bf0> Apple M5, Estimated Cost: 0.007392
2026-09-08 09:52:53.607 Python[32775:12130198] Operation: ios18.conv, Device Usage: <MLGPUComputeDevice: 0x11c0d5bf0> Apple M5, Estimated Cost: 0.085319
2026-09-08 09:52:53.607 Python[32775:12130198] Operation: ios18.sigmoid, Device Usage: <MLGPUComputeDevice: 0x11c0d5bf0> Apple M5, Estimated Cost: 0.005551
2026-09-08 09:52:53.607 Python[32775:12130198] Operation: ios18.mul, Device Usage: <MLGPUComputeDevice: 0x11c0d5bf0> Apple M5, Estimated Cost: 0.006755
2026-09-08 09:52:53.607 Python[32775:12130198] Operation: ios18.conv, Device Usage: <MLGPUComputeDevice: 0x11c0d5bf0> Apple M5, Estimated Cost: 0.012941
2026-09-08 09:52:53.607 Python[32775:12130198] Operation: ios18.sigmoid, Device Usage: <MLGPUComputeDevice: 0x11c0d5bf0> Apple M5, Estimated Cost: 0.005551
2026-09-08 09:52:53.607 Python[32775:12130198] Operation: ios18.mul, Device Usage: <MLGPUComputeDevice: 0x11c0d5bf0> Apple M5, Estimated Cost: 0.006755
2026-09-08 09:52:53.607 Python[32775:12130198] Operation: ios18.conv, Device Usage: <MLGPUComputeDevice: 0x11c0d5bf0> Apple M5, Estimated Cost: 0.019049
2026-09-08 09:52:53.607 Python[32775:12130198] Operation: ios18.sigmoid, Device Usage: <MLGPUComputeDevice: 0x11c0d5bf0> Apple M5, Estimated Cost: 0.005551
2026-09-08 09:52:53.608 Python[32775:12130198] Operation: ios18.mul, Device Usage: <MLGPUComputeDevice: 0x11c0d5bf0> Apple M5, Estimated Cost: 0.006755
2026-09-08 09:52:53.608 Python[32775:12130198] Operation: ios18.add, Device Usage: <MLGPUComputeDevice: 0x11c0d5bf0> Apple M5, Estimated Cost: 0.007392
2026-09-08 09:52:53.608 Python[32775:12130198] Operation: ios18.conv, Device Usage: <MLGPUComputeDevice: 0x11c0d5bf0> Apple M5, Estimated Cost: 0.085319
2026-09-08 09:52:53.608 Python[32775:12130198] Operation: ios18.sigmoid, Device Usage: <MLGPUComputeDevice: 0x11c0d5bf0> Apple M5, Estimated Cost: 0.005551
2026-09-08 09:52:53.608 Python[32775:12130198] Operation: ios18.mul, Device Usage: <MLGPUComputeDevice: 0x11c0d5bf0> Apple M5, Estimated Cost: 0.006755
2026-09-08 09:52:53.608 Python[32775:12130198] Operation: ios18.conv, Device Usage: <MLGPUComputeDevice: 0x11c0d5bf0> Apple M5, Estimated Cost: 0.012941
2026-09-08 09:52:53.608 Python[32775:12130198] Operation: ios18.sigmoid, Device Usage: <MLGPUComputeDevice: 0x11c0d5bf0> Apple M5, Estimated Cost: 0.005551
2026-09-08 09:52:53.608 Python[32775:12130198] Operation: ios18.mul, Device Usage: <MLGPUComputeDevice: 0x11c0d5bf0> Apple M5, Estimated Cost: 0.006755
2026-09-08 09:52:53.608 Python[32775:12130198] Operation: ios18.conv, Device Usage: <MLGPUComputeDevice: 0x11c0d5bf0> Apple M5, Estimated Cost: 0.019049
2026-09-08 09:52:53.608 Python[32775:12130198] Operation: ios18.sigmoid, Device Usage: <MLGPUComputeDevice: 0x11c0d5bf0> Apple M5, Estimated Cost: 0.005551
2026-09-08 09:52:53.609 Python[32775:12130198] Operation: ios18.mul, Device Usage: <MLGPUComputeDevice: 0x11c0d5bf0> Apple M5, Estimated Cost: 0.006755
2026-09-08 09:52:53.609 Python[32775:12130198] Operation: ios18.add, Device Usage: <MLGPUComputeDevice: 0x11c0d5bf0> Apple M5, Estimated Cost: 0.007392
2026-09-08 09:52:53.609 Python[32775:12130198] Operation: ios18.conv, Device Usage: <MLGPUComputeDevice: 0x11c0d5bf0> Apple M5, Estimated Cost: 0.085319
2026-09-08 09:52:53.609 Python[32775:12130198] Operation: ios18.sigmoid, Device Usage: <MLGPUComputeDevice: 0x11c0d5bf0> Apple M5, Estimated Cost: 0.005551
2026-09-08 09:52:53.609 Python[32775:12130198] Operation: ios18.mul, Device Usage: <MLGPUComputeDevice: 0x11c0d5bf0> Apple M5, Estimated Cost: 0.006755
2026-09-08 09:52:53.609 Python[32775:12130198] Operation: ios18.conv, Device Usage: <MLGPUComputeDevice: 0x11c0d5bf0> Apple M5, Estimated Cost: 0.012941
2026-09-08 09:52:53.609 Python[32775:12130198] Operation: ios18.sigmoid, Device Usage: <MLGPUComputeDevice: 0x11c0d5bf0> Apple M5, Estimated Cost: 0.005551
2026-09-08 09:52:53.609 Python[32775:12130198] Operation: ios18.mul, Device Usage: <MLGPUComputeDevice: 0x11c0d5bf0> Apple M5, Estimated Cost: 0.006755
2026-09-08 09:52:53.609 Python[32775:12130198] Operation: ios18.conv, Device Usage: <MLGPUComputeDevice: 0x11c0d5bf0> Apple M5, Estimated Cost: 0.019049
2026-09-08 09:52:53.609 Python[32775:12130198] Operation: ios18.sigmoid, Device Usage: <MLGPUComputeDevice: 0x11c0d5bf0> Apple M5, Estimated Cost: 0.005551
2026-09-08 09:52:53.609 Python[32775:12130198] Operation: ios18.mul, Device Usage: <MLGPUComputeDevice: 0x11c0d5bf0> Apple M5, Estimated Cost: 0.006755
2026-09-08 09:52:53.609 Python[32775:12130198] Operation: ios18.add, Device Usage: <MLGPUComputeDevice: 0x11c0d5bf0> Apple M5, Estimated Cost: 0.007392
2026-09-08 09:52:53.609 Python[32775:12130198] Operation: ios18.conv, Device Usage: <MLGPUComputeDevice: 0x11c0d5bf0> Apple M5, Estimated Cost: 0.013279
2026-09-08 09:52:53.609 Python[32775:12130198] Operation: ios18.sigmoid, Device Usage: <MLGPUComputeDevice: 0x11c0d5bf0> Apple M5, Estimated Cost: 0.005551
2026-09-08 09:52:53.609 Python[32775:12130198] Operation: ios18.mul, Device Usage: <MLGPUComputeDevice: 0x11c0d5bf0> Apple M5, Estimated Cost: 0.006755
2026-09-08 09:52:53.609 Python[32775:12130198] Operation: ios18.concat, Device Usage: <MLGPUComputeDevice: 0x11c0d5bf0> Apple M5, Estimated Cost: 0.010133
2026-09-08 09:52:53.609 Python[32775:12130198] Operation: ios16.reduce_mean, Device Usage: <MLGPUComputeDevice: 0x11c0d5bf0> Apple M5, Estimated Cost: 0.005580
2026-09-08 09:52:53.609 Python[32775:12130198] Operation: ios18.conv, Device Usage: <MLGPUComputeDevice: 0x11c0d5bf0> Apple M5, Estimated Cost: 0.002033
2026-09-08 09:52:53.818 Python[32775:12130198] profile function : main
2026-09-08 09:52:53.818 Python[32775:12130198] Operation: ios18.mul, Device Usage: <MLGPUComputeDevice: 0x11c0d5bf0> Apple M5, Estimated Cost: 0.010653
2026-09-08 09:52:53.818 Python[32775:12130198] Operation: ios18.conv, Device Usage: <MLGPUComputeDevice: 0x11c0d5bf0> Apple M5, Estimated Cost: 0.041664
2026-09-08 09:52:53.819 Python[32775:12130198] Operation: ios18.sigmoid, Device Usage: <MLGPUComputeDevice: 0x11c0d5bf0> Apple M5, Estimated Cost: 0.017418
2026-09-08 09:52:53.819 Python[32775:12130198] Operation: ios18.mul, Device Usage: <MLGPUComputeDevice: 0x11c0d5bf0> Apple M5, Estimated Cost: 0.021196
2026-09-08 09:52:53.819 Python[32775:12130198] Operation: ios18.conv, Device Usage: <MLGPUComputeDevice: 0x11c0d5bf0> Apple M5, Estimated Cost: 0.267665
2026-09-08 09:52:53.819 Python[32775:12130198] Operation: ios18.sigmoid, Device Usage: <MLGPUComputeDevice: 0x11c0d5bf0> Apple M5, Estimated Cost: 0.008709
2026-09-08 09:52:53.822 Python[32775:12130198] Operation: ios18.mul, Device Usage: <MLGPUComputeDevice: 0x11c0d5bf0> Apple M5, Estimated Cost: 0.010598
2026-09-08 09:52:53.822 Python[32775:12130198] Operation: ios18.conv, Device Usage: <MLGPUComputeDevice: 0x11c0d5bf0> Apple M5, Estimated Cost: 0.020818
2026-09-08 09:52:53.822 Python[32775:12130198] Operation: ios18.sigmoid, Device Usage: <MLGPUComputeDevice: 0x11c0d5bf0> Apple M5, Estimated Cost: 0.004355
2026-09-08 09:52:53.822 Python[32775:12130198] Operation: ios18.mul, Device Usage: <MLGPUComputeDevice: 0x11c0d5bf0> Apple M5, Estimated Cost: 0.005299
2026-09-08 09:52:53.822 Python[32775:12130198] Operation: ios18.max_pool, Device Usage: <MLGPUComputeDevice: 0x11c0d5bf0> Apple M5, Estimated Cost: 0.004375
2026-09-08 09:52:53.823 Python[32775:12130198] Operation: ios18.max_pool, Device Usage: <MLGPUComputeDevice: 0x11c0d5bf0> Apple M5, Estimated Cost: 0.004364
2026-09-08 09:52:53.823 Python[32775:12130198] Operation: ios18.max_pool, Device Usage: <MLGPUComputeDevice: 0x11c0d5bf0> Apple M5, Estimated Cost: 0.004358
2026-09-08 09:52:53.823 Python[32775:12130198] Operation: ios18.concat, Device Usage: <MLGPUComputeDevice: 0x11c0d5bf0> Apple M5, Estimated Cost: 0.015897
2026-09-08 09:52:53.823 Python[32775:12130198] Operation: ios18.conv, Device Usage: <MLGPUComputeDevice: 0x11c0d5bf0> Apple M5, Estimated Cost: 0.042947
2026-09-08 09:52:53.823 Python[32775:12130198] Operation: ios18.sigmoid, Device Usage: <MLGPUComputeDevice: 0x11c0d5bf0> Apple M5, Estimated Cost: 0.008709
2026-09-08 09:52:53.823 Python[32775:12130198] Operation: ios18.mul, Device Usage: <MLGPUComputeDevice: 0x11c0d5bf0> Apple M5, Estimated Cost: 0.010598
2026-09-08 09:52:53.823 Python[32775:12130198] Operation: ios18.conv, Device Usage: <MLGPUComputeDevice: 0x11c0d5bf0> Apple M5, Estimated Cost: 0.020818
2026-09-08 09:52:53.823 Python[32775:12130198] Operation: ios18.sigmoid, Device Usage: <MLGPUComputeDevice: 0x11c0d5bf0> Apple M5, Estimated Cost: 0.004355
2026-09-08 09:52:53.823 Python[32775:12130198] Operation: ios18.mul, Device Usage: <MLGPUComputeDevice: 0x11c0d5bf0> Apple M5, Estimated Cost: 0.005299
2026-09-08 09:52:53.823 Python[32775:12130198] Operation: ios18.conv, Device Usage: <MLGPUComputeDevice: 0x11c0d5bf0> Apple M5, Estimated Cost: 0.133833
2026-09-08 09:52:53.823 Python[32775:12130198] Operation: ios18.sigmoid, Device Usage: <MLGPUComputeDevice: 0x11c0d5bf0> Apple M5, Estimated Cost: 0.004355
2026-09-08 09:52:53.823 Python[32775:12130198] Operation: ios18.mul, Device Usage: <MLGPUComputeDevice: 0x11c0d5bf0> Apple M5, Estimated Cost: 0.005299
2026-09-08 09:52:53.824 Python[32775:12130198] Operation: ios18.conv, Device Usage: <MLGPUComputeDevice: 0x11c0d5bf0> Apple M5, Estimated Cost: 0.010151
2026-09-08 09:52:53.824 Python[32775:12130198] Operation: ios18.sigmoid, Device Usage: <MLGPUComputeDevice: 0x11c0d5bf0> Apple M5, Estimated Cost: 0.004355
2026-09-08 09:52:53.824 Python[32775:12130198] Operation: ios18.mul, Device Usage: <MLGPUComputeDevice: 0x11c0d5bf0> Apple M5, Estimated Cost: 0.005299
2026-09-08 09:52:53.824 Python[32775:12130198] Operation: ios18.conv, Device Usage: <MLGPUComputeDevice: 0x11c0d5bf0> Apple M5, Estimated Cost: 0.029846
2026-09-08 09:52:53.824 Python[32775:12130198] Operation: ios18.sigmoid, Device Usage: <MLGPUComputeDevice: 0x11c0d5bf0> Apple M5, Estimated Cost: 0.004355
2026-09-08 09:52:53.824 Python[32775:12130198] Operation: ios18.mul, Device Usage: <MLGPUComputeDevice: 0x11c0d5bf0> Apple M5, Estimated Cost: 0.005299
2026-09-08 09:52:53.824 Python[32775:12130198] Operation: ios18.conv, Device Usage: <MLGPUComputeDevice: 0x11c0d5bf0> Apple M5, Estimated Cost: 0.133833
2026-09-08 09:52:53.824 Python[32775:12130198] Operation: ios18.sigmoid, Device Usage: <MLGPUComputeDevice: 0x11c0d5bf0> Apple M5, Estimated Cost: 0.004355
2026-09-08 09:52:53.824 Python[32775:12130198] Operation: ios18.mul, Device Usage: <MLGPUComputeDevice: 0x11c0d5bf0> Apple M5, Estimated Cost: 0.005299
2026-09-08 09:52:53.824 Python[32775:12130198] Operation: ios18.conv, Device Usage: <MLGPUComputeDevice: 0x11c0d5bf0> Apple M5, Estimated Cost: 0.010151
2026-09-08 09:52:53.824 Python[32775:12130198] Operation: ios18.sigmoid, Device Usage: <MLGPUComputeDevice: 0x11c0d5bf0> Apple M5, Estimated Cost: 0.004355
2026-09-08 09:52:53.824 Python[32775:12130198] Operation: ios18.mul, Device Usage: <MLGPUComputeDevice: 0x11c0d5bf0> Apple M5, Estimated Cost: 0.005299
2026-09-08 09:52:53.824 Python[32775:12130198] Operation: ios18.conv, Device Usage: <MLGPUComputeDevice: 0x11c0d5bf0> Apple M5, Estimated Cost: 0.029846
2026-09-08 09:52:53.824 Python[32775:12130198] Operation: ios18.sigmoid, Device Usage: <MLGPUComputeDevice: 0x11c0d5bf0> Apple M5, Estimated Cost: 0.004355
2026-09-08 09:52:53.824 Python[32775:12130198] Operation: ios18.mul, Device Usage: <MLGPUComputeDevice: 0x11c0d5bf0> Apple M5, Estimated Cost: 0.005299
2026-09-08 09:52:53.824 Python[32775:12130198] Operation: ios18.conv, Device Usage: <MLGPUComputeDevice: 0x11c0d5bf0> Apple M5, Estimated Cost: 0.020818
2026-09-08 09:52:53.824 Python[32775:12130198] Operation: ios18.sigmoid, Device Usage: <MLGPUComputeDevice: 0x11c0d5bf0> Apple M5, Estimated Cost: 0.004355
2026-09-08 09:52:53.825 Python[32775:12130198] Operation: ios18.mul, Device Usage: <MLGPUComputeDevice: 0x11c0d5bf0> Apple M5, Estimated Cost: 0.005299
2026-09-08 09:52:53.825 Python[32775:12130198] Operation: ios18.concat, Device Usage: <MLGPUComputeDevice: 0x11c0d5bf0> Apple M5, Estimated Cost: 0.007949
2026-09-08 09:52:53.825 Python[32775:12130198] Operation: ios16.reduce_mean, Device Usage: <MLGPUComputeDevice: 0x11c0d5bf0> Apple M5, Estimated Cost: 0.004446
2026-09-08 09:52:53.825 Python[32775:12130198] Operation: ios18.conv, Device Usage: <MLGPUComputeDevice: 0x11c0d5bf0> Apple M5, Estimated Cost: 0.012747
2026-09-08 09:52:54.029 Python[32775:12130198] profile function : main
2026-09-08 09:52:54.033 Python[32775:12130198] Operation: ios18.mul, Device Usage: <MLGPUComputeDevice: 0x11c0d5bf0> Apple M5, Estimated Cost: 0.006311
2026-09-08 09:52:54.033 Python[32775:12130198] Operation: ios18.conv, Device Usage: <MLGPUComputeDevice: 0x11c0d5bf0> Apple M5, Estimated Cost: 0.048573
2026-09-08 09:52:54.033 Python[32775:12130198] Operation: ios18.sigmoid, Device Usage: <MLGPUComputeDevice: 0x11c0d5bf0> Apple M5, Estimated Cost: 0.010160
2026-09-08 09:52:54.033 Python[32775:12130198] Operation: ios18.mul, Device Usage: <MLGPUComputeDevice: 0x11c0d5bf0> Apple M5, Estimated Cost: 0.012364
2026-09-08 09:52:54.033 Python[32775:12130198] Operation: ios18.conv, Device Usage: <MLGPUComputeDevice: 0x11c0d5bf0> Apple M5, Estimated Cost: 0.588748
2026-09-08 09:52:54.033 Python[32775:12130198] Operation: ios18.reshape, Device Usage: <MLGPUComputeDevice: 0x11c0d5bf0> Apple M5, Estimated Cost: 0.001760
2026-09-08 09:52:54.033 Python[32775:12130198] Operation: ios18.mul, Device Usage: <MLGPUComputeDevice: 0x11c0d5bf0> Apple M5, Estimated Cost: 0.002141
2026-09-08 09:52:54.034 Python[32775:12130198] Operation: ios16.reduce_sum, Device Usage: <MLGPUComputeDevice: 0x11c0d5bf0> Apple M5, Estimated Cost: 0.000898
2026-09-08 09:52:54.034 Python[32775:12130198] Operation: ios18.sqrt, Device Usage: <MLGPUComputeDevice: 0x11c0d5bf0> Apple M5, Estimated Cost: 0.000037
2026-09-08 09:52:54.034 Python[32775:12130198] Operation: ios18.mul, Device Usage: <MLGPUComputeDevice: 0x11c0d5bf0> Apple M5, Estimated Cost: 0.000022
2026-09-08 09:52:54.034 Python[32775:12130198] Operation: ios18.clip, Device Usage: <MLGPUComputeDevice: 0x11c0d5bf0> Apple M5, Estimated Cost: 0.000037
2026-09-08 09:52:54.034 Python[32775:12130198] Operation: ios18.real_div, Device Usage: <MLGPUComputeDevice: 0x11c0d5bf0> Apple M5, Estimated Cost: 0.001778
2026-09-08 09:52:54.034 Python[32775:12130198] Operation: ios18.mul, Device Usage: <MLGPUComputeDevice: 0x11c0d5bf0> Apple M5, Estimated Cost: 0.001071
2026-09-08 09:52:54.034 Python[32775:12130198] Operation: ios18.matmul, Device Usage: <MLGPUComputeDevice: 0x11c0d5bf0> Apple M5, Estimated Cost: 0.035335
2026-09-08 09:52:54.034 Python[32775:12130198] Operation: ios18.mul, Device Usage: <MLGPUComputeDevice: 0x11c0d5bf0> Apple M5, Estimated Cost: 0.005753
2026-09-08 09:52:54.034 Python[32775:12130198] Operation: ios18.mul, Device Usage: <MLGPUComputeDevice: 0x11c0d5bf0> Apple M5, Estimated Cost: 0.011419
2026-09-08 09:52:54.035 Python[32775:12130198] Operation: ios16.reduce_sum, Device Usage: <MLGPUComputeDevice: 0x11c0d5bf0> Apple M5, Estimated Cost: 0.004710
2026-09-08 09:52:54.035 Python[32775:12130198] Operation: ios18.sqrt, Device Usage: <MLGPUComputeDevice: 0x11c0d5bf0> Apple M5, Estimated Cost: 0.000037
2026-09-08 09:52:54.035 Python[32775:12130198] Operation: ios18.mul, Device Usage: <MLGPUComputeDevice: 0x11c0d5bf0> Apple M5, Estimated Cost: 0.000022
2026-09-08 09:52:54.035 Python[32775:12130198] Operation: ios18.clip, Device Usage: <MLGPUComputeDevice: 0x11c0d5bf0> Apple M5, Estimated Cost: 0.000037
2026-09-08 09:52:54.035 Python[32775:12130198] Operation: ios18.real_div, Device Usage: <MLGPUComputeDevice: 0x11c0d5bf0> Apple M5, Estimated Cost: 0.009402
2026-09-08 09:52:54.035 Python[32775:12130198] Operation: ios18.mul, Device Usage: <MLGPUComputeDevice: 0x11c0d5bf0> Apple M5, Estimated Cost: 0.005710
2026-09-08 09:52:54.035 Python[32775:12130198] Operation: ios18.matmul, Device Usage: <MLGPUComputeDevice: 0x11c0d5bf0> Apple M5, Estimated Cost: 0.160060
2026-09-08 09:52:54.035 Python[32775:12130198] Operation: ios18.sigmoid, Device Usage: <MLGPUComputeDevice: 0x11c0d5bf0> Apple M5, Estimated Cost: 0.042228
2026-09-08 09:52:54.035 Python[32775:12130198] Operation: ios18.mul, Device Usage: <MLGPUComputeDevice: 0x11c0d5bf0> Apple M5, Estimated Cost: 0.051387
2026-09-08 09:52:54.157 Python[32775:12130301] profile function : main
2026-09-08 09:52:54.157 Python[32775:12130301] Operation: ios18.expand_dims, Device Usage: <MLCPUComputeDevice: 0x11c0d5d30>, Estimated Cost: 0.263614
2026-09-08 09:52:54.157 Python[32775:12130301] Operation: ios18.mul, Device Usage: <MLCPUComputeDevice: 0x11c0d5d30>, Estimated Cost: 0.353855
2026-09-08 09:52:54.157 Python[32775:12130301] Operation: ios18.add, Device Usage: <MLCPUComputeDevice: 0x11c0d5d30>, Estimated Cost: 0.382532
2026-09-08 09:52:54.248 Python[32775:12130301] profile function : main
2026-09-08 09:52:54.249 Python[32775:12130301] Operation: ios18.squeeze, Device Usage: <MLCPUComputeDevice: 0x11c0d5d30>, Estimated Cost: 0.003952
2026-09-08 09:52:54.249 Python[32775:12130301] Operation: ios18.transpose, Device Usage: <MLCPUComputeDevice: 0x11c0d5d30>, Estimated Cost: 0.001374
2026-09-08 09:52:54.249 Python[32775:12130301] Operation: ios18.squeeze, Device Usage: <MLCPUComputeDevice: 0x11c0d5d30>, Estimated Cost: 0.003952
2026-09-08 09:52:54.249 Python[32775:12130301] Operation: ios18.matmul, Device Usage: <MLCPUComputeDevice: 0x11c0d5d30>, Estimated Cost: 0.056273
2026-09-08 09:52:54.249 Python[32775:12130301] Operation: ios18.real_div, Device Usage: <MLCPUComputeDevice: 0x11c0d5d30>, Estimated Cost: 0.004106
2026-09-08 09:52:54.249 Python[32775:12130301] Operation: ios18.relu, Device Usage: <MLCPUComputeDevice: 0x11c0d5d30>, Estimated Cost: 0.001249
2026-09-08 09:52:54.249 Python[32775:12130301] Operation: ios18.mul, Device Usage: <MLCPUComputeDevice: 0x11c0d5d30>, Estimated Cost: 0.010861
2026-09-08 09:52:54.249 Python[32775:12130301] Operation: ios18.matmul, Device Usage: <MLCPUComputeDevice: 0x11c0d5d30>, Estimated Cost: 0.137456
2026-09-08 09:52:54.249 Python[32775:12130301] Operation: ios18.mul, Device Usage: <MLCPUComputeDevice: 0x11c0d5d30>, Estimated Cost: 0.041809
2026-09-08 09:52:54.249 Python[32775:12130301] Operation: ios18.matmul, Device Usage: <MLCPUComputeDevice: 0x11c0d5d30>, Estimated Cost: 0.264576
2026-09-08 09:52:54.249 Python[32775:12130301] Operation: ios18.add, Device Usage: <MLCPUComputeDevice: 0x11c0d5d30>, Estimated Cost: 0.011384
2026-09-08 09:52:54.249 Python[32775:12130301] Operation: ios18.matmul, Device Usage: <MLCPUComputeDevice: 0x11c0d5d30>, Estimated Cost: 0.264576
2026-09-08 09:52:54.249 Python[32775:12130301] Operation: ios18.matmul, Device Usage: <MLCPUComputeDevice: 0x11c0d5d30>, Estimated Cost: 0.198432
{"model": "dwpose-m", "requested_compute_plan": true, "metadata": {"requested": "coreml-all", "requested_providers": [["CoreMLExecutionProvider", {"ModelFormat": "MLProgram", "MLComputeUnits": "ALL", "RequireStaticInputShapes": "1", "EnableOnSubgraphs": "0", "ProfileComputePlan": "1"}], "CPUExecutionProvider"], "registered_providers": ["CoreMLExecutionProvider", "CPUExecutionProvider"], "reported_options": {"CPUExecutionProvider": {}, "CoreMLExecutionProvider": {}}, "ort_cpu_partitions_explicitly_allowed": true, "dynamic_dimension_bindings": {"batch": 1}, "placement": {"node_execution_events": {"CoreMLExecutionProvider": 7, "CPUExecutionProvider": 6}, "scope": "one_zero_tensor_preflight", "coreml_internal_hardware_verified": false, "ane_dispatch_verified": false}, "input_shape": [1, 3, 256, 192], "intra_op_threads": 4, "preflight_ms": 1164.736125, "preflight_source": "synthetic zero tensor; not measured tracking", "profiling_during_timed_pass": false}}
