objc[20169]: Class SDL_RumbleMotor is implemented in both ./.venv/lib/python3.12/site-packages/cv2/.dylibs/libSDL2-2.0.0.dylib (0x107f28d40) and <USER_HOME>/.cache/uv/archive-v0/e93mbMASjXamRryxWqZr3/lib/python3.12/site-packages/pygame/.dylibs/libSDL2-2.0.0.dylib (0x111d949c8). This may cause spurious casting failures and mysterious crashes. One of the duplicates must be removed or renamed.
objc[20169]: Class SDL_RumbleContext is implemented in both ./.venv/lib/python3.12/site-packages/cv2/.dylibs/libSDL2-2.0.0.dylib (0x107f28d90) and <USER_HOME>/.cache/uv/archive-v0/e93mbMASjXamRryxWqZr3/lib/python3.12/site-packages/pygame/.dylibs/libSDL2-2.0.0.dylib (0x111d94a18). This may cause spurious casting failures and mysterious crashes. One of the duplicates must be removed or renamed.
objc[20169]: Class SDLApplication is implemented in both ./.venv/lib/python3.12/site-packages/cv2/.dylibs/libSDL2-2.0.0.dylib (0x107f28890) and <USER_HOME>/.cache/uv/archive-v0/e93mbMASjXamRryxWqZr3/lib/python3.12/site-packages/pygame/.dylibs/libSDL2-2.0.0.dylib (0x111d94a68). This may cause spurious casting failures and mysterious crashes. One of the duplicates must be removed or renamed.
objc[20169]: Class SDLAppDelegate is implemented in both ./.venv/lib/python3.12/site-packages/cv2/.dylibs/libSDL2-2.0.0.dylib (0x107f288e0) and <USER_HOME>/.cache/uv/archive-v0/e93mbMASjXamRryxWqZr3/lib/python3.12/site-packages/pygame/.dylibs/libSDL2-2.0.0.dylib (0x111d94ab8). This may cause spurious casting failures and mysterious crashes. One of the duplicates must be removed or renamed.
objc[20169]: Class SDLTranslatorResponder is implemented in both ./.venv/lib/python3.12/site-packages/cv2/.dylibs/libSDL2-2.0.0.dylib (0x107f28958) and <USER_HOME>/.cache/uv/archive-v0/e93mbMASjXamRryxWqZr3/lib/python3.12/site-packages/pygame/.dylibs/libSDL2-2.0.0.dylib (0x111d94b30). This may cause spurious casting failures and mysterious crashes. One of the duplicates must be removed or renamed.
objc[20169]: Class SDLMessageBoxPresenter is implemented in both ./.venv/lib/python3.12/site-packages/cv2/.dylibs/libSDL2-2.0.0.dylib (0x107f28980) and <USER_HOME>/.cache/uv/archive-v0/e93mbMASjXamRryxWqZr3/lib/python3.12/site-packages/pygame/.dylibs/libSDL2-2.0.0.dylib (0x111d94b58). This may cause spurious casting failures and mysterious crashes. One of the duplicates must be removed or renamed.
objc[20169]: Class SDL_cocoametalview is implemented in both ./.venv/lib/python3.12/site-packages/cv2/.dylibs/libSDL2-2.0.0.dylib (0x107f289d0) and <USER_HOME>/.cache/uv/archive-v0/e93mbMASjXamRryxWqZr3/lib/python3.12/site-packages/pygame/.dylibs/libSDL2-2.0.0.dylib (0x111d94ba8). This may cause spurious casting failures and mysterious crashes. One of the duplicates must be removed or renamed.
objc[20169]: Class SDLOpenGLContext is implemented in both ./.venv/lib/python3.12/site-packages/cv2/.dylibs/libSDL2-2.0.0.dylib (0x107f28a20) and <USER_HOME>/.cache/uv/archive-v0/e93mbMASjXamRryxWqZr3/lib/python3.12/site-packages/pygame/.dylibs/libSDL2-2.0.0.dylib (0x111d94bf8). This may cause spurious casting failures and mysterious crashes. One of the duplicates must be removed or renamed.
objc[20169]: Class SDL_ShapeData is implemented in both ./.venv/lib/python3.12/site-packages/cv2/.dylibs/libSDL2-2.0.0.dylib (0x107f28a98) and <USER_HOME>/.cache/uv/archive-v0/e93mbMASjXamRryxWqZr3/lib/python3.12/site-packages/pygame/.dylibs/libSDL2-2.0.0.dylib (0x111d94c70). This may cause spurious casting failures and mysterious crashes. One of the duplicates must be removed or renamed.
objc[20169]: Class SDL_CocoaClosure is implemented in both ./.venv/lib/python3.12/site-packages/cv2/.dylibs/libSDL2-2.0.0.dylib (0x107f28ae8) and <USER_HOME>/.cache/uv/archive-v0/e93mbMASjXamRryxWqZr3/lib/python3.12/site-packages/pygame/.dylibs/libSDL2-2.0.0.dylib (0x111d94cc0). This may cause spurious casting failures and mysterious crashes. One of the duplicates must be removed or renamed.
objc[20169]: Class SDL_VideoData is implemented in both ./.venv/lib/python3.12/site-packages/cv2/.dylibs/libSDL2-2.0.0.dylib (0x107f28b38) and <USER_HOME>/.cache/uv/archive-v0/e93mbMASjXamRryxWqZr3/lib/python3.12/site-packages/pygame/.dylibs/libSDL2-2.0.0.dylib (0x111d94d10). This may cause spurious casting failures and mysterious crashes. One of the duplicates must be removed or renamed.
objc[20169]: Class SDL_WindowData is implemented in both ./.venv/lib/python3.12/site-packages/cv2/.dylibs/libSDL2-2.0.0.dylib (0x107f28b88) and <USER_HOME>/.cache/uv/archive-v0/e93mbMASjXamRryxWqZr3/lib/python3.12/site-packages/pygame/.dylibs/libSDL2-2.0.0.dylib (0x111d94d60). This may cause spurious casting failures and mysterious crashes. One of the duplicates must be removed or renamed.
objc[20169]: Class SDLWindow is implemented in both ./.venv/lib/python3.12/site-packages/cv2/.dylibs/libSDL2-2.0.0.dylib (0x107f28bb0) and <USER_HOME>/.cache/uv/archive-v0/e93mbMASjXamRryxWqZr3/lib/python3.12/site-packages/pygame/.dylibs/libSDL2-2.0.0.dylib (0x111d94d88). This may cause spurious casting failures and mysterious crashes. One of the duplicates must be removed or renamed.
objc[20169]: Class Cocoa_WindowListener is implemented in both ./.venv/lib/python3.12/site-packages/cv2/.dylibs/libSDL2-2.0.0.dylib (0x107f28bd8) and <USER_HOME>/.cache/uv/archive-v0/e93mbMASjXamRryxWqZr3/lib/python3.12/site-packages/pygame/.dylibs/libSDL2-2.0.0.dylib (0x111d94db0). This may cause spurious casting failures and mysterious crashes. One of the duplicates must be removed or renamed.
objc[20169]: Class SDLView is implemented in both ./.venv/lib/python3.12/site-packages/cv2/.dylibs/libSDL2-2.0.0.dylib (0x107f28c50) and <USER_HOME>/.cache/uv/archive-v0/e93mbMASjXamRryxWqZr3/lib/python3.12/site-packages/pygame/.dylibs/libSDL2-2.0.0.dylib (0x111d94e28). This may cause spurious casting failures and mysterious crashes. One of the duplicates must be removed or renamed.
objc[20169]: Class METAL_RenderData is implemented in both ./.venv/lib/python3.12/site-packages/cv2/.dylibs/libSDL2-2.0.0.dylib (0x107f28cc8) and <USER_HOME>/.cache/uv/archive-v0/e93mbMASjXamRryxWqZr3/lib/python3.12/site-packages/pygame/.dylibs/libSDL2-2.0.0.dylib (0x111d94ea0). This may cause spurious casting failures and mysterious crashes. One of the duplicates must be removed or renamed.
objc[20169]: Class METAL_TextureData is implemented in both ./.venv/lib/python3.12/site-packages/cv2/.dylibs/libSDL2-2.0.0.dylib (0x107f28d18) and <USER_HOME>/.cache/uv/archive-v0/e93mbMASjXamRryxWqZr3/lib/python3.12/site-packages/pygame/.dylibs/libSDL2-2.0.0.dylib (0x111d94ef0). This may cause spurious casting failures and mysterious crashes. One of the duplicates must be removed or renamed.
[0;93m2026-09-08 09:44:03.656686 [W:onnxruntime:, coreml_execution_provider.cc:113 GetCapability] CoreMLExecutionProvider::GetCapability, number of partitions supported by CoreML: 7 number of nodes in the graph: 244 number of nodes supported by CoreML: 238[m
[0;93m2026-09-08 09:44:04.332875 [W:onnxruntime:, coreml_execution_provider.cc:113 GetCapability] CoreMLExecutionProvider::GetCapability, number of partitions supported by CoreML: 7 number of nodes in the graph: 244 number of nodes supported by CoreML: 238[m
pygame-ce 2.5.8 (SDL 2.32.10, Python 3.12.10)
source-pts-ready-cvlut: 300/1200
source-pts-ready-cvlut: 600/1200
source-pts-ready-cvlut: 900/1200
source-pts-ready-cvlut: 1200/1200
{"status": "completed", "error": null}
