objc[65372]: Class SDL_RumbleMotor is implemented in both ./.venv/lib/python3.12/site-packages/cv2/.dylibs/libSDL2-2.0.0.dylib (0x1097b0d40) and <USER_HOME>/.cache/uv/archive-v0/pgxgE-Sqs2Gzl32-3tA2j/lib/python3.12/site-packages/pygame/.dylibs/libSDL2-2.0.0.dylib (0x10f2a49c8). This may cause spurious casting failures and mysterious crashes. One of the duplicates must be removed or renamed.
objc[65372]: Class SDL_RumbleContext is implemented in both ./.venv/lib/python3.12/site-packages/cv2/.dylibs/libSDL2-2.0.0.dylib (0x1097b0d90) and <USER_HOME>/.cache/uv/archive-v0/pgxgE-Sqs2Gzl32-3tA2j/lib/python3.12/site-packages/pygame/.dylibs/libSDL2-2.0.0.dylib (0x10f2a4a18). This may cause spurious casting failures and mysterious crashes. One of the duplicates must be removed or renamed.
objc[65372]: Class SDLApplication is implemented in both ./.venv/lib/python3.12/site-packages/cv2/.dylibs/libSDL2-2.0.0.dylib (0x1097b0890) and <USER_HOME>/.cache/uv/archive-v0/pgxgE-Sqs2Gzl32-3tA2j/lib/python3.12/site-packages/pygame/.dylibs/libSDL2-2.0.0.dylib (0x10f2a4a68). This may cause spurious casting failures and mysterious crashes. One of the duplicates must be removed or renamed.
objc[65372]: Class SDLAppDelegate is implemented in both ./.venv/lib/python3.12/site-packages/cv2/.dylibs/libSDL2-2.0.0.dylib (0x1097b08e0) and <USER_HOME>/.cache/uv/archive-v0/pgxgE-Sqs2Gzl32-3tA2j/lib/python3.12/site-packages/pygame/.dylibs/libSDL2-2.0.0.dylib (0x10f2a4ab8). This may cause spurious casting failures and mysterious crashes. One of the duplicates must be removed or renamed.
objc[65372]: Class SDLTranslatorResponder is implemented in both ./.venv/lib/python3.12/site-packages/cv2/.dylibs/libSDL2-2.0.0.dylib (0x1097b0958) and <USER_HOME>/.cache/uv/archive-v0/pgxgE-Sqs2Gzl32-3tA2j/lib/python3.12/site-packages/pygame/.dylibs/libSDL2-2.0.0.dylib (0x10f2a4b30). This may cause spurious casting failures and mysterious crashes. One of the duplicates must be removed or renamed.
objc[65372]: Class SDLMessageBoxPresenter is implemented in both ./.venv/lib/python3.12/site-packages/cv2/.dylibs/libSDL2-2.0.0.dylib (0x1097b0980) and <USER_HOME>/.cache/uv/archive-v0/pgxgE-Sqs2Gzl32-3tA2j/lib/python3.12/site-packages/pygame/.dylibs/libSDL2-2.0.0.dylib (0x10f2a4b58). This may cause spurious casting failures and mysterious crashes. One of the duplicates must be removed or renamed.
objc[65372]: Class SDL_cocoametalview is implemented in both ./.venv/lib/python3.12/site-packages/cv2/.dylibs/libSDL2-2.0.0.dylib (0x1097b09d0) and <USER_HOME>/.cache/uv/archive-v0/pgxgE-Sqs2Gzl32-3tA2j/lib/python3.12/site-packages/pygame/.dylibs/libSDL2-2.0.0.dylib (0x10f2a4ba8). This may cause spurious casting failures and mysterious crashes. One of the duplicates must be removed or renamed.
objc[65372]: Class SDLOpenGLContext is implemented in both ./.venv/lib/python3.12/site-packages/cv2/.dylibs/libSDL2-2.0.0.dylib (0x1097b0a20) and <USER_HOME>/.cache/uv/archive-v0/pgxgE-Sqs2Gzl32-3tA2j/lib/python3.12/site-packages/pygame/.dylibs/libSDL2-2.0.0.dylib (0x10f2a4bf8). This may cause spurious casting failures and mysterious crashes. One of the duplicates must be removed or renamed.
objc[65372]: Class SDL_ShapeData is implemented in both ./.venv/lib/python3.12/site-packages/cv2/.dylibs/libSDL2-2.0.0.dylib (0x1097b0a98) and <USER_HOME>/.cache/uv/archive-v0/pgxgE-Sqs2Gzl32-3tA2j/lib/python3.12/site-packages/pygame/.dylibs/libSDL2-2.0.0.dylib (0x10f2a4c70). This may cause spurious casting failures and mysterious crashes. One of the duplicates must be removed or renamed.
objc[65372]: Class SDL_CocoaClosure is implemented in both ./.venv/lib/python3.12/site-packages/cv2/.dylibs/libSDL2-2.0.0.dylib (0x1097b0ae8) and <USER_HOME>/.cache/uv/archive-v0/pgxgE-Sqs2Gzl32-3tA2j/lib/python3.12/site-packages/pygame/.dylibs/libSDL2-2.0.0.dylib (0x10f2a4cc0). This may cause spurious casting failures and mysterious crashes. One of the duplicates must be removed or renamed.
objc[65372]: Class SDL_VideoData is implemented in both ./.venv/lib/python3.12/site-packages/cv2/.dylibs/libSDL2-2.0.0.dylib (0x1097b0b38) and <USER_HOME>/.cache/uv/archive-v0/pgxgE-Sqs2Gzl32-3tA2j/lib/python3.12/site-packages/pygame/.dylibs/libSDL2-2.0.0.dylib (0x10f2a4d10). This may cause spurious casting failures and mysterious crashes. One of the duplicates must be removed or renamed.
objc[65372]: Class SDL_WindowData is implemented in both ./.venv/lib/python3.12/site-packages/cv2/.dylibs/libSDL2-2.0.0.dylib (0x1097b0b88) and <USER_HOME>/.cache/uv/archive-v0/pgxgE-Sqs2Gzl32-3tA2j/lib/python3.12/site-packages/pygame/.dylibs/libSDL2-2.0.0.dylib (0x10f2a4d60). This may cause spurious casting failures and mysterious crashes. One of the duplicates must be removed or renamed.
objc[65372]: Class SDLWindow is implemented in both ./.venv/lib/python3.12/site-packages/cv2/.dylibs/libSDL2-2.0.0.dylib (0x1097b0bb0) and <USER_HOME>/.cache/uv/archive-v0/pgxgE-Sqs2Gzl32-3tA2j/lib/python3.12/site-packages/pygame/.dylibs/libSDL2-2.0.0.dylib (0x10f2a4d88). This may cause spurious casting failures and mysterious crashes. One of the duplicates must be removed or renamed.
objc[65372]: Class Cocoa_WindowListener is implemented in both ./.venv/lib/python3.12/site-packages/cv2/.dylibs/libSDL2-2.0.0.dylib (0x1097b0bd8) and <USER_HOME>/.cache/uv/archive-v0/pgxgE-Sqs2Gzl32-3tA2j/lib/python3.12/site-packages/pygame/.dylibs/libSDL2-2.0.0.dylib (0x10f2a4db0). This may cause spurious casting failures and mysterious crashes. One of the duplicates must be removed or renamed.
objc[65372]: Class SDLView is implemented in both ./.venv/lib/python3.12/site-packages/cv2/.dylibs/libSDL2-2.0.0.dylib (0x1097b0c50) and <USER_HOME>/.cache/uv/archive-v0/pgxgE-Sqs2Gzl32-3tA2j/lib/python3.12/site-packages/pygame/.dylibs/libSDL2-2.0.0.dylib (0x10f2a4e28). This may cause spurious casting failures and mysterious crashes. One of the duplicates must be removed or renamed.
objc[65372]: Class METAL_RenderData is implemented in both ./.venv/lib/python3.12/site-packages/cv2/.dylibs/libSDL2-2.0.0.dylib (0x1097b0cc8) and <USER_HOME>/.cache/uv/archive-v0/pgxgE-Sqs2Gzl32-3tA2j/lib/python3.12/site-packages/pygame/.dylibs/libSDL2-2.0.0.dylib (0x10f2a4ea0). This may cause spurious casting failures and mysterious crashes. One of the duplicates must be removed or renamed.
objc[65372]: Class METAL_TextureData is implemented in both ./.venv/lib/python3.12/site-packages/cv2/.dylibs/libSDL2-2.0.0.dylib (0x1097b0d18) and <USER_HOME>/.cache/uv/archive-v0/pgxgE-Sqs2Gzl32-3tA2j/lib/python3.12/site-packages/pygame/.dylibs/libSDL2-2.0.0.dylib (0x10f2a4ef0). This may cause spurious casting failures and mysterious crashes. One of the duplicates must be removed or renamed.
pygame-ce 2.5.8 (SDL 2.32.10, Python 3.12.10)
source-pts-ready-cvlut: 300/3599
source-pts-ready-cvlut: 600/3599
source-pts-ready-cvlut: 900/3599
source-pts-ready-cvlut: 1200/3599
source-pts-ready-cvlut: 1500/3599
source-pts-ready-cvlut: 1800/3599
source-pts-ready-cvlut: 2100/3599
source-pts-ready-cvlut: 2400/3599
source-pts-ready-cvlut: 2700/3599
source-pts-ready-cvlut: 3000/3599
source-pts-ready-cvlut: 3300/3599
{"status": "completed", "error": null}
