2026-09-08 10:00:57.513 Python[42699:12158833] profile function : main
2026-09-08 10:00:57.517 Python[42699:12158833] Operation: ios18.conv, Device Usage: <MLGPUComputeDevice: 0x12d6c2a00> Apple M5, Estimated Cost: 0.003885
2026-09-08 10:00:57.520 Python[42699:12158833] Operation: ios18.sigmoid, Device Usage: <MLGPUComputeDevice: 0x12d6c2a00> Apple M5, Estimated Cost: 0.007925
2026-09-08 10:00:57.520 Python[42699:12158833] Operation: ios18.mul, Device Usage: <MLGPUComputeDevice: 0x12d6c2a00> Apple M5, Estimated Cost: 0.009644
2026-09-08 10:00:57.520 Python[42699:12158833] Operation: ios18.conv, Device Usage: <MLGPUComputeDevice: 0x12d6c2a00> Apple M5, Estimated Cost: 0.015256
2026-09-08 10:00:57.520 Python[42699:12158833] Operation: ios18.sigmoid, Device Usage: <MLGPUComputeDevice: 0x12d6c2a00> Apple M5, Estimated Cost: 0.007925
2026-09-08 10:00:57.520 Python[42699:12158833] Operation: ios18.mul, Device Usage: <MLGPUComputeDevice: 0x12d6c2a00> Apple M5, Estimated Cost: 0.009644
2026-09-08 10:00:57.520 Python[42699:12158833] Operation: ios18.conv, Device Usage: <MLGPUComputeDevice: 0x12d6c2a00> Apple M5, Estimated Cost: 0.030511
2026-09-08 10:00:57.520 Python[42699:12158833] Operation: ios18.sigmoid, Device Usage: <MLGPUComputeDevice: 0x12d6c2a00> Apple M5, Estimated Cost: 0.015850
2026-09-08 10:00:57.520 Python[42699:12158833] Operation: ios18.mul, Device Usage: <MLGPUComputeDevice: 0x12d6c2a00> Apple M5, Estimated Cost: 0.019288
2026-09-08 10:00:57.520 Python[42699:12158833] Operation: ios18.conv, Device Usage: <MLGPUComputeDevice: 0x12d6c2a00> Apple M5, Estimated Cost: 0.030476
2026-09-08 10:00:57.521 Python[42699:12158833] Operation: ios18.sigmoid, Device Usage: <MLGPUComputeDevice: 0x12d6c2a00> Apple M5, Estimated Cost: 0.007925
2026-09-08 10:00:57.521 Python[42699:12158833] Operation: ios18.mul, Device Usage: <MLGPUComputeDevice: 0x12d6c2a00> Apple M5, Estimated Cost: 0.009644
2026-09-08 10:00:57.521 Python[42699:12158833] Operation: ios18.conv, Device Usage: <MLGPUComputeDevice: 0x12d6c2a00> Apple M5, Estimated Cost: 0.002379
2026-09-08 10:00:57.521 Python[42699:12158833] Operation: ios18.sigmoid, Device Usage: <MLGPUComputeDevice: 0x12d6c2a00> Apple M5, Estimated Cost: 0.003962
2026-09-08 10:00:57.521 Python[42699:12158833] Operation: ios18.mul, Device Usage: <MLGPUComputeDevice: 0x12d6c2a00> Apple M5, Estimated Cost: 0.004822
2026-09-08 10:00:57.521 Python[42699:12158833] Operation: ios18.conv, Device Usage: <MLGPUComputeDevice: 0x12d6c2a00> Apple M5, Estimated Cost: 0.015238
2026-09-08 10:00:57.521 Python[42699:12158833] Operation: ios18.sigmoid, Device Usage: <MLGPUComputeDevice: 0x12d6c2a00> Apple M5, Estimated Cost: 0.003962
2026-09-08 10:00:57.521 Python[42699:12158833] Operation: ios18.mul, Device Usage: <MLGPUComputeDevice: 0x12d6c2a00> Apple M5, Estimated Cost: 0.004822
2026-09-08 10:00:57.521 Python[42699:12158833] Operation: ios18.conv, Device Usage: <MLGPUComputeDevice: 0x12d6c2a00> Apple M5, Estimated Cost: 0.001801
2026-09-08 10:00:57.522 Python[42699:12158833] Operation: ios18.sigmoid, Device Usage: <MLGPUComputeDevice: 0x12d6c2a00> Apple M5, Estimated Cost: 0.003962
2026-09-08 10:00:57.522 Python[42699:12158833] Operation: ios18.mul, Device Usage: <MLGPUComputeDevice: 0x12d6c2a00> Apple M5, Estimated Cost: 0.004822
2026-09-08 10:00:57.522 Python[42699:12158833] Operation: ios18.conv, Device Usage: <MLGPUComputeDevice: 0x12d6c2a00> Apple M5, Estimated Cost: 0.003426
2026-09-08 10:00:57.522 Python[42699:12158833] Operation: ios18.sigmoid, Device Usage: <MLGPUComputeDevice: 0x12d6c2a00> Apple M5, Estimated Cost: 0.003962
2026-09-08 10:00:57.522 Python[42699:12158833] Operation: ios18.mul, Device Usage: <MLGPUComputeDevice: 0x12d6c2a00> Apple M5, Estimated Cost: 0.004822
2026-09-08 10:00:57.522 Python[42699:12158833] Operation: ios18.add, Device Usage: <MLGPUComputeDevice: 0x12d6c2a00> Apple M5, Estimated Cost: 0.005276
2026-09-08 10:00:57.522 Python[42699:12158833] Operation: ios18.conv, Device Usage: <MLGPUComputeDevice: 0x12d6c2a00> Apple M5, Estimated Cost: 0.015238
2026-09-08 10:00:57.522 Python[42699:12158833] Operation: ios18.sigmoid, Device Usage: <MLGPUComputeDevice: 0x12d6c2a00> Apple M5, Estimated Cost: 0.003962
2026-09-08 10:00:57.522 Python[42699:12158833] Operation: ios18.mul, Device Usage: <MLGPUComputeDevice: 0x12d6c2a00> Apple M5, Estimated Cost: 0.004822
2026-09-08 10:00:57.522 Python[42699:12158833] Operation: ios18.conv, Device Usage: <MLGPUComputeDevice: 0x12d6c2a00> Apple M5, Estimated Cost: 0.001801
2026-09-08 10:00:57.522 Python[42699:12158833] Operation: ios18.sigmoid, Device Usage: <MLGPUComputeDevice: 0x12d6c2a00> Apple M5, Estimated Cost: 0.003962
2026-09-08 10:00:57.522 Python[42699:12158833] Operation: ios18.mul, Device Usage: <MLGPUComputeDevice: 0x12d6c2a00> Apple M5, Estimated Cost: 0.004822
2026-09-08 10:00:57.522 Python[42699:12158833] Operation: ios18.conv, Device Usage: <MLGPUComputeDevice: 0x12d6c2a00> Apple M5, Estimated Cost: 0.003426
2026-09-08 10:00:57.522 Python[42699:12158833] Operation: ios18.sigmoid, Device Usage: <MLGPUComputeDevice: 0x12d6c2a00> Apple M5, Estimated Cost: 0.003962
2026-09-08 10:00:57.522 Python[42699:12158833] Operation: ios18.mul, Device Usage: <MLGPUComputeDevice: 0x12d6c2a00> Apple M5, Estimated Cost: 0.004822
2026-09-08 10:00:57.523 Python[42699:12158833] Operation: ios18.add, Device Usage: <MLGPUComputeDevice: 0x12d6c2a00> Apple M5, Estimated Cost: 0.005276
2026-09-08 10:00:57.523 Python[42699:12158833] Operation: ios18.conv, Device Usage: <MLGPUComputeDevice: 0x12d6c2a00> Apple M5, Estimated Cost: 0.002379
2026-09-08 10:00:57.523 Python[42699:12158833] Operation: ios18.sigmoid, Device Usage: <MLGPUComputeDevice: 0x12d6c2a00> Apple M5, Estimated Cost: 0.003962
2026-09-08 10:00:57.523 Python[42699:12158833] Operation: ios18.mul, Device Usage: <MLGPUComputeDevice: 0x12d6c2a00> Apple M5, Estimated Cost: 0.004822
2026-09-08 10:00:57.523 Python[42699:12158833] Operation: ios18.concat, Device Usage: <MLGPUComputeDevice: 0x12d6c2a00> Apple M5, Estimated Cost: 0.007233
2026-09-08 10:00:57.523 Python[42699:12158833] Operation: ios16.reduce_mean, Device Usage: <MLGPUComputeDevice: 0x12d6c2a00> Apple M5, Estimated Cost: 0.003964
2026-09-08 10:00:57.523 Python[42699:12158833] Operation: ios18.conv, Device Usage: <MLGPUComputeDevice: 0x12d6c2a00> Apple M5, Estimated Cost: 0.000023
2026-09-08 10:00:57.523 Python[42699:12158833] Operation: ios18.sigmoid_hard, Device Usage: <MLGPUComputeDevice: 0x12d6c2a00> Apple M5, Estimated Cost: 0.000003
2026-09-08 10:00:57.523 Python[42699:12158833] Operation: ios18.mul, Device Usage: <MLGPUComputeDevice: 0x12d6c2a00> Apple M5, Estimated Cost: 0.004823
2026-09-08 10:00:57.523 Python[42699:12158833] Operation: ios18.conv, Device Usage: <MLGPUComputeDevice: 0x12d6c2a00> Apple M5, Estimated Cost: 0.004757
2026-09-08 10:00:57.523 Python[42699:12158833] Operation: ios18.sigmoid, Device Usage: <MLGPUComputeDevice: 0x12d6c2a00> Apple M5, Estimated Cost: 0.007925
2026-09-08 10:00:57.523 Python[42699:12158833] Operation: ios18.mul, Device Usage: <MLGPUComputeDevice: 0x12d6c2a00> Apple M5, Estimated Cost: 0.009644
2026-09-08 10:00:57.523 Python[42699:12158833] Operation: ios18.conv, Device Usage: <MLGPUComputeDevice: 0x12d6c2a00> Apple M5, Estimated Cost: 0.030458
2026-09-08 10:00:57.523 Python[42699:12158833] Operation: ios18.sigmoid, Device Usage: <MLGPUComputeDevice: 0x12d6c2a00> Apple M5, Estimated Cost: 0.003962
2026-09-08 10:00:57.523 Python[42699:12158833] Operation: ios18.mul, Device Usage: <MLGPUComputeDevice: 0x12d6c2a00> Apple M5, Estimated Cost: 0.004822
2026-09-08 10:00:57.523 Python[42699:12158833] Operation: ios18.conv, Device Usage: <MLGPUComputeDevice: 0x12d6c2a00> Apple M5, Estimated Cost: 0.002373
2026-09-08 10:00:57.523 Python[42699:12158833] Operation: ios18.sigmoid, Device Usage: <MLGPUComputeDevice: 0x12d6c2a00> Apple M5, Estimated Cost: 0.001981
2026-09-08 10:00:57.523 Python[42699:12158833] Operation: ios18.mul, Device Usage: <MLGPUComputeDevice: 0x12d6c2a00> Apple M5, Estimated Cost: 0.002411
2026-09-08 10:00:57.524 Python[42699:12158833] Operation: ios18.conv, Device Usage: <MLGPUComputeDevice: 0x12d6c2a00> Apple M5, Estimated Cost: 0.015229
2026-09-08 10:00:57.524 Python[42699:12158833] Operation: ios18.sigmoid, Device Usage: <MLGPUComputeDevice: 0x12d6c2a00> Apple M5, Estimated Cost: 0.001981
2026-09-08 10:00:57.524 Python[42699:12158833] Operation: ios18.mul, Device Usage: <MLGPUComputeDevice: 0x12d6c2a00> Apple M5, Estimated Cost: 0.002411
2026-09-08 10:00:57.524 Python[42699:12158833] Operation: ios18.conv, Device Usage: <MLGPUComputeDevice: 0x12d6c2a00> Apple M5, Estimated Cost: 0.004618
2026-09-08 10:00:57.524 Python[42699:12158833] Operation: ios18.sigmoid, Device Usage: <MLGPUComputeDevice: 0x12d6c2a00> Apple M5, Estimated Cost: 0.001981
2026-09-08 10:00:57.524 Python[42699:12158833] Operation: ios18.mul, Device Usage: <MLGPUComputeDevice: 0x12d6c2a00> Apple M5, Estimated Cost: 0.002411
2026-09-08 10:00:57.524 Python[42699:12158833] Operation: ios18.conv, Device Usage: <MLGPUComputeDevice: 0x12d6c2a00> Apple M5, Estimated Cost: 0.003408
2026-09-08 10:00:57.524 Python[42699:12158833] Operation: ios18.sigmoid, Device Usage: <MLGPUComputeDevice: 0x12d6c2a00> Apple M5, Estimated Cost: 0.001981
2026-09-08 10:00:57.524 Python[42699:12158833] Operation: ios18.mul, Device Usage: <MLGPUComputeDevice: 0x12d6c2a00> Apple M5, Estimated Cost: 0.002411
2026-09-08 10:00:57.524 Python[42699:12158833] Operation: ios18.add, Device Usage: <MLGPUComputeDevice: 0x12d6c2a00> Apple M5, Estimated Cost: 0.002638
2026-09-08 10:00:57.524 Python[42699:12158833] Operation: ios18.conv, Device Usage: <MLGPUComputeDevice: 0x12d6c2a00> Apple M5, Estimated Cost: 0.015229
2026-09-08 10:00:57.524 Python[42699:12158833] Operation: ios18.sigmoid, Device Usage: <MLGPUComputeDevice: 0x12d6c2a00> Apple M5, Estimated Cost: 0.001981
2026-09-08 10:00:57.524 Python[42699:12158833] Operation: ios18.mul, Device Usage: <MLGPUComputeDevice: 0x12d6c2a00> Apple M5, Estimated Cost: 0.002411
2026-09-08 10:00:57.524 Python[42699:12158833] Operation: ios18.conv, Device Usage: <MLGPUComputeDevice: 0x12d6c2a00> Apple M5, Estimated Cost: 0.004618
2026-09-08 10:00:57.524 Python[42699:12158833] Operation: ios18.sigmoid, Device Usage: <MLGPUComputeDevice: 0x12d6c2a00> Apple M5, Estimated Cost: 0.001981
2026-09-08 10:00:57.524 Python[42699:12158833] Operation: ios18.mul, Device Usage: <MLGPUComputeDevice: 0x12d6c2a00> Apple M5, Estimated Cost: 0.002411
2026-09-08 10:00:57.524 Python[42699:12158833] Operation: ios18.conv, Device Usage: <MLGPUComputeDevice: 0x12d6c2a00> Apple M5, Estimated Cost: 0.003408
2026-09-08 10:00:57.525 Python[42699:12158833] Operation: ios18.sigmoid, Device Usage: <MLGPUComputeDevice: 0x12d6c2a00> Apple M5, Estimated Cost: 0.001981
2026-09-08 10:00:57.525 Python[42699:12158833] Operation: ios18.mul, Device Usage: <MLGPUComputeDevice: 0x12d6c2a00> Apple M5, Estimated Cost: 0.002411
2026-09-08 10:00:57.525 Python[42699:12158833] Operation: ios18.add, Device Usage: <MLGPUComputeDevice: 0x12d6c2a00> Apple M5, Estimated Cost: 0.002638
2026-09-08 10:00:57.525 Python[42699:12158833] Operation: ios18.conv, Device Usage: <MLGPUComputeDevice: 0x12d6c2a00> Apple M5, Estimated Cost: 0.015229
2026-09-08 10:00:57.525 Python[42699:12158833] Operation: ios18.sigmoid, Device Usage: <MLGPUComputeDevice: 0x12d6c2a00> Apple M5, Estimated Cost: 0.001981
2026-09-08 10:00:57.525 Python[42699:12158833] Operation: ios18.mul, Device Usage: <MLGPUComputeDevice: 0x12d6c2a00> Apple M5, Estimated Cost: 0.002411
2026-09-08 10:00:57.525 Python[42699:12158833] Operation: ios18.conv, Device Usage: <MLGPUComputeDevice: 0x12d6c2a00> Apple M5, Estimated Cost: 0.004618
2026-09-08 10:00:57.525 Python[42699:12158833] Operation: ios18.sigmoid, Device Usage: <MLGPUComputeDevice: 0x12d6c2a00> Apple M5, Estimated Cost: 0.001981
2026-09-08 10:00:57.525 Python[42699:12158833] Operation: ios18.mul, Device Usage: <MLGPUComputeDevice: 0x12d6c2a00> Apple M5, Estimated Cost: 0.002411
2026-09-08 10:00:57.525 Python[42699:12158833] Operation: ios18.conv, Device Usage: <MLGPUComputeDevice: 0x12d6c2a00> Apple M5, Estimated Cost: 0.003408
2026-09-08 10:00:57.525 Python[42699:12158833] Operation: ios18.sigmoid, Device Usage: <MLGPUComputeDevice: 0x12d6c2a00> Apple M5, Estimated Cost: 0.001981
2026-09-08 10:00:57.525 Python[42699:12158833] Operation: ios18.mul, Device Usage: <MLGPUComputeDevice: 0x12d6c2a00> Apple M5, Estimated Cost: 0.002411
2026-09-08 10:00:57.525 Python[42699:12158833] Operation: ios18.add, Device Usage: <MLGPUComputeDevice: 0x12d6c2a00> Apple M5, Estimated Cost: 0.002638
2026-09-08 10:00:57.525 Python[42699:12158833] Operation: ios18.conv, Device Usage: <MLGPUComputeDevice: 0x12d6c2a00> Apple M5, Estimated Cost: 0.015229
2026-09-08 10:00:57.525 Python[42699:12158833] Operation: ios18.sigmoid, Device Usage: <MLGPUComputeDevice: 0x12d6c2a00> Apple M5, Estimated Cost: 0.001981
2026-09-08 10:00:57.525 Python[42699:12158833] Operation: ios18.mul, Device Usage: <MLGPUComputeDevice: 0x12d6c2a00> Apple M5, Estimated Cost: 0.002411
2026-09-08 10:00:57.525 Python[42699:12158833] Operation: ios18.conv, Device Usage: <MLGPUComputeDevice: 0x12d6c2a00> Apple M5, Estimated Cost: 0.004618
2026-09-08 10:00:57.526 Python[42699:12158833] Operation: ios18.sigmoid, Device Usage: <MLGPUComputeDevice: 0x12d6c2a00> Apple M5, Estimated Cost: 0.001981
2026-09-08 10:00:57.526 Python[42699:12158833] Operation: ios18.mul, Device Usage: <MLGPUComputeDevice: 0x12d6c2a00> Apple M5, Estimated Cost: 0.002411
2026-09-08 10:00:57.526 Python[42699:12158833] Operation: ios18.conv, Device Usage: <MLGPUComputeDevice: 0x12d6c2a00> Apple M5, Estimated Cost: 0.003408
2026-09-08 10:00:57.526 Python[42699:12158833] Operation: ios18.sigmoid, Device Usage: <MLGPUComputeDevice: 0x12d6c2a00> Apple M5, Estimated Cost: 0.001981
2026-09-08 10:00:57.526 Python[42699:12158833] Operation: ios18.mul, Device Usage: <MLGPUComputeDevice: 0x12d6c2a00> Apple M5, Estimated Cost: 0.002411
2026-09-08 10:00:57.526 Python[42699:12158833] Operation: ios18.add, Device Usage: <MLGPUComputeDevice: 0x12d6c2a00> Apple M5, Estimated Cost: 0.002638
2026-09-08 10:00:57.526 Python[42699:12158833] Operation: ios18.conv, Device Usage: <MLGPUComputeDevice: 0x12d6c2a00> Apple M5, Estimated Cost: 0.002373
2026-09-08 10:00:57.526 Python[42699:12158833] Operation: ios18.sigmoid, Device Usage: <MLGPUComputeDevice: 0x12d6c2a00> Apple M5, Estimated Cost: 0.001981
2026-09-08 10:00:57.526 Python[42699:12158833] Operation: ios18.mul, Device Usage: <MLGPUComputeDevice: 0x12d6c2a00> Apple M5, Estimated Cost: 0.002411
2026-09-08 10:00:57.526 Python[42699:12158833] Operation: ios18.concat, Device Usage: <MLGPUComputeDevice: 0x12d6c2a00> Apple M5, Estimated Cost: 0.003616
2026-09-08 10:00:57.526 Python[42699:12158833] Operation: ios16.reduce_mean, Device Usage: <MLGPUComputeDevice: 0x12d6c2a00> Apple M5, Estimated Cost: 0.001984
2026-09-08 10:00:57.526 Python[42699:12158833] Operation: ios18.conv, Device Usage: <MLGPUComputeDevice: 0x12d6c2a00> Apple M5, Estimated Cost: 0.000091
2026-09-08 10:00:57.526 Python[42699:12158833] Operation: ios18.sigmoid_hard, Device Usage: <MLGPUComputeDevice: 0x12d6c2a00> Apple M5, Estimated Cost: 0.000005
2026-09-08 10:00:57.526 Python[42699:12158833] Operation: ios18.mul, Device Usage: <MLGPUComputeDevice: 0x12d6c2a00> Apple M5, Estimated Cost: 0.002414
2026-09-08 10:00:57.526 Python[42699:12158833] Operation: ios18.conv, Device Usage: <MLGPUComputeDevice: 0x12d6c2a00> Apple M5, Estimated Cost: 0.004745
2026-09-08 10:00:57.527 Python[42699:12158833] Operation: ios18.sigmoid, Device Usage: <MLGPUComputeDevice: 0x12d6c2a00> Apple M5, Estimated Cost: 0.003962
2026-09-08 10:00:57.527 Python[42699:12158833] Operation: ios18.mul, Device Usage: <MLGPUComputeDevice: 0x12d6c2a00> Apple M5, Estimated Cost: 0.004822
2026-09-08 10:00:57.527 Python[42699:12158833] Operation: ios18.conv, Device Usage: <MLGPUComputeDevice: 0x12d6c2a00> Apple M5, Estimated Cost: 0.030450
2026-09-08 10:00:57.527 Python[42699:12158833] Operation: ios18.sigmoid, Device Usage: <MLGPUComputeDevice: 0x12d6c2a00> Apple M5, Estimated Cost: 0.001981
2026-09-08 10:00:57.527 Python[42699:12158833] Operation: ios18.mul, Device Usage: <MLGPUComputeDevice: 0x12d6c2a00> Apple M5, Estimated Cost: 0.002411
2026-09-08 10:00:57.527 Python[42699:12158833] Operation: ios18.conv, Device Usage: <MLGPUComputeDevice: 0x12d6c2a00> Apple M5, Estimated Cost: 0.002369
2026-09-08 10:00:57.531 Python[42699:12158833] Operation: ios18.sigmoid, Device Usage: <MLGPUComputeDevice: 0x12d6c2a00> Apple M5, Estimated Cost: 0.000991
2026-09-08 10:00:57.531 Python[42699:12158833] Operation: ios18.mul, Device Usage: <MLGPUComputeDevice: 0x12d6c2a00> Apple M5, Estimated Cost: 0.001205
2026-09-08 10:00:57.531 Python[42699:12158833] Operation: ios18.conv, Device Usage: <MLGPUComputeDevice: 0x12d6c2a00> Apple M5, Estimated Cost: 0.015225
2026-09-08 10:00:57.531 Python[42699:12158833] Operation: ios18.sigmoid, Device Usage: <MLGPUComputeDevice: 0x12d6c2a00> Apple M5, Estimated Cost: 0.000991
2026-09-08 10:00:57.531 Python[42699:12158833] Operation: ios18.mul, Device Usage: <MLGPUComputeDevice: 0x12d6c2a00> Apple M5, Estimated Cost: 0.001205
2026-09-08 10:00:57.531 Python[42699:12158833] Operation: ios18.conv, Device Usage: <MLGPUComputeDevice: 0x12d6c2a00> Apple M5, Estimated Cost: 0.002309
2026-09-08 10:00:57.531 Python[42699:12158833] Operation: ios18.sigmoid, Device Usage: <MLGPUComputeDevice: 0x12d6c2a00> Apple M5, Estimated Cost: 0.000991
2026-09-08 10:00:57.531 Python[42699:12158833] Operation: ios18.mul, Device Usage: <MLGPUComputeDevice: 0x12d6c2a00> Apple M5, Estimated Cost: 0.001205
2026-09-08 10:00:57.531 Python[42699:12158833] Operation: ios18.conv, Device Usage: <MLGPUComputeDevice: 0x12d6c2a00> Apple M5, Estimated Cost: 0.003399
2026-09-08 10:00:57.531 Python[42699:12158833] Operation: ios18.sigmoid, Device Usage: <MLGPUComputeDevice: 0x12d6c2a00> Apple M5, Estimated Cost: 0.000991
2026-09-08 10:00:57.532 Python[42699:12158833] Operation: ios18.mul, Device Usage: <MLGPUComputeDevice: 0x12d6c2a00> Apple M5, Estimated Cost: 0.001205
2026-09-08 10:00:57.532 Python[42699:12158833] Operation: ios18.add, Device Usage: <MLGPUComputeDevice: 0x12d6c2a00> Apple M5, Estimated Cost: 0.001319
2026-09-08 10:00:57.532 Python[42699:12158833] Operation: ios18.conv, Device Usage: <MLGPUComputeDevice: 0x12d6c2a00> Apple M5, Estimated Cost: 0.015225
2026-09-08 10:00:57.532 Python[42699:12158833] Operation: ios18.sigmoid, Device Usage: <MLGPUComputeDevice: 0x12d6c2a00> Apple M5, Estimated Cost: 0.000991
2026-09-08 10:00:57.532 Python[42699:12158833] Operation: ios18.mul, Device Usage: <MLGPUComputeDevice: 0x12d6c2a00> Apple M5, Estimated Cost: 0.001205
2026-09-08 10:00:57.532 Python[42699:12158833] Operation: ios18.conv, Device Usage: <MLGPUComputeDevice: 0x12d6c2a00> Apple M5, Estimated Cost: 0.002309
2026-09-08 10:00:57.532 Python[42699:12158833] Operation: ios18.sigmoid, Device Usage: <MLGPUComputeDevice: 0x12d6c2a00> Apple M5, Estimated Cost: 0.000991
2026-09-08 10:00:57.532 Python[42699:12158833] Operation: ios18.mul, Device Usage: <MLGPUComputeDevice: 0x12d6c2a00> Apple M5, Estimated Cost: 0.001205
2026-09-08 10:00:57.532 Python[42699:12158833] Operation: ios18.conv, Device Usage: <MLGPUComputeDevice: 0x12d6c2a00> Apple M5, Estimated Cost: 0.003399
2026-09-08 10:00:57.532 Python[42699:12158833] Operation: ios18.sigmoid, Device Usage: <MLGPUComputeDevice: 0x12d6c2a00> Apple M5, Estimated Cost: 0.000991
2026-09-08 10:00:57.532 Python[42699:12158833] Operation: ios18.mul, Device Usage: <MLGPUComputeDevice: 0x12d6c2a00> Apple M5, Estimated Cost: 0.001205
2026-09-08 10:00:57.532 Python[42699:12158833] Operation: ios18.add, Device Usage: <MLGPUComputeDevice: 0x12d6c2a00> Apple M5, Estimated Cost: 0.001319
2026-09-08 10:00:57.532 Python[42699:12158833] Operation: ios18.conv, Device Usage: <MLGPUComputeDevice: 0x12d6c2a00> Apple M5, Estimated Cost: 0.015225
2026-09-08 10:00:57.532 Python[42699:12158833] Operation: ios18.sigmoid, Device Usage: <MLGPUComputeDevice: 0x12d6c2a00> Apple M5, Estimated Cost: 0.000991
2026-09-08 10:00:57.532 Python[42699:12158833] Operation: ios18.mul, Device Usage: <MLGPUComputeDevice: 0x12d6c2a00> Apple M5, Estimated Cost: 0.001205
2026-09-08 10:00:57.532 Python[42699:12158833] Operation: ios18.conv, Device Usage: <MLGPUComputeDevice: 0x12d6c2a00> Apple M5, Estimated Cost: 0.002309
2026-09-08 10:00:57.532 Python[42699:12158833] Operation: ios18.sigmoid, Device Usage: <MLGPUComputeDevice: 0x12d6c2a00> Apple M5, Estimated Cost: 0.000991
2026-09-08 10:00:57.533 Python[42699:12158833] Operation: ios18.mul, Device Usage: <MLGPUComputeDevice: 0x12d6c2a00> Apple M5, Estimated Cost: 0.001205
2026-09-08 10:00:57.533 Python[42699:12158833] Operation: ios18.conv, Device Usage: <MLGPUComputeDevice: 0x12d6c2a00> Apple M5, Estimated Cost: 0.003399
2026-09-08 10:00:57.533 Python[42699:12158833] Operation: ios18.sigmoid, Device Usage: <MLGPUComputeDevice: 0x12d6c2a00> Apple M5, Estimated Cost: 0.000991
2026-09-08 10:00:57.533 Python[42699:12158833] Operation: ios18.mul, Device Usage: <MLGPUComputeDevice: 0x12d6c2a00> Apple M5, Estimated Cost: 0.001205
2026-09-08 10:00:57.533 Python[42699:12158833] Operation: ios18.add, Device Usage: <MLGPUComputeDevice: 0x12d6c2a00> Apple M5, Estimated Cost: 0.001319
2026-09-08 10:00:57.533 Python[42699:12158833] Operation: ios18.conv, Device Usage: <MLGPUComputeDevice: 0x12d6c2a00> Apple M5, Estimated Cost: 0.015225
2026-09-08 10:00:57.533 Python[42699:12158833] Operation: ios18.sigmoid, Device Usage: <MLGPUComputeDevice: 0x12d6c2a00> Apple M5, Estimated Cost: 0.000991
2026-09-08 10:00:57.533 Python[42699:12158833] Operation: ios18.mul, Device Usage: <MLGPUComputeDevice: 0x12d6c2a00> Apple M5, Estimated Cost: 0.001205
2026-09-08 10:00:57.533 Python[42699:12158833] Operation: ios18.conv, Device Usage: <MLGPUComputeDevice: 0x12d6c2a00> Apple M5, Estimated Cost: 0.002309
2026-09-08 10:00:57.533 Python[42699:12158833] Operation: ios18.sigmoid, Device Usage: <MLGPUComputeDevice: 0x12d6c2a00> Apple M5, Estimated Cost: 0.000991
2026-09-08 10:00:57.533 Python[42699:12158833] Operation: ios18.mul, Device Usage: <MLGPUComputeDevice: 0x12d6c2a00> Apple M5, Estimated Cost: 0.001205
2026-09-08 10:00:57.533 Python[42699:12158833] Operation: ios18.conv, Device Usage: <MLGPUComputeDevice: 0x12d6c2a00> Apple M5, Estimated Cost: 0.003399
2026-09-08 10:00:57.533 Python[42699:12158833] Operation: ios18.sigmoid, Device Usage: <MLGPUComputeDevice: 0x12d6c2a00> Apple M5, Estimated Cost: 0.000991
2026-09-08 10:00:57.533 Python[42699:12158833] Operation: ios18.mul, Device Usage: <MLGPUComputeDevice: 0x12d6c2a00> Apple M5, Estimated Cost: 0.001205
2026-09-08 10:00:57.533 Python[42699:12158833] Operation: ios18.add, Device Usage: <MLGPUComputeDevice: 0x12d6c2a00> Apple M5, Estimated Cost: 0.001319
2026-09-08 10:00:57.533 Python[42699:12158833] Operation: ios18.conv, Device Usage: <MLGPUComputeDevice: 0x12d6c2a00> Apple M5, Estimated Cost: 0.002369
2026-09-08 10:00:57.533 Python[42699:12158833] Operation: ios18.sigmoid, Device Usage: <MLGPUComputeDevice: 0x12d6c2a00> Apple M5, Estimated Cost: 0.000991
2026-09-08 10:00:57.534 Python[42699:12158833] Operation: ios18.mul, Device Usage: <MLGPUComputeDevice: 0x12d6c2a00> Apple M5, Estimated Cost: 0.001205
2026-09-08 10:00:57.534 Python[42699:12158833] Operation: ios18.concat, Device Usage: <MLGPUComputeDevice: 0x12d6c2a00> Apple M5, Estimated Cost: 0.001808
2026-09-08 10:00:57.534 Python[42699:12158833] Operation: ios16.reduce_mean, Device Usage: <MLGPUComputeDevice: 0x12d6c2a00> Apple M5, Estimated Cost: 0.000996
2026-09-08 10:00:57.534 Python[42699:12158833] Operation: ios18.conv, Device Usage: <MLGPUComputeDevice: 0x12d6c2a00> Apple M5, Estimated Cost: 0.000363
2026-09-08 10:00:57.534 Python[42699:12158833] Operation: ios18.sigmoid_hard, Device Usage: <MLGPUComputeDevice: 0x12d6c2a00> Apple M5, Estimated Cost: 0.000010
2026-09-08 10:00:57.534 Python[42699:12158833] Operation: ios18.mul, Device Usage: <MLGPUComputeDevice: 0x12d6c2a00> Apple M5, Estimated Cost: 0.001212
2026-09-08 10:00:57.534 Python[42699:12158833] Operation: ios18.conv, Device Usage: <MLGPUComputeDevice: 0x12d6c2a00> Apple M5, Estimated Cost: 0.004739
2026-09-08 10:00:57.534 Python[42699:12158833] Operation: ios18.sigmoid, Device Usage: <MLGPUComputeDevice: 0x12d6c2a00> Apple M5, Estimated Cost: 0.001981
2026-09-08 10:00:57.535 Python[42699:12158833] Operation: ios18.mul, Device Usage: <MLGPUComputeDevice: 0x12d6c2a00> Apple M5, Estimated Cost: 0.002411
2026-09-08 10:00:57.536 Python[42699:12158833] Operation: ios18.conv, Device Usage: <MLGPUComputeDevice: 0x12d6c2a00> Apple M5, Estimated Cost: 0.030445
2026-09-08 10:00:57.536 Python[42699:12158833] Operation: ios18.sigmoid, Device Usage: <MLGPUComputeDevice: 0x12d6c2a00> Apple M5, Estimated Cost: 0.000991
2026-09-08 10:00:57.536 Python[42699:12158833] Operation: ios18.mul, Device Usage: <MLGPUComputeDevice: 0x12d6c2a00> Apple M5, Estimated Cost: 0.001205
2026-09-08 10:00:57.536 Python[42699:12158833] Operation: ios18.conv, Device Usage: <MLGPUComputeDevice: 0x12d6c2a00> Apple M5, Estimated Cost: 0.002368
2026-09-08 10:00:57.536 Python[42699:12158833] Operation: ios18.sigmoid, Device Usage: <MLGPUComputeDevice: 0x12d6c2a00> Apple M5, Estimated Cost: 0.000495
2026-09-08 10:00:57.536 Python[42699:12158833] Operation: ios18.mul, Device Usage: <MLGPUComputeDevice: 0x12d6c2a00> Apple M5, Estimated Cost: 0.000603
2026-09-08 10:00:57.536 Python[42699:12158833] Operation: ios18.max_pool, Device Usage: <MLGPUComputeDevice: 0x12d6c2a00> Apple M5, Estimated Cost: 0.000498
2026-09-08 10:00:57.536 Python[42699:12158833] Operation: ios18.max_pool, Device Usage: <MLGPUComputeDevice: 0x12d6c2a00> Apple M5, Estimated Cost: 0.000496
2026-09-08 10:00:57.536 Python[42699:12158833] Operation: ios18.max_pool, Device Usage: <MLGPUComputeDevice: 0x12d6c2a00> Apple M5, Estimated Cost: 0.000496
2026-09-08 10:00:57.536 Python[42699:12158833] Operation: ios18.concat, Device Usage: <MLGPUComputeDevice: 0x12d6c2a00> Apple M5, Estimated Cost: 0.001808
2026-09-08 10:00:57.536 Python[42699:12158833] Operation: ios18.conv, Device Usage: <MLGPUComputeDevice: 0x12d6c2a00> Apple M5, Estimated Cost: 0.004885
2026-09-08 10:00:57.536 Python[42699:12158833] Operation: ios18.sigmoid, Device Usage: <MLGPUComputeDevice: 0x12d6c2a00> Apple M5, Estimated Cost: 0.000991
2026-09-08 10:00:57.536 Python[42699:12158833] Operation: ios18.mul, Device Usage: <MLGPUComputeDevice: 0x12d6c2a00> Apple M5, Estimated Cost: 0.001205
2026-09-08 10:00:57.536 Python[42699:12158833] Operation: ios18.conv, Device Usage: <MLGPUComputeDevice: 0x12d6c2a00> Apple M5, Estimated Cost: 0.002368
2026-09-08 10:00:57.536 Python[42699:12158833] Operation: ios18.sigmoid, Device Usage: <MLGPUComputeDevice: 0x12d6c2a00> Apple M5, Estimated Cost: 0.000495
2026-09-08 10:00:57.536 Python[42699:12158833] Operation: ios18.mul, Device Usage: <MLGPUComputeDevice: 0x12d6c2a00> Apple M5, Estimated Cost: 0.000603
2026-09-08 10:00:57.537 Python[42699:12158833] Operation: ios18.conv, Device Usage: <MLGPUComputeDevice: 0x12d6c2a00> Apple M5, Estimated Cost: 0.015223
2026-09-08 10:00:57.537 Python[42699:12158833] Operation: ios18.sigmoid, Device Usage: <MLGPUComputeDevice: 0x12d6c2a00> Apple M5, Estimated Cost: 0.000495
2026-09-08 10:00:57.537 Python[42699:12158833] Operation: ios18.mul, Device Usage: <MLGPUComputeDevice: 0x12d6c2a00> Apple M5, Estimated Cost: 0.000603
2026-09-08 10:00:57.537 Python[42699:12158833] Operation: ios18.conv, Device Usage: <MLGPUComputeDevice: 0x12d6c2a00> Apple M5, Estimated Cost: 0.001155
2026-09-08 10:00:57.537 Python[42699:12158833] Operation: ios18.sigmoid, Device Usage: <MLGPUComputeDevice: 0x12d6c2a00> Apple M5, Estimated Cost: 0.000495
2026-09-08 10:00:57.537 Python[42699:12158833] Operation: ios18.mul, Device Usage: <MLGPUComputeDevice: 0x12d6c2a00> Apple M5, Estimated Cost: 0.000603
2026-09-08 10:00:57.537 Python[42699:12158833] Operation: ios18.conv, Device Usage: <MLGPUComputeDevice: 0x12d6c2a00> Apple M5, Estimated Cost: 0.003395
2026-09-08 10:00:57.537 Python[42699:12158833] Operation: ios18.sigmoid, Device Usage: <MLGPUComputeDevice: 0x12d6c2a00> Apple M5, Estimated Cost: 0.000495
2026-09-08 10:00:57.537 Python[42699:12158833] Operation: ios18.mul, Device Usage: <MLGPUComputeDevice: 0x12d6c2a00> Apple M5, Estimated Cost: 0.000603
2026-09-08 10:00:57.537 Python[42699:12158833] Operation: ios18.conv, Device Usage: <MLGPUComputeDevice: 0x12d6c2a00> Apple M5, Estimated Cost: 0.015223
2026-09-08 10:00:57.537 Python[42699:12158833] Operation: ios18.sigmoid, Device Usage: <MLGPUComputeDevice: 0x12d6c2a00> Apple M5, Estimated Cost: 0.000495
2026-09-08 10:00:57.537 Python[42699:12158833] Operation: ios18.mul, Device Usage: <MLGPUComputeDevice: 0x12d6c2a00> Apple M5, Estimated Cost: 0.000603
2026-09-08 10:00:57.537 Python[42699:12158833] Operation: ios18.conv, Device Usage: <MLGPUComputeDevice: 0x12d6c2a00> Apple M5, Estimated Cost: 0.001155
2026-09-08 10:00:57.537 Python[42699:12158833] Operation: ios18.sigmoid, Device Usage: <MLGPUComputeDevice: 0x12d6c2a00> Apple M5, Estimated Cost: 0.000495
2026-09-08 10:00:57.537 Python[42699:12158833] Operation: ios18.mul, Device Usage: <MLGPUComputeDevice: 0x12d6c2a00> Apple M5, Estimated Cost: 0.000603
2026-09-08 10:00:57.537 Python[42699:12158833] Operation: ios18.conv, Device Usage: <MLGPUComputeDevice: 0x12d6c2a00> Apple M5, Estimated Cost: 0.003395
2026-09-08 10:00:57.537 Python[42699:12158833] Operation: ios18.sigmoid, Device Usage: <MLGPUComputeDevice: 0x12d6c2a00> Apple M5, Estimated Cost: 0.000495
2026-09-08 10:00:57.538 Python[42699:12158833] Operation: ios18.mul, Device Usage: <MLGPUComputeDevice: 0x12d6c2a00> Apple M5, Estimated Cost: 0.000603
2026-09-08 10:00:57.538 Python[42699:12158833] Operation: ios18.conv, Device Usage: <MLGPUComputeDevice: 0x12d6c2a00> Apple M5, Estimated Cost: 0.002368
2026-09-08 10:00:57.538 Python[42699:12158833] Operation: ios18.sigmoid, Device Usage: <MLGPUComputeDevice: 0x12d6c2a00> Apple M5, Estimated Cost: 0.000495
2026-09-08 10:00:57.538 Python[42699:12158833] Operation: ios18.mul, Device Usage: <MLGPUComputeDevice: 0x12d6c2a00> Apple M5, Estimated Cost: 0.000603
2026-09-08 10:00:57.538 Python[42699:12158833] Operation: ios18.concat, Device Usage: <MLGPUComputeDevice: 0x12d6c2a00> Apple M5, Estimated Cost: 0.000904
2026-09-08 10:00:57.538 Python[42699:12158833] Operation: ios16.reduce_mean, Device Usage: <MLGPUComputeDevice: 0x12d6c2a00> Apple M5, Estimated Cost: 0.000506
2026-09-08 10:00:57.538 Python[42699:12158833] Operation: ios18.conv, Device Usage: <MLGPUComputeDevice: 0x12d6c2a00> Apple M5, Estimated Cost: 0.001450
2026-09-08 10:00:57.538 Python[42699:12158833] Operation: ios18.sigmoid_hard, Device Usage: <MLGPUComputeDevice: 0x12d6c2a00> Apple M5, Estimated Cost: 0.000021
2026-09-08 10:00:57.538 Python[42699:12158833] Operation: ios18.mul, Device Usage: <MLGPUComputeDevice: 0x12d6c2a00> Apple M5, Estimated Cost: 0.000615
2026-09-08 10:00:57.538 Python[42699:12158833] Operation: ios18.conv, Device Usage: <MLGPUComputeDevice: 0x12d6c2a00> Apple M5, Estimated Cost: 0.004736
2026-09-08 10:00:57.538 Python[42699:12158833] Operation: ios18.sigmoid, Device Usage: <MLGPUComputeDevice: 0x12d6c2a00> Apple M5, Estimated Cost: 0.000991
2026-09-08 10:00:57.538 Python[42699:12158833] Operation: ios18.mul, Device Usage: <MLGPUComputeDevice: 0x12d6c2a00> Apple M5, Estimated Cost: 0.001205
2026-09-08 10:00:57.538 Python[42699:12158833] Operation: ios18.conv, Device Usage: <MLGPUComputeDevice: 0x12d6c2a00> Apple M5, Estimated Cost: 0.057403
2026-09-08 10:00:57.538 Python[42699:12158833] Operation: ios18.reshape, Device Usage: <MLGPUComputeDevice: 0x12d6c2a00> Apple M5, Estimated Cost: 0.000172
2026-09-08 10:00:57.538 Python[42699:12158833] Operation: ios18.mul, Device Usage: <MLGPUComputeDevice: 0x12d6c2a00> Apple M5, Estimated Cost: 0.000209
2026-09-08 10:00:57.538 Python[42699:12158833] Operation: ios16.reduce_sum, Device Usage: <MLGPUComputeDevice: 0x12d6c2a00> Apple M5, Estimated Cost: 0.000088
2026-09-08 10:00:57.538 Python[42699:12158833] Operation: ios18.sqrt, Device Usage: <MLGPUComputeDevice: 0x12d6c2a00> Apple M5, Estimated Cost: 0.000004
2026-09-08 10:00:57.538 Python[42699:12158833] Operation: ios18.mul, Device Usage: <MLGPUComputeDevice: 0x12d6c2a00> Apple M5, Estimated Cost: 0.000002
2026-09-08 10:00:57.539 Python[42699:12158833] Operation: ios18.clip, Device Usage: <MLGPUComputeDevice: 0x12d6c2a00> Apple M5, Estimated Cost: 0.000004
2026-09-08 10:00:57.539 Python[42699:12158833] Operation: ios18.real_div, Device Usage: <MLGPUComputeDevice: 0x12d6c2a00> Apple M5, Estimated Cost: 0.000173
2026-09-08 10:00:57.539 Python[42699:12158833] Operation: ios18.mul, Device Usage: <MLGPUComputeDevice: 0x12d6c2a00> Apple M5, Estimated Cost: 0.000104
2026-09-08 10:00:57.539 Python[42699:12158833] Operation: ios18.matmul, Device Usage: <MLGPUComputeDevice: 0x12d6c2a00> Apple M5, Estimated Cost: 0.003445
2026-09-08 10:00:57.539 Python[42699:12158833] Operation: ios18.mul, Device Usage: <MLGPUComputeDevice: 0x12d6c2a00> Apple M5, Estimated Cost: 0.000561
2026-09-08 10:00:57.539 Python[42699:12158833] Operation: ios18.mul, Device Usage: <MLGPUComputeDevice: 0x12d6c2a00> Apple M5, Estimated Cost: 0.001113
2026-09-08 10:00:57.539 Python[42699:12158833] Operation: ios16.reduce_sum, Device Usage: <MLGPUComputeDevice: 0x12d6c2a00> Apple M5, Estimated Cost: 0.000459
2026-09-08 10:00:57.539 Python[42699:12158833] Operation: ios18.sqrt, Device Usage: <MLGPUComputeDevice: 0x12d6c2a00> Apple M5, Estimated Cost: 0.000004
2026-09-08 10:00:57.539 Python[42699:12158833] Operation: ios18.mul, Device Usage: <MLGPUComputeDevice: 0x12d6c2a00> Apple M5, Estimated Cost: 0.000002
2026-09-08 10:00:57.539 Python[42699:12158833] Operation: ios18.clip, Device Usage: <MLGPUComputeDevice: 0x12d6c2a00> Apple M5, Estimated Cost: 0.000004
2026-09-08 10:00:57.539 Python[42699:12158833] Operation: ios18.real_div, Device Usage: <MLGPUComputeDevice: 0x12d6c2a00> Apple M5, Estimated Cost: 0.000917
2026-09-08 10:00:57.539 Python[42699:12158833] Operation: ios18.mul, Device Usage: <MLGPUComputeDevice: 0x12d6c2a00> Apple M5, Estimated Cost: 0.000557
2026-09-08 10:00:57.539 Python[42699:12158833] Operation: ios18.matmul, Device Usage: <MLGPUComputeDevice: 0x12d6c2a00> Apple M5, Estimated Cost: 0.015606
2026-09-08 10:00:57.539 Python[42699:12158833] Operation: ios18.sigmoid, Device Usage: <MLGPUComputeDevice: 0x12d6c2a00> Apple M5, Estimated Cost: 0.004117
2026-09-08 10:00:57.539 Python[42699:12158833] Operation: ios18.mul, Device Usage: <MLGPUComputeDevice: 0x12d6c2a00> Apple M5, Estimated Cost: 0.005010
2026-09-08 10:00:57.539 Python[42699:12158833] Operation: split, Device Usage: <MLGPUComputeDevice: 0x12d6c2a00> Apple M5, Estimated Cost: 0.002974
2026-09-08 10:00:57.539 Python[42699:12158833] Operation: ios18.expand_dims, Device Usage: <MLGPUComputeDevice: 0x12d6c2a00> Apple M5, Estimated Cost: 0.000457
2026-09-08 10:00:57.540 Python[42699:12158833] Operation: ios18.mul, Device Usage: <MLGPUComputeDevice: 0x12d6c2a00> Apple M5, Estimated Cost: 0.000283
2026-09-08 10:00:57.540 Python[42699:12158833] Operation: ios18.add, Device Usage: <MLGPUComputeDevice: 0x12d6c2a00> Apple M5, Estimated Cost: 0.000614
2026-09-08 10:00:57.540 Python[42699:12158833] Operation: split, Device Usage: <MLGPUComputeDevice: 0x12d6c2a00> Apple M5, Estimated Cost: 0.000686
2026-09-08 10:00:57.540 Python[42699:12158833] Operation: ios18.squeeze, Device Usage: <MLGPUComputeDevice: 0x12d6c2a00> Apple M5, Estimated Cost: 0.000457
2026-09-08 10:00:57.540 Python[42699:12158833] Operation: ios18.transpose, Device Usage: <MLGPUComputeDevice: 0x12d6c2a00> Apple M5, Estimated Cost: 0.000152
2026-09-08 10:00:57.540 Python[42699:12158833] Operation: ios18.squeeze, Device Usage: <MLGPUComputeDevice: 0x12d6c2a00> Apple M5, Estimated Cost: 0.000457
2026-09-08 10:00:57.540 Python[42699:12158833] Operation: ios18.matmul, Device Usage: <MLGPUComputeDevice: 0x12d6c2a00> Apple M5, Estimated Cost: 0.004773
2026-09-08 10:00:57.540 Python[42699:12158833] Operation: ios18.real_div, Device Usage: <MLGPUComputeDevice: 0x12d6c2a00> Apple M5, Estimated Cost: 0.000475
2026-09-08 10:00:57.540 Python[42699:12158833] Operation: ios18.relu, Device Usage: <MLGPUComputeDevice: 0x12d6c2a00> Apple M5, Estimated Cost: 0.000174
2026-09-08 10:00:57.540 Python[42699:12158833] Operation: ios18.mul, Device Usage: <MLGPUComputeDevice: 0x12d6c2a00> Apple M5, Estimated Cost: 0.000578
2026-09-08 10:00:57.540 Python[42699:12158833] Operation: ios18.matmul, Device Usage: <MLGPUComputeDevice: 0x12d6c2a00> Apple M5, Estimated Cost: 0.007649
2026-09-08 10:00:57.540 Python[42699:12158833] Operation: ios18.mul, Device Usage: <MLGPUComputeDevice: 0x12d6c2a00> Apple M5, Estimated Cost: 0.002227
2026-09-08 10:00:57.540 Python[42699:12158833] Operation: ios18.matmul, Device Usage: <MLGPUComputeDevice: 0x12d6c2a00> Apple M5, Estimated Cost: 0.014723
2026-09-08 10:00:57.540 Python[42699:12158833] Operation: ios18.add, Device Usage: <MLGPUComputeDevice: 0x12d6c2a00> Apple M5, Estimated Cost: 0.001218
2026-09-08 10:00:57.540 Python[42699:12158833] Operation: ios18.matmul, Device Usage: <MLGPUComputeDevice: 0x12d6c2a00> Apple M5, Estimated Cost: 0.014723
2026-09-08 10:00:57.540 Python[42699:12158833] Operation: ios18.matmul, Device Usage: <MLGPUComputeDevice: 0x12d6c2a00> Apple M5, Estimated Cost: 0.011042
2026-09-08 10:00:58.435 Python[42699:12158867] profile function : main
2026-09-08 10:00:58.437 Python[42699:12158867] Operation: ios18.conv, Device Usage: <MLGPUComputeDevice: 0x12d6c2a00> Apple M5, Estimated Cost: 0.003013
2026-09-08 10:00:58.437 Python[42699:12158867] Operation: ios18.sigmoid, Device Usage: <MLGPUComputeDevice: 0x12d6c2a00> Apple M5, Estimated Cost: 0.008943
2026-09-08 10:00:58.437 Python[42699:12158867] Operation: ios18.mul, Device Usage: <MLGPUComputeDevice: 0x12d6c2a00> Apple M5, Estimated Cost: 0.010883
2026-09-08 10:00:58.437 Python[42699:12158867] Operation: ios18.conv, Device Usage: <MLGPUComputeDevice: 0x12d6c2a00> Apple M5, Estimated Cost: 0.017215
2026-09-08 10:00:58.437 Python[42699:12158867] Operation: ios18.sigmoid, Device Usage: <MLGPUComputeDevice: 0x12d6c2a00> Apple M5, Estimated Cost: 0.008943
2026-09-08 10:00:58.437 Python[42699:12158867] Operation: ios18.mul, Device Usage: <MLGPUComputeDevice: 0x12d6c2a00> Apple M5, Estimated Cost: 0.010883
2026-09-08 10:00:58.438 Python[42699:12158867] Operation: ios18.conv, Device Usage: <MLGPUComputeDevice: 0x12d6c2a00> Apple M5, Estimated Cost: 0.034430
2026-09-08 10:00:58.438 Python[42699:12158867] Operation: ios18.sigmoid, Device Usage: <MLGPUComputeDevice: 0x12d6c2a00> Apple M5, Estimated Cost: 0.017886
2026-09-08 10:00:58.438 Python[42699:12158867] Operation: ios18.mul, Device Usage: <MLGPUComputeDevice: 0x12d6c2a00> Apple M5, Estimated Cost: 0.021765
2026-09-08 10:00:58.438 Python[42699:12158867] Operation: ios18.conv, Device Usage: <MLGPUComputeDevice: 0x12d6c2a00> Apple M5, Estimated Cost: 0.034391
2026-09-08 10:00:58.438 Python[42699:12158867] Operation: ios18.sigmoid, Device Usage: <MLGPUComputeDevice: 0x12d6c2a00> Apple M5, Estimated Cost: 0.008943
2026-09-08 10:00:58.438 Python[42699:12158867] Operation: ios18.mul, Device Usage: <MLGPUComputeDevice: 0x12d6c2a00> Apple M5, Estimated Cost: 0.010883
2026-09-08 10:00:58.438 Python[42699:12158867] Operation: ios18.conv, Device Usage: <MLGPUComputeDevice: 0x12d6c2a00> Apple M5, Estimated Cost: 0.002684
2026-09-08 10:00:58.438 Python[42699:12158867] Operation: ios18.sigmoid, Device Usage: <MLGPUComputeDevice: 0x12d6c2a00> Apple M5, Estimated Cost: 0.004471
2026-09-08 10:00:58.438 Python[42699:12158867] Operation: ios18.mul, Device Usage: <MLGPUComputeDevice: 0x12d6c2a00> Apple M5, Estimated Cost: 0.005441
2026-09-08 10:00:58.438 Python[42699:12158867] Operation: ios18.conv, Device Usage: <MLGPUComputeDevice: 0x12d6c2a00> Apple M5, Estimated Cost: 0.017195
2026-09-08 10:00:58.439 Python[42699:12158867] Operation: ios18.sigmoid, Device Usage: <MLGPUComputeDevice: 0x12d6c2a00> Apple M5, Estimated Cost: 0.004471
2026-09-08 10:00:58.439 Python[42699:12158867] Operation: ios18.mul, Device Usage: <MLGPUComputeDevice: 0x12d6c2a00> Apple M5, Estimated Cost: 0.005441
2026-09-08 10:00:58.439 Python[42699:12158867] Operation: ios18.conv, Device Usage: <MLGPUComputeDevice: 0x12d6c2a00> Apple M5, Estimated Cost: 0.002032
2026-09-08 10:00:58.439 Python[42699:12158867] Operation: ios18.sigmoid, Device Usage: <MLGPUComputeDevice: 0x12d6c2a00> Apple M5, Estimated Cost: 0.004471
2026-09-08 10:00:58.439 Python[42699:12158867] Operation: ios18.mul, Device Usage: <MLGPUComputeDevice: 0x12d6c2a00> Apple M5, Estimated Cost: 0.005441
2026-09-08 10:00:58.439 Python[42699:12158867] Operation: ios18.conv, Device Usage: <MLGPUComputeDevice: 0x12d6c2a00> Apple M5, Estimated Cost: 0.001349
2026-09-08 10:00:58.439 Python[42699:12158867] Operation: ios18.sigmoid, Device Usage: <MLGPUComputeDevice: 0x12d6c2a00> Apple M5, Estimated Cost: 0.004471
2026-09-08 10:00:58.439 Python[42699:12158867] Operation: ios18.mul, Device Usage: <MLGPUComputeDevice: 0x12d6c2a00> Apple M5, Estimated Cost: 0.005441
2026-09-08 10:00:58.439 Python[42699:12158867] Operation: ios18.add, Device Usage: <MLGPUComputeDevice: 0x12d6c2a00> Apple M5, Estimated Cost: 0.005954
2026-09-08 10:00:58.439 Python[42699:12158867] Operation: ios18.conv, Device Usage: <MLGPUComputeDevice: 0x12d6c2a00> Apple M5, Estimated Cost: 0.017195
2026-09-08 10:00:58.439 Python[42699:12158867] Operation: ios18.sigmoid, Device Usage: <MLGPUComputeDevice: 0x12d6c2a00> Apple M5, Estimated Cost: 0.004471
2026-09-08 10:00:58.439 Python[42699:12158867] Operation: ios18.mul, Device Usage: <MLGPUComputeDevice: 0x12d6c2a00> Apple M5, Estimated Cost: 0.005441
2026-09-08 10:00:58.439 Python[42699:12158867] Operation: ios18.conv, Device Usage: <MLGPUComputeDevice: 0x12d6c2a00> Apple M5, Estimated Cost: 0.002032
2026-09-08 10:00:58.439 Python[42699:12158867] Operation: ios18.sigmoid, Device Usage: <MLGPUComputeDevice: 0x12d6c2a00> Apple M5, Estimated Cost: 0.004471
2026-09-08 10:00:58.440 Python[42699:12158867] Operation: ios18.mul, Device Usage: <MLGPUComputeDevice: 0x12d6c2a00> Apple M5, Estimated Cost: 0.005441
2026-09-08 10:00:58.440 Python[42699:12158867] Operation: ios18.conv, Device Usage: <MLGPUComputeDevice: 0x12d6c2a00> Apple M5, Estimated Cost: 0.001349
2026-09-08 10:00:58.440 Python[42699:12158867] Operation: ios18.sigmoid, Device Usage: <MLGPUComputeDevice: 0x12d6c2a00> Apple M5, Estimated Cost: 0.004471
2026-09-08 10:00:58.440 Python[42699:12158867] Operation: ios18.mul, Device Usage: <MLGPUComputeDevice: 0x12d6c2a00> Apple M5, Estimated Cost: 0.005441
2026-09-08 10:00:58.440 Python[42699:12158867] Operation: ios18.add, Device Usage: <MLGPUComputeDevice: 0x12d6c2a00> Apple M5, Estimated Cost: 0.005954
2026-09-08 10:00:58.440 Python[42699:12158867] Operation: ios18.conv, Device Usage: <MLGPUComputeDevice: 0x12d6c2a00> Apple M5, Estimated Cost: 0.002684
2026-09-08 10:00:58.440 Python[42699:12158867] Operation: ios18.sigmoid, Device Usage: <MLGPUComputeDevice: 0x12d6c2a00> Apple M5, Estimated Cost: 0.004471
2026-09-08 10:00:58.440 Python[42699:12158867] Operation: ios18.mul, Device Usage: <MLGPUComputeDevice: 0x12d6c2a00> Apple M5, Estimated Cost: 0.005441
2026-09-08 10:00:58.440 Python[42699:12158867] Operation: ios18.concat, Device Usage: <MLGPUComputeDevice: 0x12d6c2a00> Apple M5, Estimated Cost: 0.008162
2026-09-08 10:00:58.440 Python[42699:12158867] Operation: ios16.reduce_mean, Device Usage: <MLGPUComputeDevice: 0x12d6c2a00> Apple M5, Estimated Cost: 0.004473
2026-09-08 10:00:58.440 Python[42699:12158867] Operation: ios18.conv, Device Usage: <MLGPUComputeDevice: 0x12d6c2a00> Apple M5, Estimated Cost: 0.000026
2026-09-08 10:00:58.440 Python[42699:12158867] Operation: ios18.sigmoid_hard, Device Usage: <MLGPUComputeDevice: 0x12d6c2a00> Apple M5, Estimated Cost: 0.000003
2026-09-08 10:00:58.440 Python[42699:12158867] Operation: ios18.mul, Device Usage: <MLGPUComputeDevice: 0x12d6c2a00> Apple M5, Estimated Cost: 0.005443
2026-09-08 10:00:58.440 Python[42699:12158867] Operation: ios18.conv, Device Usage: <MLGPUComputeDevice: 0x12d6c2a00> Apple M5, Estimated Cost: 0.002770
2026-09-08 10:00:58.440 Python[42699:12158867] Operation: ios18.sigmoid, Device Usage: <MLGPUComputeDevice: 0x12d6c2a00> Apple M5, Estimated Cost: 0.008943
2026-09-08 10:00:58.440 Python[42699:12158867] Operation: ios18.mul, Device Usage: <MLGPUComputeDevice: 0x12d6c2a00> Apple M5, Estimated Cost: 0.010883
2026-09-08 10:00:58.440 Python[42699:12158867] Operation: ios18.conv, Device Usage: <MLGPUComputeDevice: 0x12d6c2a00> Apple M5, Estimated Cost: 0.034371
2026-09-08 10:00:58.441 Python[42699:12158867] Operation: ios18.sigmoid, Device Usage: <MLGPUComputeDevice: 0x12d6c2a00> Apple M5, Estimated Cost: 0.004471
2026-09-08 10:00:58.441 Python[42699:12158867] Operation: ios18.mul, Device Usage: <MLGPUComputeDevice: 0x12d6c2a00> Apple M5, Estimated Cost: 0.005441
2026-09-08 10:00:58.441 Python[42699:12158867] Operation: ios18.conv, Device Usage: <MLGPUComputeDevice: 0x12d6c2a00> Apple M5, Estimated Cost: 0.002677
2026-09-08 10:00:58.441 Python[42699:12158867] Operation: ios18.sigmoid, Device Usage: <MLGPUComputeDevice: 0x12d6c2a00> Apple M5, Estimated Cost: 0.002236
2026-09-08 10:00:58.441 Python[42699:12158867] Operation: ios18.mul, Device Usage: <MLGPUComputeDevice: 0x12d6c2a00> Apple M5, Estimated Cost: 0.002721
2026-09-08 10:00:58.441 Python[42699:12158867] Operation: ios18.conv, Device Usage: <MLGPUComputeDevice: 0x12d6c2a00> Apple M5, Estimated Cost: 0.007699
2026-09-08 10:00:58.441 Python[42699:12158867] Operation: ios18.sigmoid, Device Usage: <MLGPUComputeDevice: 0x12d6c2a00> Apple M5, Estimated Cost: 0.002236
2026-09-08 10:00:58.441 Python[42699:12158867] Operation: ios18.mul, Device Usage: <MLGPUComputeDevice: 0x12d6c2a00> Apple M5, Estimated Cost: 0.002721
2026-09-08 10:00:58.441 Python[42699:12158867] Operation: ios18.conv, Device Usage: <MLGPUComputeDevice: 0x12d6c2a00> Apple M5, Estimated Cost: 0.001016
2026-09-08 10:00:58.441 Python[42699:12158867] Operation: ios18.sigmoid, Device Usage: <MLGPUComputeDevice: 0x12d6c2a00> Apple M5, Estimated Cost: 0.002236
2026-09-08 10:00:58.441 Python[42699:12158867] Operation: ios18.mul, Device Usage: <MLGPUComputeDevice: 0x12d6c2a00> Apple M5, Estimated Cost: 0.002721
2026-09-08 10:00:58.441 Python[42699:12158867] Operation: ios18.conv, Device Usage: <MLGPUComputeDevice: 0x12d6c2a00> Apple M5, Estimated Cost: 0.001342
2026-09-08 10:00:58.441 Python[42699:12158867] Operation: ios18.sigmoid, Device Usage: <MLGPUComputeDevice: 0x12d6c2a00> Apple M5, Estimated Cost: 0.002236
2026-09-08 10:00:58.441 Python[42699:12158867] Operation: ios18.mul, Device Usage: <MLGPUComputeDevice: 0x12d6c2a00> Apple M5, Estimated Cost: 0.002721
2026-09-08 10:00:58.441 Python[42699:12158867] Operation: ios18.add, Device Usage: <MLGPUComputeDevice: 0x12d6c2a00> Apple M5, Estimated Cost: 0.002977
2026-09-08 10:00:58.441 Python[42699:12158867] Operation: ios18.conv, Device Usage: <MLGPUComputeDevice: 0x12d6c2a00> Apple M5, Estimated Cost: 0.007699
2026-09-08 10:00:58.441 Python[42699:12158867] Operation: ios18.sigmoid, Device Usage: <MLGPUComputeDevice: 0x12d6c2a00> Apple M5, Estimated Cost: 0.002236
2026-09-08 10:00:58.441 Python[42699:12158867] Operation: ios18.mul, Device Usage: <MLGPUComputeDevice: 0x12d6c2a00> Apple M5, Estimated Cost: 0.002721
2026-09-08 10:00:58.442 Python[42699:12158867] Operation: ios18.conv, Device Usage: <MLGPUComputeDevice: 0x12d6c2a00> Apple M5, Estimated Cost: 0.001016
2026-09-08 10:00:58.442 Python[42699:12158867] Operation: ios18.sigmoid, Device Usage: <MLGPUComputeDevice: 0x12d6c2a00> Apple M5, Estimated Cost: 0.002236
2026-09-08 10:00:58.442 Python[42699:12158867] Operation: ios18.mul, Device Usage: <MLGPUComputeDevice: 0x12d6c2a00> Apple M5, Estimated Cost: 0.002721
2026-09-08 10:00:58.442 Python[42699:12158867] Operation: ios18.conv, Device Usage: <MLGPUComputeDevice: 0x12d6c2a00> Apple M5, Estimated Cost: 0.001342
2026-09-08 10:00:58.442 Python[42699:12158867] Operation: ios18.sigmoid, Device Usage: <MLGPUComputeDevice: 0x12d6c2a00> Apple M5, Estimated Cost: 0.002236
2026-09-08 10:00:58.442 Python[42699:12158867] Operation: ios18.mul, Device Usage: <MLGPUComputeDevice: 0x12d6c2a00> Apple M5, Estimated Cost: 0.002721
2026-09-08 10:00:58.442 Python[42699:12158867] Operation: ios18.add, Device Usage: <MLGPUComputeDevice: 0x12d6c2a00> Apple M5, Estimated Cost: 0.002977
2026-09-08 10:00:58.442 Python[42699:12158867] Operation: ios18.conv, Device Usage: <MLGPUComputeDevice: 0x12d6c2a00> Apple M5, Estimated Cost: 0.007699
2026-09-08 10:00:58.442 Python[42699:12158867] Operation: ios18.sigmoid, Device Usage: <MLGPUComputeDevice: 0x12d6c2a00> Apple M5, Estimated Cost: 0.002236
2026-09-08 10:00:58.442 Python[42699:12158867] Operation: ios18.mul, Device Usage: <MLGPUComputeDevice: 0x12d6c2a00> Apple M5, Estimated Cost: 0.002721
2026-09-08 10:00:58.442 Python[42699:12158867] Operation: ios18.conv, Device Usage: <MLGPUComputeDevice: 0x12d6c2a00> Apple M5, Estimated Cost: 0.001016
2026-09-08 10:00:58.442 Python[42699:12158867] Operation: ios18.sigmoid, Device Usage: <MLGPUComputeDevice: 0x12d6c2a00> Apple M5, Estimated Cost: 0.002236
2026-09-08 10:00:58.442 Python[42699:12158867] Operation: ios18.mul, Device Usage: <MLGPUComputeDevice: 0x12d6c2a00> Apple M5, Estimated Cost: 0.002721
2026-09-08 10:00:58.442 Python[42699:12158867] Operation: ios18.conv, Device Usage: <MLGPUComputeDevice: 0x12d6c2a00> Apple M5, Estimated Cost: 0.001342
2026-09-08 10:00:58.442 Python[42699:12158867] Operation: ios18.sigmoid, Device Usage: <MLGPUComputeDevice: 0x12d6c2a00> Apple M5, Estimated Cost: 0.002236
2026-09-08 10:00:58.442 Python[42699:12158867] Operation: ios18.mul, Device Usage: <MLGPUComputeDevice: 0x12d6c2a00> Apple M5, Estimated Cost: 0.002721
2026-09-08 10:00:58.442 Python[42699:12158867] Operation: ios18.add, Device Usage: <MLGPUComputeDevice: 0x12d6c2a00> Apple M5, Estimated Cost: 0.002977
2026-09-08 10:00:58.442 Python[42699:12158867] Operation: ios18.conv, Device Usage: <MLGPUComputeDevice: 0x12d6c2a00> Apple M5, Estimated Cost: 0.007699
2026-09-08 10:00:58.443 Python[42699:12158867] Operation: ios18.sigmoid, Device Usage: <MLGPUComputeDevice: 0x12d6c2a00> Apple M5, Estimated Cost: 0.002236
2026-09-08 10:00:58.443 Python[42699:12158867] Operation: ios18.mul, Device Usage: <MLGPUComputeDevice: 0x12d6c2a00> Apple M5, Estimated Cost: 0.002721
2026-09-08 10:00:58.443 Python[42699:12158867] Operation: ios18.conv, Device Usage: <MLGPUComputeDevice: 0x12d6c2a00> Apple M5, Estimated Cost: 0.001016
2026-09-08 10:00:58.443 Python[42699:12158867] Operation: ios18.sigmoid, Device Usage: <MLGPUComputeDevice: 0x12d6c2a00> Apple M5, Estimated Cost: 0.002236
2026-09-08 10:00:58.443 Python[42699:12158867] Operation: ios18.mul, Device Usage: <MLGPUComputeDevice: 0x12d6c2a00> Apple M5, Estimated Cost: 0.002721
2026-09-08 10:00:58.443 Python[42699:12158867] Operation: ios18.conv, Device Usage: <MLGPUComputeDevice: 0x12d6c2a00> Apple M5, Estimated Cost: 0.001342
2026-09-08 10:00:58.443 Python[42699:12158867] Operation: ios18.sigmoid, Device Usage: <MLGPUComputeDevice: 0x12d6c2a00> Apple M5, Estimated Cost: 0.002236
2026-09-08 10:00:58.443 Python[42699:12158867] Operation: ios18.mul, Device Usage: <MLGPUComputeDevice: 0x12d6c2a00> Apple M5, Estimated Cost: 0.002721
2026-09-08 10:00:58.443 Python[42699:12158867] Operation: ios18.add, Device Usage: <MLGPUComputeDevice: 0x12d6c2a00> Apple M5, Estimated Cost: 0.002977
2026-09-08 10:00:58.443 Python[42699:12158867] Operation: ios18.conv, Device Usage: <MLGPUComputeDevice: 0x12d6c2a00> Apple M5, Estimated Cost: 0.002677
2026-09-08 10:00:58.443 Python[42699:12158867] Operation: ios18.sigmoid, Device Usage: <MLGPUComputeDevice: 0x12d6c2a00> Apple M5, Estimated Cost: 0.002236
2026-09-08 10:00:58.443 Python[42699:12158867] Operation: ios18.mul, Device Usage: <MLGPUComputeDevice: 0x12d6c2a00> Apple M5, Estimated Cost: 0.002721
2026-09-08 10:00:58.443 Python[42699:12158867] Operation: ios18.concat, Device Usage: <MLGPUComputeDevice: 0x12d6c2a00> Apple M5, Estimated Cost: 0.004081
2026-09-08 10:00:58.443 Python[42699:12158867] Operation: ios16.reduce_mean, Device Usage: <MLGPUComputeDevice: 0x12d6c2a00> Apple M5, Estimated Cost: 0.002239
2026-09-08 10:00:58.443 Python[42699:12158867] Operation: ios18.conv, Device Usage: <MLGPUComputeDevice: 0x12d6c2a00> Apple M5, Estimated Cost: 0.000102
2026-09-08 10:00:58.443 Python[42699:12158867] Operation: ios18.sigmoid_hard, Device Usage: <MLGPUComputeDevice: 0x12d6c2a00> Apple M5, Estimated Cost: 0.000006
2026-09-08 10:00:58.443 Python[42699:12158867] Operation: ios18.mul, Device Usage: <MLGPUComputeDevice: 0x12d6c2a00> Apple M5, Estimated Cost: 0.002724
2026-09-08 10:00:58.447 Python[42699:12158867] Operation: ios18.conv, Device Usage: <MLGPUComputeDevice: 0x12d6c2a00> Apple M5, Estimated Cost: 0.002762
2026-09-08 10:00:58.447 Python[42699:12158867] Operation: ios18.sigmoid, Device Usage: <MLGPUComputeDevice: 0x12d6c2a00> Apple M5, Estimated Cost: 0.004471
2026-09-08 10:00:58.447 Python[42699:12158867] Operation: ios18.mul, Device Usage: <MLGPUComputeDevice: 0x12d6c2a00> Apple M5, Estimated Cost: 0.005441
2026-09-08 10:00:58.447 Python[42699:12158867] Operation: ios18.conv, Device Usage: <MLGPUComputeDevice: 0x12d6c2a00> Apple M5, Estimated Cost: 0.034361
2026-09-08 10:00:58.448 Python[42699:12158867] Operation: ios18.sigmoid, Device Usage: <MLGPUComputeDevice: 0x12d6c2a00> Apple M5, Estimated Cost: 0.002236
2026-09-08 10:00:58.448 Python[42699:12158867] Operation: ios18.mul, Device Usage: <MLGPUComputeDevice: 0x12d6c2a00> Apple M5, Estimated Cost: 0.002721
2026-09-08 10:00:58.448 Python[42699:12158867] Operation: ios18.conv, Device Usage: <MLGPUComputeDevice: 0x12d6c2a00> Apple M5, Estimated Cost: 0.002674
2026-09-08 10:00:58.448 Python[42699:12158867] Operation: ios18.sigmoid, Device Usage: <MLGPUComputeDevice: 0x12d6c2a00> Apple M5, Estimated Cost: 0.001118
2026-09-08 10:00:58.448 Python[42699:12158867] Operation: ios18.mul, Device Usage: <MLGPUComputeDevice: 0x12d6c2a00> Apple M5, Estimated Cost: 0.001360
2026-09-08 10:00:58.448 Python[42699:12158867] Operation: ios18.conv, Device Usage: <MLGPUComputeDevice: 0x12d6c2a00> Apple M5, Estimated Cost: 0.017180
2026-09-08 10:00:58.448 Python[42699:12158867] Operation: ios18.sigmoid, Device Usage: <MLGPUComputeDevice: 0x12d6c2a00> Apple M5, Estimated Cost: 0.001118
2026-09-08 10:00:58.448 Python[42699:12158867] Operation: ios18.mul, Device Usage: <MLGPUComputeDevice: 0x12d6c2a00> Apple M5, Estimated Cost: 0.001360
2026-09-08 10:00:58.448 Python[42699:12158867] Operation: ios18.conv, Device Usage: <MLGPUComputeDevice: 0x12d6c2a00> Apple M5, Estimated Cost: 0.002606
2026-09-08 10:00:58.448 Python[42699:12158867] Operation: ios18.sigmoid, Device Usage: <MLGPUComputeDevice: 0x12d6c2a00> Apple M5, Estimated Cost: 0.001118
2026-09-08 10:00:58.448 Python[42699:12158867] Operation: ios18.mul, Device Usage: <MLGPUComputeDevice: 0x12d6c2a00> Apple M5, Estimated Cost: 0.001360
2026-09-08 10:00:58.448 Python[42699:12158867] Operation: ios18.conv, Device Usage: <MLGPUComputeDevice: 0x12d6c2a00> Apple M5, Estimated Cost: 0.001339
2026-09-08 10:00:58.448 Python[42699:12158867] Operation: ios18.sigmoid, Device Usage: <MLGPUComputeDevice: 0x12d6c2a00> Apple M5, Estimated Cost: 0.001118
2026-09-08 10:00:58.448 Python[42699:12158867] Operation: ios18.mul, Device Usage: <MLGPUComputeDevice: 0x12d6c2a00> Apple M5, Estimated Cost: 0.001360
2026-09-08 10:00:58.448 Python[42699:12158867] Operation: ios18.add, Device Usage: <MLGPUComputeDevice: 0x12d6c2a00> Apple M5, Estimated Cost: 0.001488
2026-09-08 10:00:58.448 Python[42699:12158867] Operation: ios18.conv, Device Usage: <MLGPUComputeDevice: 0x12d6c2a00> Apple M5, Estimated Cost: 0.017180
2026-09-08 10:00:58.448 Python[42699:12158867] Operation: ios18.sigmoid, Device Usage: <MLGPUComputeDevice: 0x12d6c2a00> Apple M5, Estimated Cost: 0.001118
2026-09-08 10:00:58.449 Python[42699:12158867] Operation: ios18.mul, Device Usage: <MLGPUComputeDevice: 0x12d6c2a00> Apple M5, Estimated Cost: 0.001360
2026-09-08 10:00:58.449 Python[42699:12158867] Operation: ios18.conv, Device Usage: <MLGPUComputeDevice: 0x12d6c2a00> Apple M5, Estimated Cost: 0.002606
2026-09-08 10:00:58.449 Python[42699:12158867] Operation: ios18.sigmoid, Device Usage: <MLGPUComputeDevice: 0x12d6c2a00> Apple M5, Estimated Cost: 0.001118
2026-09-08 10:00:58.449 Python[42699:12158867] Operation: ios18.mul, Device Usage: <MLGPUComputeDevice: 0x12d6c2a00> Apple M5, Estimated Cost: 0.001360
2026-09-08 10:00:58.449 Python[42699:12158867] Operation: ios18.conv, Device Usage: <MLGPUComputeDevice: 0x12d6c2a00> Apple M5, Estimated Cost: 0.001339
2026-09-08 10:00:58.449 Python[42699:12158867] Operation: ios18.sigmoid, Device Usage: <MLGPUComputeDevice: 0x12d6c2a00> Apple M5, Estimated Cost: 0.001118
2026-09-08 10:00:58.449 Python[42699:12158867] Operation: ios18.mul, Device Usage: <MLGPUComputeDevice: 0x12d6c2a00> Apple M5, Estimated Cost: 0.001360
2026-09-08 10:00:58.449 Python[42699:12158867] Operation: ios18.add, Device Usage: <MLGPUComputeDevice: 0x12d6c2a00> Apple M5, Estimated Cost: 0.001488
2026-09-08 10:00:58.449 Python[42699:12158867] Operation: ios18.conv, Device Usage: <MLGPUComputeDevice: 0x12d6c2a00> Apple M5, Estimated Cost: 0.017180
2026-09-08 10:00:58.449 Python[42699:12158867] Operation: ios18.sigmoid, Device Usage: <MLGPUComputeDevice: 0x12d6c2a00> Apple M5, Estimated Cost: 0.001118
2026-09-08 10:00:58.449 Python[42699:12158867] Operation: ios18.mul, Device Usage: <MLGPUComputeDevice: 0x12d6c2a00> Apple M5, Estimated Cost: 0.001360
2026-09-08 10:00:58.449 Python[42699:12158867] Operation: ios18.conv, Device Usage: <MLGPUComputeDevice: 0x12d6c2a00> Apple M5, Estimated Cost: 0.002606
2026-09-08 10:00:58.449 Python[42699:12158867] Operation: ios18.sigmoid, Device Usage: <MLGPUComputeDevice: 0x12d6c2a00> Apple M5, Estimated Cost: 0.001118
2026-09-08 10:00:58.449 Python[42699:12158867] Operation: ios18.mul, Device Usage: <MLGPUComputeDevice: 0x12d6c2a00> Apple M5, Estimated Cost: 0.001360
2026-09-08 10:00:58.449 Python[42699:12158867] Operation: ios18.conv, Device Usage: <MLGPUComputeDevice: 0x12d6c2a00> Apple M5, Estimated Cost: 0.001339
2026-09-08 10:00:58.449 Python[42699:12158867] Operation: ios18.sigmoid, Device Usage: <MLGPUComputeDevice: 0x12d6c2a00> Apple M5, Estimated Cost: 0.001118
2026-09-08 10:00:58.449 Python[42699:12158867] Operation: ios18.mul, Device Usage: <MLGPUComputeDevice: 0x12d6c2a00> Apple M5, Estimated Cost: 0.001360
2026-09-08 10:00:58.449 Python[42699:12158867] Operation: ios18.add, Device Usage: <MLGPUComputeDevice: 0x12d6c2a00> Apple M5, Estimated Cost: 0.001488
2026-09-08 10:00:58.450 Python[42699:12158867] Operation: ios18.conv, Device Usage: <MLGPUComputeDevice: 0x12d6c2a00> Apple M5, Estimated Cost: 0.017180
2026-09-08 10:00:58.450 Python[42699:12158867] Operation: ios18.sigmoid, Device Usage: <MLGPUComputeDevice: 0x12d6c2a00> Apple M5, Estimated Cost: 0.001118
2026-09-08 10:00:58.450 Python[42699:12158867] Operation: ios18.mul, Device Usage: <MLGPUComputeDevice: 0x12d6c2a00> Apple M5, Estimated Cost: 0.001360
2026-09-08 10:00:58.450 Python[42699:12158867] Operation: ios18.conv, Device Usage: <MLGPUComputeDevice: 0x12d6c2a00> Apple M5, Estimated Cost: 0.002606
2026-09-08 10:00:58.450 Python[42699:12158867] Operation: ios18.sigmoid, Device Usage: <MLGPUComputeDevice: 0x12d6c2a00> Apple M5, Estimated Cost: 0.001118
2026-09-08 10:00:58.450 Python[42699:12158867] Operation: ios18.mul, Device Usage: <MLGPUComputeDevice: 0x12d6c2a00> Apple M5, Estimated Cost: 0.001360
2026-09-08 10:00:58.450 Python[42699:12158867] Operation: ios18.conv, Device Usage: <MLGPUComputeDevice: 0x12d6c2a00> Apple M5, Estimated Cost: 0.001339
2026-09-08 10:00:58.450 Python[42699:12158867] Operation: ios18.sigmoid, Device Usage: <MLGPUComputeDevice: 0x12d6c2a00> Apple M5, Estimated Cost: 0.001118
2026-09-08 10:00:58.450 Python[42699:12158867] Operation: ios18.mul, Device Usage: <MLGPUComputeDevice: 0x12d6c2a00> Apple M5, Estimated Cost: 0.001360
2026-09-08 10:00:58.450 Python[42699:12158867] Operation: ios18.add, Device Usage: <MLGPUComputeDevice: 0x12d6c2a00> Apple M5, Estimated Cost: 0.001488
2026-09-08 10:00:58.450 Python[42699:12158867] Operation: ios18.conv, Device Usage: <MLGPUComputeDevice: 0x12d6c2a00> Apple M5, Estimated Cost: 0.002674
2026-09-08 10:00:58.450 Python[42699:12158867] Operation: ios18.sigmoid, Device Usage: <MLGPUComputeDevice: 0x12d6c2a00> Apple M5, Estimated Cost: 0.001118
2026-09-08 10:00:58.450 Python[42699:12158867] Operation: ios18.mul, Device Usage: <MLGPUComputeDevice: 0x12d6c2a00> Apple M5, Estimated Cost: 0.001360
2026-09-08 10:00:58.450 Python[42699:12158867] Operation: ios18.concat, Device Usage: <MLGPUComputeDevice: 0x12d6c2a00> Apple M5, Estimated Cost: 0.002040
2026-09-08 10:00:58.450 Python[42699:12158867] Operation: ios16.reduce_mean, Device Usage: <MLGPUComputeDevice: 0x12d6c2a00> Apple M5, Estimated Cost: 0.001124
2026-09-08 10:00:58.450 Python[42699:12158867] Operation: ios18.conv, Device Usage: <MLGPUComputeDevice: 0x12d6c2a00> Apple M5, Estimated Cost: 0.000409
2026-09-08 10:00:58.450 Python[42699:12158867] Operation: ios18.sigmoid_hard, Device Usage: <MLGPUComputeDevice: 0x12d6c2a00> Apple M5, Estimated Cost: 0.000012
2026-09-08 10:00:58.451 Python[42699:12158867] Operation: ios18.mul, Device Usage: <MLGPUComputeDevice: 0x12d6c2a00> Apple M5, Estimated Cost: 0.001367
2026-09-08 10:00:58.451 Python[42699:12158867] Operation: ios18.conv, Device Usage: <MLGPUComputeDevice: 0x12d6c2a00> Apple M5, Estimated Cost: 0.002759
2026-09-08 10:00:58.452 Python[42699:12158867] Operation: ios18.sigmoid, Device Usage: <MLGPUComputeDevice: 0x12d6c2a00> Apple M5, Estimated Cost: 0.002236
2026-09-08 10:00:58.452 Python[42699:12158867] Operation: ios18.mul, Device Usage: <MLGPUComputeDevice: 0x12d6c2a00> Apple M5, Estimated Cost: 0.002721
2026-09-08 10:00:58.452 Python[42699:12158867] Operation: ios18.conv, Device Usage: <MLGPUComputeDevice: 0x12d6c2a00> Apple M5, Estimated Cost: 0.034356
2026-09-08 10:00:58.452 Python[42699:12158867] Operation: ios18.sigmoid, Device Usage: <MLGPUComputeDevice: 0x12d6c2a00> Apple M5, Estimated Cost: 0.001118
2026-09-08 10:00:58.452 Python[42699:12158867] Operation: ios18.mul, Device Usage: <MLGPUComputeDevice: 0x12d6c2a00> Apple M5, Estimated Cost: 0.001360
2026-09-08 10:00:58.453 Python[42699:12158867] Operation: ios18.conv, Device Usage: <MLGPUComputeDevice: 0x12d6c2a00> Apple M5, Estimated Cost: 0.002672
2026-09-08 10:00:58.453 Python[42699:12158867] Operation: ios18.sigmoid, Device Usage: <MLGPUComputeDevice: 0x12d6c2a00> Apple M5, Estimated Cost: 0.000559
2026-09-08 10:00:58.453 Python[42699:12158867] Operation: ios18.mul, Device Usage: <MLGPUComputeDevice: 0x12d6c2a00> Apple M5, Estimated Cost: 0.000680
2026-09-08 10:00:58.453 Python[42699:12158867] Operation: ios18.max_pool, Device Usage: <MLGPUComputeDevice: 0x12d6c2a00> Apple M5, Estimated Cost: 0.000560
2026-09-08 10:00:58.453 Python[42699:12158867] Operation: ios18.max_pool, Device Usage: <MLGPUComputeDevice: 0x12d6c2a00> Apple M5, Estimated Cost: 0.000560
2026-09-08 10:00:58.453 Python[42699:12158867] Operation: ios18.max_pool, Device Usage: <MLGPUComputeDevice: 0x12d6c2a00> Apple M5, Estimated Cost: 0.000559
2026-09-08 10:00:58.453 Python[42699:12158867] Operation: ios18.concat, Device Usage: <MLGPUComputeDevice: 0x12d6c2a00> Apple M5, Estimated Cost: 0.002040
2026-09-08 10:00:58.453 Python[42699:12158867] Operation: ios18.conv, Device Usage: <MLGPUComputeDevice: 0x12d6c2a00> Apple M5, Estimated Cost: 0.003498
2026-09-08 10:00:58.453 Python[42699:12158867] Operation: ios18.sigmoid, Device Usage: <MLGPUComputeDevice: 0x12d6c2a00> Apple M5, Estimated Cost: 0.001118
2026-09-08 10:00:58.453 Python[42699:12158867] Operation: ios18.mul, Device Usage: <MLGPUComputeDevice: 0x12d6c2a00> Apple M5, Estimated Cost: 0.001360
2026-09-08 10:00:58.453 Python[42699:12158867] Operation: ios18.conv, Device Usage: <MLGPUComputeDevice: 0x12d6c2a00> Apple M5, Estimated Cost: 0.002672
2026-09-08 10:00:58.453 Python[42699:12158867] Operation: ios18.sigmoid, Device Usage: <MLGPUComputeDevice: 0x12d6c2a00> Apple M5, Estimated Cost: 0.000559
2026-09-08 10:00:58.453 Python[42699:12158867] Operation: ios18.mul, Device Usage: <MLGPUComputeDevice: 0x12d6c2a00> Apple M5, Estimated Cost: 0.000680
2026-09-08 10:00:58.453 Python[42699:12158867] Operation: ios18.conv, Device Usage: <MLGPUComputeDevice: 0x12d6c2a00> Apple M5, Estimated Cost: 0.017178
2026-09-08 10:00:58.453 Python[42699:12158867] Operation: ios18.sigmoid, Device Usage: <MLGPUComputeDevice: 0x12d6c2a00> Apple M5, Estimated Cost: 0.000559
2026-09-08 10:00:58.454 Python[42699:12158867] Operation: ios18.mul, Device Usage: <MLGPUComputeDevice: 0x12d6c2a00> Apple M5, Estimated Cost: 0.000680
2026-09-08 10:00:58.454 Python[42699:12158867] Operation: ios18.conv, Device Usage: <MLGPUComputeDevice: 0x12d6c2a00> Apple M5, Estimated Cost: 0.001303
2026-09-08 10:00:58.454 Python[42699:12158867] Operation: ios18.sigmoid, Device Usage: <MLGPUComputeDevice: 0x12d6c2a00> Apple M5, Estimated Cost: 0.000559
2026-09-08 10:00:58.454 Python[42699:12158867] Operation: ios18.mul, Device Usage: <MLGPUComputeDevice: 0x12d6c2a00> Apple M5, Estimated Cost: 0.000680
2026-09-08 10:00:58.454 Python[42699:12158867] Operation: ios18.conv, Device Usage: <MLGPUComputeDevice: 0x12d6c2a00> Apple M5, Estimated Cost: 0.001337
2026-09-08 10:00:58.454 Python[42699:12158867] Operation: ios18.sigmoid, Device Usage: <MLGPUComputeDevice: 0x12d6c2a00> Apple M5, Estimated Cost: 0.000559
2026-09-08 10:00:58.454 Python[42699:12158867] Operation: ios18.mul, Device Usage: <MLGPUComputeDevice: 0x12d6c2a00> Apple M5, Estimated Cost: 0.000680
2026-09-08 10:00:58.454 Python[42699:12158867] Operation: ios18.conv, Device Usage: <MLGPUComputeDevice: 0x12d6c2a00> Apple M5, Estimated Cost: 0.017178
2026-09-08 10:00:58.454 Python[42699:12158867] Operation: ios18.sigmoid, Device Usage: <MLGPUComputeDevice: 0x12d6c2a00> Apple M5, Estimated Cost: 0.000559
2026-09-08 10:00:58.454 Python[42699:12158867] Operation: ios18.mul, Device Usage: <MLGPUComputeDevice: 0x12d6c2a00> Apple M5, Estimated Cost: 0.000680
2026-09-08 10:00:58.454 Python[42699:12158867] Operation: ios18.conv, Device Usage: <MLGPUComputeDevice: 0x12d6c2a00> Apple M5, Estimated Cost: 0.001303
2026-09-08 10:00:58.454 Python[42699:12158867] Operation: ios18.sigmoid, Device Usage: <MLGPUComputeDevice: 0x12d6c2a00> Apple M5, Estimated Cost: 0.000559
2026-09-08 10:00:58.454 Python[42699:12158867] Operation: ios18.mul, Device Usage: <MLGPUComputeDevice: 0x12d6c2a00> Apple M5, Estimated Cost: 0.000680
2026-09-08 10:00:58.454 Python[42699:12158867] Operation: ios18.conv, Device Usage: <MLGPUComputeDevice: 0x12d6c2a00> Apple M5, Estimated Cost: 0.001337
2026-09-08 10:00:58.454 Python[42699:12158867] Operation: ios18.sigmoid, Device Usage: <MLGPUComputeDevice: 0x12d6c2a00> Apple M5, Estimated Cost: 0.000559
2026-09-08 10:00:58.454 Python[42699:12158867] Operation: ios18.mul, Device Usage: <MLGPUComputeDevice: 0x12d6c2a00> Apple M5, Estimated Cost: 0.000680
2026-09-08 10:00:58.455 Python[42699:12158867] Operation: ios18.conv, Device Usage: <MLGPUComputeDevice: 0x12d6c2a00> Apple M5, Estimated Cost: 0.002672
2026-09-08 10:00:58.455 Python[42699:12158867] Operation: ios18.sigmoid, Device Usage: <MLGPUComputeDevice: 0x12d6c2a00> Apple M5, Estimated Cost: 0.000559
2026-09-08 10:00:58.455 Python[42699:12158867] Operation: ios18.mul, Device Usage: <MLGPUComputeDevice: 0x12d6c2a00> Apple M5, Estimated Cost: 0.000680
2026-09-08 10:00:58.455 Python[42699:12158867] Operation: ios18.concat, Device Usage: <MLGPUComputeDevice: 0x12d6c2a00> Apple M5, Estimated Cost: 0.001020
2026-09-08 10:00:58.455 Python[42699:12158867] Operation: ios16.reduce_mean, Device Usage: <MLGPUComputeDevice: 0x12d6c2a00> Apple M5, Estimated Cost: 0.000571
2026-09-08 10:00:58.455 Python[42699:12158867] Operation: ios18.conv, Device Usage: <MLGPUComputeDevice: 0x12d6c2a00> Apple M5, Estimated Cost: 0.001636
2026-09-08 10:00:58.455 Python[42699:12158867] Operation: ios18.sigmoid_hard, Device Usage: <MLGPUComputeDevice: 0x12d6c2a00> Apple M5, Estimated Cost: 0.000023
2026-09-08 10:00:58.455 Python[42699:12158867] Operation: ios18.mul, Device Usage: <MLGPUComputeDevice: 0x12d6c2a00> Apple M5, Estimated Cost: 0.000694
2026-09-08 10:00:58.455 Python[42699:12158867] Operation: ios18.conv, Device Usage: <MLGPUComputeDevice: 0x12d6c2a00> Apple M5, Estimated Cost: 0.002757
2026-09-08 10:00:58.455 Python[42699:12158867] Operation: ios18.sigmoid, Device Usage: <MLGPUComputeDevice: 0x12d6c2a00> Apple M5, Estimated Cost: 0.001118
2026-09-08 10:00:58.455 Python[42699:12158867] Operation: ios18.mul, Device Usage: <MLGPUComputeDevice: 0x12d6c2a00> Apple M5, Estimated Cost: 0.001360
2026-09-08 10:00:58.455 Python[42699:12158867] Operation: ios18.conv, Device Usage: <MLGPUComputeDevice: 0x12d6c2a00> Apple M5, Estimated Cost: 0.064777
2026-09-08 10:00:58.455 Python[42699:12158867] Operation: ios18.reshape, Device Usage: <MLGPUComputeDevice: 0x12d6c2a00> Apple M5, Estimated Cost: 0.000194
2026-09-08 10:00:58.455 Python[42699:12158867] Operation: ios18.mul, Device Usage: <MLGPUComputeDevice: 0x12d6c2a00> Apple M5, Estimated Cost: 0.000236
2026-09-08 10:00:58.455 Python[42699:12158867] Operation: ios16.reduce_sum, Device Usage: <MLGPUComputeDevice: 0x12d6c2a00> Apple M5, Estimated Cost: 0.000099
2026-09-08 10:00:58.455 Python[42699:12158867] Operation: ios18.sqrt, Device Usage: <MLGPUComputeDevice: 0x12d6c2a00> Apple M5, Estimated Cost: 0.000004
2026-09-08 10:00:58.455 Python[42699:12158867] Operation: ios18.mul, Device Usage: <MLGPUComputeDevice: 0x12d6c2a00> Apple M5, Estimated Cost: 0.000002
2026-09-08 10:00:58.455 Python[42699:12158867] Operation: ios18.clip, Device Usage: <MLGPUComputeDevice: 0x12d6c2a00> Apple M5, Estimated Cost: 0.000004
2026-09-08 10:00:58.456 Python[42699:12158867] Operation: ios18.real_div, Device Usage: <MLGPUComputeDevice: 0x12d6c2a00> Apple M5, Estimated Cost: 0.000196
2026-09-08 10:00:58.456 Python[42699:12158867] Operation: ios18.mul, Device Usage: <MLGPUComputeDevice: 0x12d6c2a00> Apple M5, Estimated Cost: 0.000118
2026-09-08 10:00:58.456 Python[42699:12158867] Operation: ios18.matmul, Device Usage: <MLGPUComputeDevice: 0x12d6c2a00> Apple M5, Estimated Cost: 0.003888
2026-09-08 10:00:58.456 Python[42699:12158867] Operation: ios18.mul, Device Usage: <MLGPUComputeDevice: 0x12d6c2a00> Apple M5, Estimated Cost: 0.000631
2026-09-08 10:00:58.456 Python[42699:12158867] Operation: ios18.mul, Device Usage: <MLGPUComputeDevice: 0x12d6c2a00> Apple M5, Estimated Cost: 0.001256
2026-09-08 10:00:58.456 Python[42699:12158867] Operation: ios16.reduce_sum, Device Usage: <MLGPUComputeDevice: 0x12d6c2a00> Apple M5, Estimated Cost: 0.000518
2026-09-08 10:00:58.456 Python[42699:12158867] Operation: ios18.sqrt, Device Usage: <MLGPUComputeDevice: 0x12d6c2a00> Apple M5, Estimated Cost: 0.000004
2026-09-08 10:00:58.456 Python[42699:12158867] Operation: ios18.mul, Device Usage: <MLGPUComputeDevice: 0x12d6c2a00> Apple M5, Estimated Cost: 0.000002
2026-09-08 10:00:58.456 Python[42699:12158867] Operation: ios18.clip, Device Usage: <MLGPUComputeDevice: 0x12d6c2a00> Apple M5, Estimated Cost: 0.000004
2026-09-08 10:00:58.456 Python[42699:12158867] Operation: ios18.real_div, Device Usage: <MLGPUComputeDevice: 0x12d6c2a00> Apple M5, Estimated Cost: 0.001034
2026-09-08 10:00:58.456 Python[42699:12158867] Operation: ios18.mul, Device Usage: <MLGPUComputeDevice: 0x12d6c2a00> Apple M5, Estimated Cost: 0.000628
2026-09-08 10:00:58.456 Python[42699:12158867] Operation: ios18.matmul, Device Usage: <MLGPUComputeDevice: 0x12d6c2a00> Apple M5, Estimated Cost: 0.015012
2026-09-08 10:00:58.456 Python[42699:12158867] Operation: ios18.sigmoid, Device Usage: <MLGPUComputeDevice: 0x12d6c2a00> Apple M5, Estimated Cost: 0.004646
2026-09-08 10:00:58.456 Python[42699:12158867] Operation: ios18.mul, Device Usage: <MLGPUComputeDevice: 0x12d6c2a00> Apple M5, Estimated Cost: 0.005654
2026-09-08 10:00:58.456 Python[42699:12158867] Operation: split, Device Usage: <MLGPUComputeDevice: 0x12d6c2a00> Apple M5, Estimated Cost: 0.003356
2026-09-08 10:00:58.456 Python[42699:12158867] Operation: ios18.expand_dims, Device Usage: <MLGPUComputeDevice: 0x12d6c2a00> Apple M5, Estimated Cost: 0.000516
2026-09-08 10:00:58.456 Python[42699:12158867] Operation: ios18.mul, Device Usage: <MLGPUComputeDevice: 0x12d6c2a00> Apple M5, Estimated Cost: 0.000316
2026-09-08 10:00:58.456 Python[42699:12158867] Operation: ios18.add, Device Usage: <MLGPUComputeDevice: 0x12d6c2a00> Apple M5, Estimated Cost: 0.000690
2026-09-08 10:00:58.456 Python[42699:12158867] Operation: split, Device Usage: <MLGPUComputeDevice: 0x12d6c2a00> Apple M5, Estimated Cost: 0.000774
2026-09-08 10:00:58.457 Python[42699:12158867] Operation: ios18.squeeze, Device Usage: <MLGPUComputeDevice: 0x12d6c2a00> Apple M5, Estimated Cost: 0.000516
2026-09-08 10:00:58.457 Python[42699:12158867] Operation: ios18.transpose, Device Usage: <MLGPUComputeDevice: 0x12d6c2a00> Apple M5, Estimated Cost: 0.000172
2026-09-08 10:00:58.457 Python[42699:12158867] Operation: ios18.squeeze, Device Usage: <MLGPUComputeDevice: 0x12d6c2a00> Apple M5, Estimated Cost: 0.000516
2026-09-08 10:00:58.457 Python[42699:12158867] Operation: ios18.matmul, Device Usage: <MLGPUComputeDevice: 0x12d6c2a00> Apple M5, Estimated Cost: 0.005386
2026-09-08 10:00:58.457 Python[42699:12158867] Operation: ios18.real_div, Device Usage: <MLGPUComputeDevice: 0x12d6c2a00> Apple M5, Estimated Cost: 0.000536
2026-09-08 10:00:58.457 Python[42699:12158867] Operation: ios18.relu, Device Usage: <MLGPUComputeDevice: 0x12d6c2a00> Apple M5, Estimated Cost: 0.000196
2026-09-08 10:00:58.457 Python[42699:12158867] Operation: ios18.mul, Device Usage: <MLGPUComputeDevice: 0x12d6c2a00> Apple M5, Estimated Cost: 0.000653
2026-09-08 10:00:58.457 Python[42699:12158867] Operation: ios18.matmul, Device Usage: <MLGPUComputeDevice: 0x12d6c2a00> Apple M5, Estimated Cost: 0.008632
2026-09-08 10:00:58.457 Python[42699:12158867] Operation: ios18.mul, Device Usage: <MLGPUComputeDevice: 0x12d6c2a00> Apple M5, Estimated Cost: 0.002513
2026-09-08 10:00:58.457 Python[42699:12158867] Operation: ios18.matmul, Device Usage: <MLGPUComputeDevice: 0x12d6c2a00> Apple M5, Estimated Cost: 0.006672
2026-09-08 10:00:58.457 Python[42699:12158867] Operation: ios18.add, Device Usage: <MLGPUComputeDevice: 0x12d6c2a00> Apple M5, Estimated Cost: 0.001375
2026-09-08 10:00:58.457 Python[42699:12158867] Operation: ios18.matmul, Device Usage: <MLGPUComputeDevice: 0x12d6c2a00> Apple M5, Estimated Cost: 0.006672
2026-09-08 10:00:58.457 Python[42699:12158867] Operation: ios18.matmul, Device Usage: <MLGPUComputeDevice: 0x12d6c2a00> Apple M5, Estimated Cost: 0.005004
{"ort_version": "1.29.0", "original_model_sha256": "94ca58fa2d6c4530b6957ac9548084ebc2fa27ed71e4e01f0b73844306ed01a6", "rows": [{"batch": 1, "requested_options": {"ModelFormat": "MLProgram", "MLComputeUnits": "ALL", "RequireStaticInputShapes": "1", "EnableOnSubgraphs": "0", "ProfileComputePlan": "1"}, "provider_events": {"CoreMLExecutionProvider": 1}, "cpu_ops": [], "zero_inference_ms": 206.413042, "scope": "cold synthetic preflight; not video performance", "outputs_finite": true}, {"batch": 2, "requested_options": {"ModelFormat": "MLProgram", "MLComputeUnits": "ALL", "RequireStaticInputShapes": "1", "EnableOnSubgraphs": "0", "ProfileComputePlan": "1"}, "provider_events": {"CoreMLExecutionProvider": 1}, "cpu_ops": [], "zero_inference_ms": 124.406791, "scope": "cold synthetic preflight; not video performance", "outputs_finite": true}], "accuracy_verified": false, "live_60fps_verified": false}
