Uninstalled 1 package in 10ms
Installed 1 package in 4ms
objc[31924]: Class SDL_RumbleMotor is implemented in both ./.venv/lib/python3.12/site-packages/cv2/.dylibs/libSDL2-2.0.0.dylib (0x118bacd40) and <USER_HOME>/.cache/uv/archive-v0/L1V6hIwainXb1uph8GxVR/lib/python3.12/site-packages/pygame/.dylibs/libSDL2-2.0.0.dylib (0x11b4449c8). This may cause spurious casting failures and mysterious crashes. One of the duplicates must be removed or renamed.
objc[31924]: Class SDL_RumbleContext is implemented in both ./.venv/lib/python3.12/site-packages/cv2/.dylibs/libSDL2-2.0.0.dylib (0x118bacd90) and <USER_HOME>/.cache/uv/archive-v0/L1V6hIwainXb1uph8GxVR/lib/python3.12/site-packages/pygame/.dylibs/libSDL2-2.0.0.dylib (0x11b444a18). This may cause spurious casting failures and mysterious crashes. One of the duplicates must be removed or renamed.
objc[31924]: Class SDLApplication is implemented in both ./.venv/lib/python3.12/site-packages/cv2/.dylibs/libSDL2-2.0.0.dylib (0x118bac890) and <USER_HOME>/.cache/uv/archive-v0/L1V6hIwainXb1uph8GxVR/lib/python3.12/site-packages/pygame/.dylibs/libSDL2-2.0.0.dylib (0x11b444a68). This may cause spurious casting failures and mysterious crashes. One of the duplicates must be removed or renamed.
objc[31924]: Class SDLAppDelegate is implemented in both ./.venv/lib/python3.12/site-packages/cv2/.dylibs/libSDL2-2.0.0.dylib (0x118bac8e0) and <USER_HOME>/.cache/uv/archive-v0/L1V6hIwainXb1uph8GxVR/lib/python3.12/site-packages/pygame/.dylibs/libSDL2-2.0.0.dylib (0x11b444ab8). This may cause spurious casting failures and mysterious crashes. One of the duplicates must be removed or renamed.
objc[31924]: Class SDLTranslatorResponder is implemented in both ./.venv/lib/python3.12/site-packages/cv2/.dylibs/libSDL2-2.0.0.dylib (0x118bac958) and <USER_HOME>/.cache/uv/archive-v0/L1V6hIwainXb1uph8GxVR/lib/python3.12/site-packages/pygame/.dylibs/libSDL2-2.0.0.dylib (0x11b444b30). This may cause spurious casting failures and mysterious crashes. One of the duplicates must be removed or renamed.
objc[31924]: Class SDLMessageBoxPresenter is implemented in both ./.venv/lib/python3.12/site-packages/cv2/.dylibs/libSDL2-2.0.0.dylib (0x118bac980) and <USER_HOME>/.cache/uv/archive-v0/L1V6hIwainXb1uph8GxVR/lib/python3.12/site-packages/pygame/.dylibs/libSDL2-2.0.0.dylib (0x11b444b58). This may cause spurious casting failures and mysterious crashes. One of the duplicates must be removed or renamed.
objc[31924]: Class SDL_cocoametalview is implemented in both ./.venv/lib/python3.12/site-packages/cv2/.dylibs/libSDL2-2.0.0.dylib (0x118bac9d0) and <USER_HOME>/.cache/uv/archive-v0/L1V6hIwainXb1uph8GxVR/lib/python3.12/site-packages/pygame/.dylibs/libSDL2-2.0.0.dylib (0x11b444ba8). This may cause spurious casting failures and mysterious crashes. One of the duplicates must be removed or renamed.
objc[31924]: Class SDLOpenGLContext is implemented in both ./.venv/lib/python3.12/site-packages/cv2/.dylibs/libSDL2-2.0.0.dylib (0x118baca20) and <USER_HOME>/.cache/uv/archive-v0/L1V6hIwainXb1uph8GxVR/lib/python3.12/site-packages/pygame/.dylibs/libSDL2-2.0.0.dylib (0x11b444bf8). This may cause spurious casting failures and mysterious crashes. One of the duplicates must be removed or renamed.
objc[31924]: Class SDL_ShapeData is implemented in both ./.venv/lib/python3.12/site-packages/cv2/.dylibs/libSDL2-2.0.0.dylib (0x118baca98) and <USER_HOME>/.cache/uv/archive-v0/L1V6hIwainXb1uph8GxVR/lib/python3.12/site-packages/pygame/.dylibs/libSDL2-2.0.0.dylib (0x11b444c70). This may cause spurious casting failures and mysterious crashes. One of the duplicates must be removed or renamed.
objc[31924]: Class SDL_CocoaClosure is implemented in both ./.venv/lib/python3.12/site-packages/cv2/.dylibs/libSDL2-2.0.0.dylib (0x118bacae8) and <USER_HOME>/.cache/uv/archive-v0/L1V6hIwainXb1uph8GxVR/lib/python3.12/site-packages/pygame/.dylibs/libSDL2-2.0.0.dylib (0x11b444cc0). This may cause spurious casting failures and mysterious crashes. One of the duplicates must be removed or renamed.
objc[31924]: Class SDL_VideoData is implemented in both ./.venv/lib/python3.12/site-packages/cv2/.dylibs/libSDL2-2.0.0.dylib (0x118bacb38) and <USER_HOME>/.cache/uv/archive-v0/L1V6hIwainXb1uph8GxVR/lib/python3.12/site-packages/pygame/.dylibs/libSDL2-2.0.0.dylib (0x11b444d10). This may cause spurious casting failures and mysterious crashes. One of the duplicates must be removed or renamed.
objc[31924]: Class SDL_WindowData is implemented in both ./.venv/lib/python3.12/site-packages/cv2/.dylibs/libSDL2-2.0.0.dylib (0x118bacb88) and <USER_HOME>/.cache/uv/archive-v0/L1V6hIwainXb1uph8GxVR/lib/python3.12/site-packages/pygame/.dylibs/libSDL2-2.0.0.dylib (0x11b444d60). This may cause spurious casting failures and mysterious crashes. One of the duplicates must be removed or renamed.
objc[31924]: Class SDLWindow is implemented in both ./.venv/lib/python3.12/site-packages/cv2/.dylibs/libSDL2-2.0.0.dylib (0x118bacbb0) and <USER_HOME>/.cache/uv/archive-v0/L1V6hIwainXb1uph8GxVR/lib/python3.12/site-packages/pygame/.dylibs/libSDL2-2.0.0.dylib (0x11b444d88). This may cause spurious casting failures and mysterious crashes. One of the duplicates must be removed or renamed.
objc[31924]: Class Cocoa_WindowListener is implemented in both ./.venv/lib/python3.12/site-packages/cv2/.dylibs/libSDL2-2.0.0.dylib (0x118bacbd8) and <USER_HOME>/.cache/uv/archive-v0/L1V6hIwainXb1uph8GxVR/lib/python3.12/site-packages/pygame/.dylibs/libSDL2-2.0.0.dylib (0x11b444db0). This may cause spurious casting failures and mysterious crashes. One of the duplicates must be removed or renamed.
objc[31924]: Class SDLView is implemented in both ./.venv/lib/python3.12/site-packages/cv2/.dylibs/libSDL2-2.0.0.dylib (0x118bacc50) and <USER_HOME>/.cache/uv/archive-v0/L1V6hIwainXb1uph8GxVR/lib/python3.12/site-packages/pygame/.dylibs/libSDL2-2.0.0.dylib (0x11b444e28). This may cause spurious casting failures and mysterious crashes. One of the duplicates must be removed or renamed.
objc[31924]: Class METAL_RenderData is implemented in both ./.venv/lib/python3.12/site-packages/cv2/.dylibs/libSDL2-2.0.0.dylib (0x118baccc8) and <USER_HOME>/.cache/uv/archive-v0/L1V6hIwainXb1uph8GxVR/lib/python3.12/site-packages/pygame/.dylibs/libSDL2-2.0.0.dylib (0x11b444ea0). This may cause spurious casting failures and mysterious crashes. One of the duplicates must be removed or renamed.
objc[31924]: Class METAL_TextureData is implemented in both ./.venv/lib/python3.12/site-packages/cv2/.dylibs/libSDL2-2.0.0.dylib (0x118bacd18) and <USER_HOME>/.cache/uv/archive-v0/L1V6hIwainXb1uph8GxVR/lib/python3.12/site-packages/pygame/.dylibs/libSDL2-2.0.0.dylib (0x11b444ef0). This may cause spurious casting failures and mysterious crashes. One of the duplicates must be removed or renamed.
pygame-ce 2.5.8 (SDL 2.32.10, Python 3.12.10)
source-pts-ready-cvlut: 300/6442
source-pts-ready-cvlut: 600/6442
source-pts-ready-cvlut: 900/6442
source-pts-ready-cvlut: 1200/6442
source-pts-ready-cvlut: 1500/6442
source-pts-ready-cvlut: 1800/6442
source-pts-ready-cvlut: 2100/6442
source-pts-ready-cvlut: 2400/6442
source-pts-ready-cvlut: 2700/6442
source-pts-ready-cvlut: 3000/6442
source-pts-ready-cvlut: 3300/6442
source-pts-ready-cvlut: 3600/6442
source-pts-ready-cvlut: 3900/6442
source-pts-ready-cvlut: 4200/6442
source-pts-ready-cvlut: 4500/6442
source-pts-ready-cvlut: 4800/6442
source-pts-ready-cvlut: 5100/6442
source-pts-ready-cvlut: 5400/6442
source-pts-ready-cvlut: 5700/6442
source-pts-ready-cvlut: 6000/6442
source-pts-ready-cvlut: 6300/6442
{"status": "completed", "error": null}
